Archive member included to satisfy reference by file (symbol)

c:/st/stm32cubeide_1.9.0/stm32cubeide/plugins/com.st.stm32cube.ide.mcu.externaltools.gnu-tools-for-stm32.10.3-2021.10.win32_1.0.0.202111181127/tools/bin/../lib/gcc/arm-none-eabi/10.3.1/../../../../arm-none-eabi/lib/thumb/v7-m/nofp\libc_nano.a(lib_a-errno.o)
                              ./Core/Src/syscalls.o (__errno)
c:/st/stm32cubeide_1.9.0/stm32cubeide/plugins/com.st.stm32cube.ide.mcu.externaltools.gnu-tools-for-stm32.10.3-2021.10.win32_1.0.0.202111181127/tools/bin/../lib/gcc/arm-none-eabi/10.3.1/../../../../arm-none-eabi/lib/thumb/v7-m/nofp\libc_nano.a(lib_a-exit.o)
                              c:/st/stm32cubeide_1.9.0/stm32cubeide/plugins/com.st.stm32cube.ide.mcu.externaltools.gnu-tools-for-stm32.10.3-2021.10.win32_1.0.0.202111181127/tools/bin/../lib/gcc/arm-none-eabi/10.3.1/../../../../arm-none-eabi/lib/thumb/v7-m/nofp/crt0.o (exit)
c:/st/stm32cubeide_1.9.0/stm32cubeide/plugins/com.st.stm32cube.ide.mcu.externaltools.gnu-tools-for-stm32.10.3-2021.10.win32_1.0.0.202111181127/tools/bin/../lib/gcc/arm-none-eabi/10.3.1/../../../../arm-none-eabi/lib/thumb/v7-m/nofp\libc_nano.a(lib_a-impure.o)
                              c:/st/stm32cubeide_1.9.0/stm32cubeide/plugins/com.st.stm32cube.ide.mcu.externaltools.gnu-tools-for-stm32.10.3-2021.10.win32_1.0.0.202111181127/tools/bin/../lib/gcc/arm-none-eabi/10.3.1/../../../../arm-none-eabi/lib/thumb/v7-m/nofp\libc_nano.a(lib_a-exit.o) (_global_impure_ptr)
c:/st/stm32cubeide_1.9.0/stm32cubeide/plugins/com.st.stm32cube.ide.mcu.externaltools.gnu-tools-for-stm32.10.3-2021.10.win32_1.0.0.202111181127/tools/bin/../lib/gcc/arm-none-eabi/10.3.1/../../../../arm-none-eabi/lib/thumb/v7-m/nofp\libc_nano.a(lib_a-init.o)
                              c:/st/stm32cubeide_1.9.0/stm32cubeide/plugins/com.st.stm32cube.ide.mcu.externaltools.gnu-tools-for-stm32.10.3-2021.10.win32_1.0.0.202111181127/tools/bin/../lib/gcc/arm-none-eabi/10.3.1/../../../../arm-none-eabi/lib/thumb/v7-m/nofp/crt0.o (__libc_init_array)
c:/st/stm32cubeide_1.9.0/stm32cubeide/plugins/com.st.stm32cube.ide.mcu.externaltools.gnu-tools-for-stm32.10.3-2021.10.win32_1.0.0.202111181127/tools/bin/../lib/gcc/arm-none-eabi/10.3.1/../../../../arm-none-eabi/lib/thumb/v7-m/nofp\libc_nano.a(lib_a-memset.o)
                              c:/st/stm32cubeide_1.9.0/stm32cubeide/plugins/com.st.stm32cube.ide.mcu.externaltools.gnu-tools-for-stm32.10.3-2021.10.win32_1.0.0.202111181127/tools/bin/../lib/gcc/arm-none-eabi/10.3.1/../../../../arm-none-eabi/lib/thumb/v7-m/nofp/crt0.o (memset)

Discarded input sections

 .text          0x0000000000000000        0x0 c:/st/stm32cubeide_1.9.0/stm32cubeide/plugins/com.st.stm32cube.ide.mcu.externaltools.gnu-tools-for-stm32.10.3-2021.10.win32_1.0.0.202111181127/tools/bin/../lib/gcc/arm-none-eabi/10.3.1/thumb/v7-m/nofp/crti.o
 .data          0x0000000000000000        0x0 c:/st/stm32cubeide_1.9.0/stm32cubeide/plugins/com.st.stm32cube.ide.mcu.externaltools.gnu-tools-for-stm32.10.3-2021.10.win32_1.0.0.202111181127/tools/bin/../lib/gcc/arm-none-eabi/10.3.1/thumb/v7-m/nofp/crti.o
 .bss           0x0000000000000000        0x0 c:/st/stm32cubeide_1.9.0/stm32cubeide/plugins/com.st.stm32cube.ide.mcu.externaltools.gnu-tools-for-stm32.10.3-2021.10.win32_1.0.0.202111181127/tools/bin/../lib/gcc/arm-none-eabi/10.3.1/thumb/v7-m/nofp/crti.o
 .data          0x0000000000000000        0x4 c:/st/stm32cubeide_1.9.0/stm32cubeide/plugins/com.st.stm32cube.ide.mcu.externaltools.gnu-tools-for-stm32.10.3-2021.10.win32_1.0.0.202111181127/tools/bin/../lib/gcc/arm-none-eabi/10.3.1/thumb/v7-m/nofp/crtbegin.o
 .rodata        0x0000000000000000       0x24 c:/st/stm32cubeide_1.9.0/stm32cubeide/plugins/com.st.stm32cube.ide.mcu.externaltools.gnu-tools-for-stm32.10.3-2021.10.win32_1.0.0.202111181127/tools/bin/../lib/gcc/arm-none-eabi/10.3.1/thumb/v7-m/nofp/crtbegin.o
 .text          0x0000000000000000       0x7c c:/st/stm32cubeide_1.9.0/stm32cubeide/plugins/com.st.stm32cube.ide.mcu.externaltools.gnu-tools-for-stm32.10.3-2021.10.win32_1.0.0.202111181127/tools/bin/../lib/gcc/arm-none-eabi/10.3.1/../../../../arm-none-eabi/lib/thumb/v7-m/nofp/crt0.o
 .data          0x0000000000000000        0x0 c:/st/stm32cubeide_1.9.0/stm32cubeide/plugins/com.st.stm32cube.ide.mcu.externaltools.gnu-tools-for-stm32.10.3-2021.10.win32_1.0.0.202111181127/tools/bin/../lib/gcc/arm-none-eabi/10.3.1/../../../../arm-none-eabi/lib/thumb/v7-m/nofp/crt0.o
 .bss           0x0000000000000000        0x0 c:/st/stm32cubeide_1.9.0/stm32cubeide/plugins/com.st.stm32cube.ide.mcu.externaltools.gnu-tools-for-stm32.10.3-2021.10.win32_1.0.0.202111181127/tools/bin/../lib/gcc/arm-none-eabi/10.3.1/../../../../arm-none-eabi/lib/thumb/v7-m/nofp/crt0.o
[...]
Memory Configuration

Name             Origin             Length             Attributes
RAM              0x0000000020000000 0x0000000000005000 xrw
FLASH            0x0000000008000000 0x0000000000010000 xr
*default*        0x0000000000000000 0xffffffffffffffff

Linker script and memory map

LOAD c:/st/stm32cubeide_1.9.0/stm32cubeide/plugins/com.st.stm32cube.ide.mcu.externaltools.gnu-tools-for-stm32.10.3-2021.10.win32_1.0.0.202111181127/tools/bin/../lib/gcc/arm-none-eabi/10.3.1/thumb/v7-m/nofp/crti.o
LOAD c:/st/stm32cubeide_1.9.0/stm32cubeide/plugins/com.st.stm32cube.ide.mcu.externaltools.gnu-tools-for-stm32.10.3-2021.10.win32_1.0.0.202111181127/tools/bin/../lib/gcc/arm-none-eabi/10.3.1/thumb/v7-m/nofp/crtbegin.o
LOAD c:/st/stm32cubeide_1.9.0/stm32cubeide/plugins/com.st.stm32cube.ide.mcu.externaltools.gnu-tools-for-stm32.10.3-2021.10.win32_1.0.0.202111181127/tools/bin/../lib/gcc/arm-none-eabi/10.3.1/../../../../arm-none-eabi/lib/thumb/v7-m/nofp/crt0.o
LOAD ./Core/Src/fatfs_sd.o
LOAD ./Core/Src/main.o
LOAD ./Core/Src/stm32f1xx_hal_msp.o
LOAD ./Core/Src/stm32f1xx_it.o
LOAD ./Core/Src/syscalls.o
LOAD ./Core/Src/sysmem.o
LOAD ./Core/Src/system_stm32f1xx.o
LOAD ./Core/Startup/startup_stm32f103c8tx.o
LOAD ./Drivers/STM32F1xx_HAL_Driver/Src/stm32f1xx_hal.o
LOAD ./Drivers/STM32F1xx_HAL_Driver/Src/stm32f1xx_hal_cortex.o
LOAD ./Drivers/STM32F1xx_HAL_Driver/Src/stm32f1xx_hal_dma.o
LOAD ./Drivers/STM32F1xx_HAL_Driver/Src/stm32f1xx_hal_exti.o
LOAD ./Drivers/STM32F1xx_HAL_Driver/Src/stm32f1xx_hal_flash.o
LOAD ./Drivers/STM32F1xx_HAL_Driver/Src/stm32f1xx_hal_flash_ex.o
LOAD ./Drivers/STM32F1xx_HAL_Driver/Src/stm32f1xx_hal_gpio.o
LOAD ./Drivers/STM32F1xx_HAL_Driver/Src/stm32f1xx_hal_gpio_ex.o
LOAD ./Drivers/STM32F1xx_HAL_Driver/Src/stm32f1xx_hal_pwr.o
LOAD ./Drivers/STM32F1xx_HAL_Driver/Src/stm32f1xx_hal_rcc.o
LOAD ./Drivers/STM32F1xx_HAL_Driver/Src/stm32f1xx_hal_rcc_ex.o
LOAD ./Drivers/STM32F1xx_HAL_Driver/Src/stm32f1xx_hal_spi.o
LOAD ./Drivers/STM32F1xx_HAL_Driver/Src/stm32f1xx_hal_tim.o
LOAD ./Drivers/STM32F1xx_HAL_Driver/Src/stm32f1xx_hal_tim_ex.o
LOAD ./FATFS/App/fatfs.o
LOAD ./FATFS/Target/user_diskio.o
LOAD ./Middlewares/Third_Party/FatFs/src/diskio.o
LOAD ./Middlewares/Third_Party/FatFs/src/ff.o
LOAD ./Middlewares/Third_Party/FatFs/src/ff_gen_drv.o
LOAD ./Middlewares/Third_Party/FatFs/src/option/ccsbcs.o
LOAD ./Middlewares/Third_Party/FatFs/src/option/syscall.o
START GROUP
LOAD c:/st/stm32cubeide_1.9.0/stm32cubeide/plugins/com.st.stm32cube.ide.mcu.externaltools.gnu-tools-for-stm32.10.3-2021.10.win32_1.0.0.202111181127/tools/bin/../lib/gcc/arm-none-eabi/10.3.1/../../../../arm-none-eabi/lib/thumb/v7-m/nofp\libc_nano.a
LOAD c:/st/stm32cubeide_1.9.0/stm32cubeide/plugins/com.st.stm32cube.ide.mcu.externaltools.gnu-tools-for-stm32.10.3-2021.10.win32_1.0.0.202111181127/tools/bin/../lib/gcc/arm-none-eabi/10.3.1/../../../../arm-none-eabi/lib/thumb/v7-m/nofp\libm.a
END GROUP
START GROUP
LOAD c:/st/stm32cubeide_1.9.0/stm32cubeide/plugins/com.st.stm32cube.ide.mcu.externaltools.gnu-tools-for-stm32.10.3-2021.10.win32_1.0.0.202111181127/tools/bin/../lib/gcc/arm-none-eabi/10.3.1/thumb/v7-m/nofp\libgcc.a
LOAD c:/st/stm32cubeide_1.9.0/stm32cubeide/plugins/com.st.stm32cube.ide.mcu.externaltools.gnu-tools-for-stm32.10.3-2021.10.win32_1.0.0.202111181127/tools/bin/../lib/gcc/arm-none-eabi/10.3.1/../../../../arm-none-eabi/lib/thumb/v7-m/nofp\libc_nano.a
END GROUP
START GROUP
LOAD c:/st/stm32cubeide_1.9.0/stm32cubeide/plugins/com.st.stm32cube.ide.mcu.externaltools.gnu-tools-for-stm32.10.3-2021.10.win32_1.0.0.202111181127/tools/bin/../lib/gcc/arm-none-eabi/10.3.1/thumb/v7-m/nofp\libgcc.a
LOAD c:/st/stm32cubeide_1.9.0/stm32cubeide/plugins/com.st.stm32cube.ide.mcu.externaltools.gnu-tools-for-stm32.10.3-2021.10.win32_1.0.0.202111181127/tools/bin/../lib/gcc/arm-none-eabi/10.3.1/../../../../arm-none-eabi/lib/thumb/v7-m/nofp\libc_nano.a
LOAD c:/st/stm32cubeide_1.9.0/stm32cubeide/plugins/com.st.stm32cube.ide.mcu.externaltools.gnu-tools-for-stm32.10.3-2021.10.win32_1.0.0.202111181127/tools/bin/../lib/gcc/arm-none-eabi/10.3.1/../../../../arm-none-eabi/lib/thumb/v7-m/nofp\libnosys.a
END GROUP
START GROUP
LOAD c:/st/stm32cubeide_1.9.0/stm32cubeide/plugins/com.st.stm32cube.ide.mcu.externaltools.gnu-tools-for-stm32.10.3-2021.10.win32_1.0.0.202111181127/tools/bin/../lib/gcc/arm-none-eabi/10.3.1/thumb/v7-m/nofp\libgcc.a
LOAD c:/st/stm32cubeide_1.9.0/stm32cubeide/plugins/com.st.stm32cube.ide.mcu.externaltools.gnu-tools-for-stm32.10.3-2021.10.win32_1.0.0.202111181127/tools/bin/../lib/gcc/arm-none-eabi/10.3.1/../../../../arm-none-eabi/lib/thumb/v7-m/nofp\libc_nano.a
LOAD c:/st/stm32cubeide_1.9.0/stm32cubeide/plugins/com.st.stm32cube.ide.mcu.externaltools.gnu-tools-for-stm32.10.3-2021.10.win32_1.0.0.202111181127/tools/bin/../lib/gcc/arm-none-eabi/10.3.1/../../../../arm-none-eabi/lib/thumb/v7-m/nofp\libnosys.a
END GROUP
LOAD c:/st/stm32cubeide_1.9.0/stm32cubeide/plugins/com.st.stm32cube.ide.mcu.externaltools.gnu-tools-for-stm32.10.3-2021.10.win32_1.0.0.202111181127/tools/bin/../lib/gcc/arm-none-eabi/10.3.1/thumb/v7-m/nofp/crtend.o
LOAD c:/st/stm32cubeide_1.9.0/stm32cubeide/plugins/com.st.stm32cube.ide.mcu.externaltools.gnu-tools-for-stm32.10.3-2021.10.win32_1.0.0.202111181127/tools/bin/../lib/gcc/arm-none-eabi/10.3.1/thumb/v7-m/nofp/crtn.o
                0x0000000020005000                _estack = (ORIGIN (RAM) + LENGTH (RAM))
                0x0000000000000200                _Min_Heap_Size = 0x200
                0x0000000000000400                _Min_Stack_Size = 0x400

.isr_vector     0x0000000008000000      0x10c
                0x0000000008000000                . = ALIGN (0x4)
 *(.isr_vector)
 .isr_vector    0x0000000008000000      0x10c ./Core/Startup/startup_stm32f103c8tx.o
                0x0000000008000000                g_pfnVectors
                0x000000000800010c                . = ALIGN (0x4)

.text           0x000000000800010c     0x6968
                0x000000000800010c                . = ALIGN (0x4)
 *(.text)
 .text          0x000000000800010c       0x40 c:/st/stm32cubeide_1.9.0/stm32cubeide/plugins/com.st.stm32cube.ide.mcu.externaltools.gnu-tools-for-stm32.10.3-2021.10.win32_1.0.0.202111181127/tools/bin/../lib/gcc/arm-none-eabi/10.3.1/thumb/v7-m/nofp/crtbegin.o
 *(.text*)
 .text.SELECT   0x000000000800014c       0x1c ./Core/Src/fatfs_sd.o
 .text.DESELECT
                0x0000000008000168       0x1c ./Core/Src/fatfs_sd.o
 .text.SPI_TxByte
                0x0000000008000184       0x34 ./Core/Src/fatfs_sd.o
 .text.SPI_TxBuffer
                0x00000000080001b8       0x34 ./Core/Src/fatfs_sd.o
 .text.SPI_RxByte
                0x00000000080001ec       0x38 ./Core/Src/fatfs_sd.o
 .text.SPI_RxBytePtr
                0x0000000008000224       0x1c ./Core/Src/fatfs_sd.o
 .text.SD_ReadyWait
                0x0000000008000240       0x34 ./Core/Src/fatfs_sd.o
 .text.SD_PowerOn
                0x0000000008000274       0x84 ./Core/Src/fatfs_sd.o
 .text.SD_PowerOff
                0x00000000080002f8       0x18 ./Core/Src/fatfs_sd.o
 .text.SD_CheckPower
                0x0000000008000310       0x14 ./Core/Src/fatfs_sd.o
 .text.SD_RxDataBlock
                0x0000000008000324       0x5c ./Core/Src/fatfs_sd.o
 .text.SD_TxDataBlock
                0x0000000008000380       0x86 ./Core/Src/fatfs_sd.o
 .text.SD_SendCmd
                0x0000000008000406       0xa8 ./Core/Src/fatfs_sd.o
 *fill*         0x00000000080004ae        0x2 
 .text.SD_disk_initialize
                0x00000000080004b0      0x1cc ./Core/Src/fatfs_sd.o
                0x00000000080004b0                SD_disk_initialize
 .text.SD_disk_status
                0x000000000800067c       0x28 ./Core/Src/fatfs_sd.o
                0x000000000800067c                SD_disk_status
 .text.SD_disk_read
                0x00000000080006a4       0xd4 ./Core/Src/fatfs_sd.o
                0x00000000080006a4                SD_disk_read
 .text.SD_disk_write
                0x0000000008000778      0x108 ./Core/Src/fatfs_sd.o
                0x0000000008000778                SD_disk_write
 .text.SD_disk_ioctl
                0x0000000008000880      0x258 ./Core/Src/fatfs_sd.o
                0x0000000008000880                SD_disk_ioctl
 .text.main     0x0000000008000ad8       0xc8 ./Core/Src/main.o
                0x0000000008000ad8                main
 .text.SystemClock_Config
                0x0000000008000ba0       0x8a ./Core/Src/main.o
                0x0000000008000ba0                SystemClock_Config
 *fill*         0x0000000008000c2a        0x2 
 .text.MX_SPI1_Init
                0x0000000008000c2c       0x6c ./Core/Src/main.o
 .text.MX_GPIO_Init
                0x0000000008000c98       0x7c ./Core/Src/main.o
 .text.Error_Handler
                0x0000000008000d14        0xa ./Core/Src/main.o
                0x0000000008000d14                Error_Handler
 *fill*         0x0000000008000d1e        0x2 
 .text.HAL_MspInit
                0x0000000008000d20       0x64 ./Core/Src/stm32f1xx_hal_msp.o
                0x0000000008000d20                HAL_MspInit
 .text.HAL_SPI_MspInit
                0x0000000008000d84       0x94 ./Core/Src/stm32f1xx_hal_msp.o
                0x0000000008000d84                HAL_SPI_MspInit
 .text.NMI_Handler
                0x0000000008000e18        0x6 ./Core/Src/stm32f1xx_it.o
                0x0000000008000e18                NMI_Handler
 .text.HardFault_Handler
                0x0000000008000e1e        0x6 ./Core/Src/stm32f1xx_it.o
                0x0000000008000e1e                HardFault_Handler
 .text.MemManage_Handler
                0x0000000008000e24        0x6 ./Core/Src/stm32f1xx_it.o
                0x0000000008000e24                MemManage_Handler
 .text.BusFault_Handler
                0x0000000008000e2a        0x6 ./Core/Src/stm32f1xx_it.o
                0x0000000008000e2a                BusFault_Handler
 .text.UsageFault_Handler
                0x0000000008000e30        0x6 ./Core/Src/stm32f1xx_it.o
                0x0000000008000e30                UsageFault_Handler
 .text.SVC_Handler
                0x0000000008000e36        0xc ./Core/Src/stm32f1xx_it.o
                0x0000000008000e36                SVC_Handler
 .text.DebugMon_Handler
                0x0000000008000e42        0xc ./Core/Src/stm32f1xx_it.o
                0x0000000008000e42                DebugMon_Handler
 .text.PendSV_Handler
                0x0000000008000e4e        0xc ./Core/Src/stm32f1xx_it.o
                0x0000000008000e4e                PendSV_Handler
 *fill*         0x0000000008000e5a        0x2 
 .text.SysTick_Handler
                0x0000000008000e5c       0x3c ./Core/Src/stm32f1xx_it.o
                0x0000000008000e5c                SysTick_Handler
 .text.SystemInit
                0x0000000008000e98        0xc ./Core/Src/system_stm32f1xx.o
                0x0000000008000e98                SystemInit
 .text.Reset_Handler
                0x0000000008000ea4       0x48 ./Core/Startup/startup_stm32f103c8tx.o
                0x0000000008000ea4                Reset_Handler
 .text.Default_Handler
                0x0000000008000eec        0x2 ./Core/Startup/startup_stm32f103c8tx.o
                0x0000000008000eec                RTC_Alarm_IRQHandler
                0x0000000008000eec                EXTI2_IRQHandler
                0x0000000008000eec                TIM1_CC_IRQHandler
                0x0000000008000eec                PVD_IRQHandler
                0x0000000008000eec                EXTI3_IRQHandler
                0x0000000008000eec                EXTI0_IRQHandler
                0x0000000008000eec                I2C2_EV_IRQHandler
                0x0000000008000eec                ADC1_2_IRQHandler
                0x0000000008000eec                SPI1_IRQHandler
                0x0000000008000eec                TAMPER_IRQHandler
                0x0000000008000eec                DMA1_Channel4_IRQHandler
                0x0000000008000eec                USART3_IRQHandler
                0x0000000008000eec                RTC_IRQHandler
                0x0000000008000eec                DMA1_Channel7_IRQHandler
                0x0000000008000eec                CAN1_RX1_IRQHandler
                0x0000000008000eec                TIM4_IRQHandler
                0x0000000008000eec                I2C1_EV_IRQHandler
                0x0000000008000eec                DMA1_Channel6_IRQHandler
                0x0000000008000eec                TIM3_IRQHandler
                0x0000000008000eec                RCC_IRQHandler
                0x0000000008000eec                TIM1_TRG_COM_IRQHandler
                0x0000000008000eec                DMA1_Channel1_IRQHandler
                0x0000000008000eec                Default_Handler
                0x0000000008000eec                EXTI15_10_IRQHandler
                0x0000000008000eec                EXTI9_5_IRQHandler
                0x0000000008000eec                SPI2_IRQHandler
                0x0000000008000eec                DMA1_Channel5_IRQHandler
                0x0000000008000eec                EXTI4_IRQHandler
                0x0000000008000eec                USB_LP_CAN1_RX0_IRQHandler
                0x0000000008000eec                USB_HP_CAN1_TX_IRQHandler
                0x0000000008000eec                DMA1_Channel3_IRQHandler
                0x0000000008000eec                TIM1_UP_IRQHandler
                0x0000000008000eec                WWDG_IRQHandler
                0x0000000008000eec                TIM2_IRQHandler
                0x0000000008000eec                TIM1_BRK_IRQHandler
                0x0000000008000eec                EXTI1_IRQHandler
                0x0000000008000eec                USART2_IRQHandler
                0x0000000008000eec                I2C2_ER_IRQHandler
                0x0000000008000eec                DMA1_Channel2_IRQHandler
                0x0000000008000eec                CAN1_SCE_IRQHandler
                0x0000000008000eec                FLASH_IRQHandler
                0x0000000008000eec                USART1_IRQHandler
                0x0000000008000eec                I2C1_ER_IRQHandler
                0x0000000008000eec                USBWakeUp_IRQHandler
 *fill*         0x0000000008000eee        0x2 
 .text.HAL_Init
                0x0000000008000ef0       0x2c ./Drivers/STM32F1xx_HAL_Driver/Src/stm32f1xx_hal.o
                0x0000000008000ef0                HAL_Init
 .text.HAL_InitTick
                0x0000000008000f1c       0x60 ./Drivers/STM32F1xx_HAL_Driver/Src/stm32f1xx_hal.o
                0x0000000008000f1c                HAL_InitTick
 .text.HAL_IncTick
                0x0000000008000f7c       0x24 ./Drivers/STM32F1xx_HAL_Driver/Src/stm32f1xx_hal.o
                0x0000000008000f7c                HAL_IncTick
 .text.HAL_GetTick
                0x0000000008000fa0       0x14 ./Drivers/STM32F1xx_HAL_Driver/Src/stm32f1xx_hal.o
                0x0000000008000fa0                HAL_GetTick
 .text.HAL_Delay
                0x0000000008000fb4       0x48 ./Drivers/STM32F1xx_HAL_Driver/Src/stm32f1xx_hal.o
                0x0000000008000fb4                HAL_Delay
 .text.__NVIC_SetPriorityGrouping
                0x0000000008000ffc       0x48 ./Drivers/STM32F1xx_HAL_Driver/Src/stm32f1xx_hal_cortex.o
 .text.__NVIC_GetPriorityGrouping
                0x0000000008001044       0x1c ./Drivers/STM32F1xx_HAL_Driver/Src/stm32f1xx_hal_cortex.o
 .text.__NVIC_SetPriority
                0x0000000008001060       0x54 ./Drivers/STM32F1xx_HAL_Driver/Src/stm32f1xx_hal_cortex.o
 .text.NVIC_EncodePriority
                0x00000000080010b4       0x64 ./Drivers/STM32F1xx_HAL_Driver/Src/stm32f1xx_hal_cortex.o
 .text.SysTick_Config
                0x0000000008001118       0x44 ./Drivers/STM32F1xx_HAL_Driver/Src/stm32f1xx_hal_cortex.o
 .text.HAL_NVIC_SetPriorityGrouping
                0x000000000800115c       0x16 ./Drivers/STM32F1xx_HAL_Driver/Src/stm32f1xx_hal_cortex.o
                0x000000000800115c                HAL_NVIC_SetPriorityGrouping
 .text.HAL_NVIC_SetPriority
                0x0000000008001172       0x38 ./Drivers/STM32F1xx_HAL_Driver/Src/stm32f1xx_hal_cortex.o
                0x0000000008001172                HAL_NVIC_SetPriority
 .text.HAL_SYSTICK_Config
                0x00000000080011aa       0x18 ./Drivers/STM32F1xx_HAL_Driver/Src/stm32f1xx_hal_cortex.o
                0x00000000080011aa                HAL_SYSTICK_Config
 *fill*         0x00000000080011c2        0x2 
 .text.HAL_GPIO_Init
                0x00000000080011c4      0x308 ./Drivers/STM32F1xx_HAL_Driver/Src/stm32f1xx_hal_gpio.o
                0x00000000080011c4                HAL_GPIO_Init
 .text.HAL_GPIO_WritePin
                0x00000000080014cc       0x30 ./Drivers/STM32F1xx_HAL_Driver/Src/stm32f1xx_hal_gpio.o
                0x00000000080014cc                HAL_GPIO_WritePin
 .text.HAL_RCC_OscConfig
                0x00000000080014fc      0x504 ./Drivers/STM32F1xx_HAL_Driver/Src/stm32f1xx_hal_rcc.o
                0x00000000080014fc                HAL_RCC_OscConfig
 .text.HAL_RCC_ClockConfig
                0x0000000008001a00      0x1d4 ./Drivers/STM32F1xx_HAL_Driver/Src/stm32f1xx_hal_rcc.o
                0x0000000008001a00                HAL_RCC_ClockConfig
 .text.HAL_RCC_GetSysClockFreq
                0x0000000008001bd4       0xbc ./Drivers/STM32F1xx_HAL_Driver/Src/stm32f1xx_hal_rcc.o
                0x0000000008001bd4                HAL_RCC_GetSysClockFreq
 .text.RCC_Delay
                0x0000000008001c90       0x3c ./Drivers/STM32F1xx_HAL_Driver/Src/stm32f1xx_hal_rcc.o
 .text.HAL_SPI_Init
                0x0000000008001ccc      0x108 ./Drivers/STM32F1xx_HAL_Driver/Src/stm32f1xx_hal_spi.o
                0x0000000008001ccc                HAL_SPI_Init
 .text.HAL_SPI_Transmit
                0x0000000008001dd4      0x278 ./Drivers/STM32F1xx_HAL_Driver/Src/stm32f1xx_hal_spi.o
                0x0000000008001dd4                HAL_SPI_Transmit
 .text.HAL_SPI_TransmitReceive
                0x000000000800204c      0x344 ./Drivers/STM32F1xx_HAL_Driver/Src/stm32f1xx_hal_spi.o
                0x000000000800204c                HAL_SPI_TransmitReceive
 .text.SPI_WaitFlagStateUntilTimeout
                0x0000000008002390      0x110 ./Drivers/STM32F1xx_HAL_Driver/Src/stm32f1xx_hal_spi.o
 .text.SPI_EndRxTxTransaction
                0x00000000080024a0       0x3c ./Drivers/STM32F1xx_HAL_Driver/Src/stm32f1xx_hal_spi.o
 .text.MX_FATFS_Init
                0x00000000080024dc       0x24 ./FATFS/App/fatfs.o
                0x00000000080024dc                MX_FATFS_Init
 .text.get_fattime
                0x0000000008002500        0xe ./FATFS/App/fatfs.o
                0x0000000008002500                get_fattime
 .text.USER_initialize
                0x000000000800250e       0x1e ./FATFS/Target/user_diskio.o
                0x000000000800250e                USER_initialize
 .text.USER_status
                0x000000000800252c       0x1e ./FATFS/Target/user_diskio.o
                0x000000000800252c                USER_status
 .text.USER_read
                0x000000000800254a       0x28 ./FATFS/Target/user_diskio.o
                0x000000000800254a                USER_read
 .text.USER_write
                0x0000000008002572       0x28 ./FATFS/Target/user_diskio.o
                0x0000000008002572                USER_write
 .text.USER_ioctl
                0x000000000800259a       0x28 ./FATFS/Target/user_diskio.o
                0x000000000800259a                USER_ioctl
 *fill*         0x00000000080025c2        0x2 
 .text.disk_status
                0x00000000080025c4       0x34 ./Middlewares/Third_Party/FatFs/src/diskio.o
                0x00000000080025c4                disk_status
 .text.disk_initialize
                0x00000000080025f8       0x4c ./Middlewares/Third_Party/FatFs/src/diskio.o
                0x00000000080025f8                disk_initialize
 .text.disk_read
                0x0000000008002644       0x40 ./Middlewares/Third_Party/FatFs/src/diskio.o
                0x0000000008002644                disk_read
 .text.disk_write
                0x0000000008002684       0x40 ./Middlewares/Third_Party/FatFs/src/diskio.o
                0x0000000008002684                disk_write
 .text.disk_ioctl
                0x00000000080026c4       0x3c ./Middlewares/Third_Party/FatFs/src/diskio.o
                0x00000000080026c4                disk_ioctl
 .text.mem_cpy  0x0000000008002700       0x3c ./Middlewares/Third_Party/FatFs/src/ff.o
 .text.mem_set  0x000000000800273c       0x34 ./Middlewares/Third_Party/FatFs/src/ff.o
 .text.mem_cmp  0x0000000008002770       0x4c ./Middlewares/Third_Party/FatFs/src/ff.o
 .text.chk_chr  0x00000000080027bc       0x34 ./Middlewares/Third_Party/FatFs/src/ff.o
 .text.chk_lock
                0x00000000080027f0       0xe0 ./Middlewares/Third_Party/FatFs/src/ff.o
 .text.enq_lock
                0x00000000080028d0       0x48 ./Middlewares/Third_Party/FatFs/src/ff.o
 .text.inc_lock
                0x0000000008002918      0x178 ./Middlewares/Third_Party/FatFs/src/ff.o
 .text.dec_lock
                0x0000000008002a90       0x88 ./Middlewares/Third_Party/FatFs/src/ff.o
 .text.clear_lock
                0x0000000008002b18       0x54 ./Middlewares/Third_Party/FatFs/src/ff.o
 .text.sync_window
                0x0000000008002b6c       0xa4 ./Middlewares/Third_Party/FatFs/src/ff.o
 .text.move_window
                0x0000000008002c10       0x64 ./Middlewares/Third_Party/FatFs/src/ff.o
 .text.sync_fs  0x0000000008002c74      0x17e ./Middlewares/Third_Party/FatFs/src/ff.o
 .text.clust2sect
                0x0000000008002df2       0x48 ./Middlewares/Third_Party/FatFs/src/ff.o
                0x0000000008002df2                clust2sect
 .text.get_fat  0x0000000008002e3a      0x1f8 ./Middlewares/Third_Party/FatFs/src/ff.o
                0x0000000008002e3a                get_fat
 .text.put_fat  0x0000000008003032      0x2a6 ./Middlewares/Third_Party/FatFs/src/ff.o
                0x0000000008003032                put_fat
 .text.remove_chain
                0x00000000080032d8       0xc2 ./Middlewares/Third_Party/FatFs/src/ff.o
 .text.create_chain
                0x000000000800339a      0x150 ./Middlewares/Third_Party/FatFs/src/ff.o
 .text.clmt_clust
                0x00000000080034ea       0x80 ./Middlewares/Third_Party/FatFs/src/ff.o
 .text.dir_sdi  0x000000000800356a      0x19c ./Middlewares/Third_Party/FatFs/src/ff.o
 .text.dir_next
                0x0000000008003706      0x294 ./Middlewares/Third_Party/FatFs/src/ff.o
 .text.dir_alloc
                0x000000000800399a       0x9c ./Middlewares/Third_Party/FatFs/src/ff.o
 .text.ld_clust
                0x0000000008003a36       0x5c ./Middlewares/Third_Party/FatFs/src/ff.o
 .text.st_clust
                0x0000000008003a92       0x4c ./Middlewares/Third_Party/FatFs/src/ff.o
 *fill*         0x0000000008003ade        0x2 
 .text.cmp_lfn  0x0000000008003ae0       0xdc ./Middlewares/Third_Party/FatFs/src/ff.o
 .text.fit_lfn  0x0000000008003bbc       0xe8 ./Middlewares/Third_Party/FatFs/src/ff.o
 .text.gen_numname
                0x0000000008003ca4      0x11c ./Middlewares/Third_Party/FatFs/src/ff.o
 .text.sum_sfn  0x0000000008003dc0       0x40 ./Middlewares/Third_Party/FatFs/src/ff.o
 .text.dir_find
                0x0000000008003e00      0x198 ./Middlewares/Third_Party/FatFs/src/ff.o
 .text.dir_register
                0x0000000008003f98      0x248 ./Middlewares/Third_Party/FatFs/src/ff.o
 .text.create_name
                0x00000000080041e0      0x37c ./Middlewares/Third_Party/FatFs/src/ff.o
 .text.follow_path
                0x000000000800455c       0xec ./Middlewares/Third_Party/FatFs/src/ff.o
 .text.get_ldnumber
                0x0000000008004648       0x86 ./Middlewares/Third_Party/FatFs/src/ff.o
 *fill*         0x00000000080046ce        0x2 
 .text.check_fs
                0x00000000080046d0       0xdc ./Middlewares/Third_Party/FatFs/src/ff.o
 .text.find_volume
                0x00000000080047ac      0x664 ./Middlewares/Third_Party/FatFs/src/ff.o
 .text.validate
                0x0000000008004e10       0x76 ./Middlewares/Third_Party/FatFs/src/ff.o
 *fill*         0x0000000008004e86        0x2 
 .text.f_mount  0x0000000008004e88       0x94 ./Middlewares/Third_Party/FatFs/src/ff.o
                0x0000000008004e88                f_mount
 .text.f_open   0x0000000008004f1c      0x630 ./Middlewares/Third_Party/FatFs/src/ff.o
                0x0000000008004f1c                f_open
 .text.f_read   0x000000000800554c      0x3d0 ./Middlewares/Third_Party/FatFs/src/ff.o
                0x000000000800554c                f_read
 .text.f_write  0x000000000800591c      0x472 ./Middlewares/Third_Party/FatFs/src/ff.o
                0x000000000800591c                f_write
 .text.f_sync   0x0000000008005d8e      0x19c ./Middlewares/Third_Party/FatFs/src/ff.o
                0x0000000008005d8e                f_sync
 .text.f_close  0x0000000008005f2a       0x56 ./Middlewares/Third_Party/FatFs/src/ff.o
                0x0000000008005f2a                f_close
 .text.f_lseek  0x0000000008005f80      0x5e2 ./Middlewares/Third_Party/FatFs/src/ff.o
                0x0000000008005f80                f_lseek
 .text.f_truncate
                0x0000000008006562      0x1b6 ./Middlewares/Third_Party/FatFs/src/ff.o
                0x0000000008006562                f_truncate
 .text.f_gets   0x0000000008006718       0x7a ./Middlewares/Third_Party/FatFs/src/ff.o
                0x0000000008006718                f_gets
 .text.putc_bfd
                0x0000000008006792       0x7a ./Middlewares/Third_Party/FatFs/src/ff.o
 .text.f_puts   0x000000000800680c       0x72 ./Middlewares/Third_Party/FatFs/src/ff.o
                0x000000000800680c                f_puts
 *fill*         0x000000000800687e        0x2 
 .text.FATFS_LinkDriverEx
                0x0000000008006880       0x94 ./Middlewares/Third_Party/FatFs/src/ff_gen_drv.o
                0x0000000008006880                FATFS_LinkDriverEx
 .text.FATFS_LinkDriver
                0x0000000008006914       0x1e ./Middlewares/Third_Party/FatFs/src/ff_gen_drv.o
                0x0000000008006914                FATFS_LinkDriver
 *fill*         0x0000000008006932        0x2 
 .text.ff_convert
                0x0000000008006934       0x74 ./Middlewares/Third_Party/FatFs/src/option/ccsbcs.o
                0x0000000008006934                ff_convert
 .text.ff_wtoupper
                0x00000000080069a8       0x5c ./Middlewares/Third_Party/FatFs/src/option/ccsbcs.o
                0x00000000080069a8                ff_wtoupper
 .text.__libc_init_array
                0x0000000008006a04       0x48 c:/st/stm32cubeide_1.9.0/stm32cubeide/plugins/com.st.stm32cube.ide.mcu.externaltools.gnu-tools-for-stm32.10.3-2021.10.win32_1.0.0.202111181127/tools/bin/../lib/gcc/arm-none-eabi/10.3.1/../../../../arm-none-eabi/lib/thumb/v7-m/nofp\libc_nano.a(lib_a-init.o)
                0x0000000008006a04                __libc_init_array
 .text.memset   0x0000000008006a4c       0x10 c:/st/stm32cubeide_1.9.0/stm32cubeide/plugins/com.st.stm32cube.ide.mcu.externaltools.gnu-tools-for-stm32.10.3-2021.10.win32_1.0.0.202111181127/tools/bin/../lib/gcc/arm-none-eabi/10.3.1/../../../../arm-none-eabi/lib/thumb/v7-m/nofp\libc_nano.a(lib_a-memset.o)
                0x0000000008006a4c                memset
 *(.glue_7)
 .glue_7        0x0000000008006a5c        0x0 linker stubs
 *(.glue_7t)
 .glue_7t       0x0000000008006a5c        0x0 linker stubs
 *(.eh_frame)
 .eh_frame      0x0000000008006a5c        0x0 c:/st/stm32cubeide_1.9.0/stm32cubeide/plugins/com.st.stm32cube.ide.mcu.externaltools.gnu-tools-for-stm32.10.3-2021.10.win32_1.0.0.202111181127/tools/bin/../lib/gcc/arm-none-eabi/10.3.1/thumb/v7-m/nofp/crtbegin.o
 *(.init)
 .init          0x0000000008006a5c        0x4 c:/st/stm32cubeide_1.9.0/stm32cubeide/plugins/com.st.stm32cube.ide.mcu.externaltools.gnu-tools-for-stm32.10.3-2021.10.win32_1.0.0.202111181127/tools/bin/../lib/gcc/arm-none-eabi/10.3.1/thumb/v7-m/nofp/crti.o
                0x0000000008006a5c                _init
 .init          0x0000000008006a60        0x8 c:/st/stm32cubeide_1.9.0/stm32cubeide/plugins/com.st.stm32cube.ide.mcu.externaltools.gnu-tools-for-stm32.10.3-2021.10.win32_1.0.0.202111181127/tools/bin/../lib/gcc/arm-none-eabi/10.3.1/thumb/v7-m/nofp/crtn.o
 *(.fini)
 .fini          0x0000000008006a68        0x4 c:/st/stm32cubeide_1.9.0/stm32cubeide/plugins/com.st.stm32cube.ide.mcu.externaltools.gnu-tools-for-stm32.10.3-2021.10.win32_1.0.0.202111181127/tools/bin/../lib/gcc/arm-none-eabi/10.3.1/thumb/v7-m/nofp/crti.o
                0x0000000008006a68                _fini
 .fini          0x0000000008006a6c        0x8 c:/st/stm32cubeide_1.9.0/stm32cubeide/plugins/com.st.stm32cube.ide.mcu.externaltools.gnu-tools-for-stm32.10.3-2021.10.win32_1.0.0.202111181127/tools/bin/../lib/gcc/arm-none-eabi/10.3.1/thumb/v7-m/nofp/crtn.o
                0x0000000008006a74                . = ALIGN (0x4)
                0x0000000008006a74                _etext = .

.vfp11_veneer   0x0000000008006a74        0x0
 .vfp11_veneer  0x0000000008006a74        0x0 linker stubs

.v4_bx          0x0000000008006a74        0x0
 .v4_bx         0x0000000008006a74        0x0 linker stubs

.iplt           0x0000000008006a74        0x0
 .iplt          0x0000000008006a74        0x0 c:/st/stm32cubeide_1.9.0/stm32cubeide/plugins/com.st.stm32cube.ide.mcu.externaltools.gnu-tools-for-stm32.10.3-2021.10.win32_1.0.0.202111181127/tools/bin/../lib/gcc/arm-none-eabi/10.3.1/thumb/v7-m/nofp/crtbegin.o

.rodata         0x0000000008006a74      0x5cc
                0x0000000008006a74                . = ALIGN (0x4)
 *(.rodata)
 .rodata        0x0000000008006a74       0x11 ./Core/Src/main.o
 *fill*         0x0000000008006a85        0x3 
 .rodata        0x0000000008006a88       0x10 ./Drivers/STM32F1xx_HAL_Driver/Src/stm32f1xx_hal_rcc.o
 .rodata        0x0000000008006a98       0x48 ./Middlewares/Third_Party/FatFs/src/ff.o
 *(.rodata*)
 .rodata.AHBPrescTable
                0x0000000008006ae0       0x10 ./Core/Src/system_stm32f1xx.o
                0x0000000008006ae0                AHBPrescTable
 .rodata.ExCvt  0x0000000008006af0       0x80 ./Middlewares/Third_Party/FatFs/src/ff.o
 .rodata.LfnOfs
                0x0000000008006b70        0xd ./Middlewares/Third_Party/FatFs/src/ff.o
 *fill*         0x0000000008006b7d        0x3 
 .rodata.Tbl    0x0000000008006b80      0x100 ./Middlewares/Third_Party/FatFs/src/option/ccsbcs.o
 .rodata.tbl_lower.1
                0x0000000008006c80      0x1e0 ./Middlewares/Third_Party/FatFs/src/option/ccsbcs.o
 .rodata.tbl_upper.0
                0x0000000008006e60      0x1e0 ./Middlewares/Third_Party/FatFs/src/option/ccsbcs.o
                0x0000000008007040                . = ALIGN (0x4)

.rel.dyn        0x0000000008007040        0x0
 .rel.iplt      0x0000000008007040        0x0 c:/st/stm32cubeide_1.9.0/stm32cubeide/plugins/com.st.stm32cube.ide.mcu.externaltools.gnu-tools-for-stm32.10.3-2021.10.win32_1.0.0.202111181127/tools/bin/../lib/gcc/arm-none-eabi/10.3.1/thumb/v7-m/nofp/crtbegin.o

.ARM.extab      0x0000000008007040        0x0
                0x0000000008007040                . = ALIGN (0x4)
 *(.ARM.extab* .gnu.linkonce.armextab.*)
                0x0000000008007040                . = ALIGN (0x4)

.ARM            0x0000000008007040        0x0
                0x0000000008007040                . = ALIGN (0x4)
                0x0000000008007040                __exidx_start = .
 *(.ARM.exidx*)
                0x0000000008007040                __exidx_end = .
                0x0000000008007040                . = ALIGN (0x4)

.preinit_array  0x0000000008007040        0x0
                0x0000000008007040                . = ALIGN (0x4)
                0x0000000008007040                PROVIDE (__preinit_array_start = .)
 *(.preinit_array*)
                0x0000000008007040                PROVIDE (__preinit_array_end = .)
                0x0000000008007040                . = ALIGN (0x4)

.init_array     0x0000000008007040        0x4
                0x0000000008007040                . = ALIGN (0x4)
                0x0000000008007040                PROVIDE (__init_array_start = .)
 *(SORT_BY_NAME(.init_array.*))
 *(.init_array*)
 .init_array    0x0000000008007040        0x4 c:/st/stm32cubeide_1.9.0/stm32cubeide/plugins/com.st.stm32cube.ide.mcu.externaltools.gnu-tools-for-stm32.10.3-2021.10.win32_1.0.0.202111181127/tools/bin/../lib/gcc/arm-none-eabi/10.3.1/thumb/v7-m/nofp/crtbegin.o
                0x0000000008007044                PROVIDE (__init_array_end = .)
                0x0000000008007044                . = ALIGN (0x4)

.fini_array     0x0000000008007044        0x4
                0x0000000008007044                . = ALIGN (0x4)
                [!provide]                        PROVIDE (__fini_array_start = .)
 *(SORT_BY_NAME(.fini_array.*))
 *(.fini_array*)
 .fini_array    0x0000000008007044        0x4 c:/st/stm32cubeide_1.9.0/stm32cubeide/plugins/com.st.stm32cube.ide.mcu.externaltools.gnu-tools-for-stm32.10.3-2021.10.win32_1.0.0.202111181127/tools/bin/../lib/gcc/arm-none-eabi/10.3.1/thumb/v7-m/nofp/crtbegin.o
                [!provide]                        PROVIDE (__fini_array_end = .)
                0x0000000008007048                . = ALIGN (0x4)
                0x0000000008007048                _sidata = LOADADDR (.data)

.data           0x0000000020000000       0x24 load address 0x0000000008007048
                0x0000000020000000                . = ALIGN (0x4)
                0x0000000020000000                _sdata = .
 *(.data)
 *(.data*)
 .data.Stat     0x0000000020000000        0x1 ./Core/Src/fatfs_sd.o
 *fill*         0x0000000020000001        0x3 
 .data.SystemCoreClock
                0x0000000020000004        0x4 ./Core/Src/system_stm32f1xx.o
                0x0000000020000004                SystemCoreClock
 .data.uwTickPrio
                0x0000000020000008        0x4 ./Drivers/STM32F1xx_HAL_Driver/Src/stm32f1xx_hal.o
                0x0000000020000008                uwTickPrio
 .data.uwTickFreq
                0x000000002000000c        0x1 ./Drivers/STM32F1xx_HAL_Driver/Src/stm32f1xx_hal.o
                0x000000002000000c                uwTickFreq
 *fill*         0x000000002000000d        0x3 
 .data.USER_Driver
                0x0000000020000010       0x14 ./FATFS/Target/user_diskio.o
                0x0000000020000010                USER_Driver
 *(.RamFunc)
 *(.RamFunc*)
                0x0000000020000024                . = ALIGN (0x4)
                0x0000000020000024                _edata = .

.igot.plt       0x0000000020000024        0x0 load address 0x000000000800706c
 .igot.plt      0x0000000020000024        0x0 c:/st/stm32cubeide_1.9.0/stm32cubeide/plugins/com.st.stm32cube.ide.mcu.externaltools.gnu-tools-for-stm32.10.3-2021.10.win32_1.0.0.202111181127/tools/bin/../lib/gcc/arm-none-eabi/10.3.1/thumb/v7-m/nofp/crtbegin.o
                0x0000000020000024                . = ALIGN (0x4)

.bss            0x0000000020000024     0x2318 load address 0x000000000800706c
                0x0000000020000024                _sbss = .
                0x0000000020000024                __bss_start__ = _sbss
 *(.bss)
 .bss           0x0000000020000024       0x1c c:/st/stm32cubeide_1.9.0/stm32cubeide/plugins/com.st.stm32cube.ide.mcu.externaltools.gnu-tools-for-stm32.10.3-2021.10.win32_1.0.0.202111181127/tools/bin/../lib/gcc/arm-none-eabi/10.3.1/thumb/v7-m/nofp/crtbegin.o
 *(.bss*)
 .bss.Timer1    0x0000000020000040        0x2 ./Core/Src/fatfs_sd.o
                0x0000000020000040                Timer1
 .bss.Timer2    0x0000000020000042        0x2 ./Core/Src/fatfs_sd.o
                0x0000000020000042                Timer2
 .bss.CardType  0x0000000020000044        0x1 ./Core/Src/fatfs_sd.o
 .bss.PowerFlag
                0x0000000020000045        0x1 ./Core/Src/fatfs_sd.o
 *fill*         0x0000000020000046        0x2 
 .bss.fs        0x0000000020000048     0x1030 ./Core/Src/main.o
                0x0000000020000048                fs
 .bss.fil       0x0000000020001078     0x102c ./Core/Src/main.o
                0x0000000020001078                fil
 .bss.buffer_SD
                0x00000000200020a4        0x3 ./Core/Src/main.o
                0x00000000200020a4                buffer_SD
 *fill*         0x00000000200020a7        0x1 
 .bss.escritura_SD
                0x00000000200020a8        0x3 ./Core/Src/main.o
                0x00000000200020a8                escritura_SD
 .bss.lectura_SD
                0x00000000200020ab        0x1 ./Core/Src/main.o
                0x00000000200020ab                lectura_SD
 .bss.hspi1     0x00000000200020ac       0x58 ./Core/Src/main.o
                0x00000000200020ac                hspi1
 .bss.uwTick    0x0000000020002104        0x4 ./Drivers/STM32F1xx_HAL_Driver/Src/stm32f1xx_hal.o
                0x0000000020002104                uwTick
 .bss.retUSER   0x0000000020002108        0x1 ./FATFS/App/fatfs.o
                0x0000000020002108                retUSER
 *fill*         0x0000000020002109        0x3 
 .bss.USERPath  0x000000002000210c        0x4 ./FATFS/App/fatfs.o
                0x000000002000210c                USERPath
 .bss.FatFs     0x0000000020002110        0x4 ./Middlewares/Third_Party/FatFs/src/ff.o
 .bss.Fsid      0x0000000020002114        0x2 ./Middlewares/Third_Party/FatFs/src/ff.o
 *fill*         0x0000000020002116        0x2 
 .bss.Files     0x0000000020002118       0x18 ./Middlewares/Third_Party/FatFs/src/ff.o
 .bss.LfnBuf    0x0000000020002130      0x200 ./Middlewares/Third_Party/FatFs/src/ff.o
 .bss.disk      0x0000000020002330        0xc ./Middlewares/Third_Party/FatFs/src/ff_gen_drv.o
                0x0000000020002330                disk
 *(COMMON)
                0x000000002000233c                . = ALIGN (0x4)
                0x000000002000233c                _ebss = .
                0x000000002000233c                __bss_end__ = _ebss

._user_heap_stack
                0x000000002000233c      0x604 load address 0x000000000800706c
                0x0000000020002340                . = ALIGN (0x8)
 *fill*         0x000000002000233c        0x4 
                [!provide]                        PROVIDE (end = .)
                0x0000000020002340                PROVIDE (_end = .)
                0x0000000020002540                . = (. + _Min_Heap_Size)
 *fill*         0x0000000020002340      0x200 
                0x0000000020002940                . = (. + _Min_Stack_Size)
 *fill*         0x0000000020002540      0x400 
                0x0000000020002940                . = ALIGN (0x8)

/DISCARD/
 libc.a(*)
 libm.a(*)
 libgcc.a(*)

.ARM.attributes
                0x0000000000000000       0x29
 *(.ARM.attributes)
 .ARM.attributes
                0x0000000000000000       0x1d c:/st/stm32cubeide_1.9.0/stm32cubeide/plugins/com.st.stm32cube.ide.mcu.externaltools.gnu-tools-for-stm32.10.3-2021.10.win32_1.0.0.202111181127/tools/bin/../lib/gcc/arm-none-eabi/10.3.1/thumb/v7-m/nofp/crti.o
 .ARM.attributes
                0x000000000000001d       0x2d c:/st/stm32cubeide_1.9.0/stm32cubeide/plugins/com.st.stm32cube.ide.mcu.externaltools.gnu-tools-for-stm32.10.3-2021.10.win32_1.0.0.202111181127/tools/bin/../lib/gcc/arm-none-eabi/10.3.1/thumb/v7-m/nofp/crtbegin.o
 .ARM.attributes
                0x000000000000004a       0x2d ./Core/Src/fatfs_sd.o
 .ARM.attributes
                0x0000000000000077       0x2d ./Core/Src/main.o
 .ARM.attributes
                0x00000000000000a4       0x2d ./Core/Src/stm32f1xx_hal_msp.o
 .ARM.attributes
                0x00000000000000d1       0x2d ./Core/Src/stm32f1xx_it.o
 .ARM.attributes
                0x00000000000000fe       0x2d ./Core/Src/system_stm32f1xx.o
 .ARM.attributes
                0x000000000000012b       0x21 ./Core/Startup/startup_stm32f103c8tx.o
 .ARM.attributes
                0x000000000000014c       0x2d ./Drivers/STM32F1xx_HAL_Driver/Src/stm32f1xx_hal.o
 .ARM.attributes
                0x0000000000000179       0x2d ./Drivers/STM32F1xx_HAL_Driver/Src/stm32f1xx_hal_cortex.o
 .ARM.attributes
                0x00000000000001a6       0x2d ./Drivers/STM32F1xx_HAL_Driver/Src/stm32f1xx_hal_gpio.o
 .ARM.attributes
                0x00000000000001d3       0x2d ./Drivers/STM32F1xx_HAL_Driver/Src/stm32f1xx_hal_rcc.o
 .ARM.attributes
                0x0000000000000200       0x2d ./Drivers/STM32F1xx_HAL_Driver/Src/stm32f1xx_hal_spi.o
 .ARM.attributes
                0x000000000000022d       0x2d ./FATFS/App/fatfs.o
 .ARM.attributes
                0x000000000000025a       0x2d ./FATFS/Target/user_diskio.o
 .ARM.attributes
                0x0000000000000287       0x2d ./Middlewares/Third_Party/FatFs/src/diskio.o
 .ARM.attributes
                0x00000000000002b4       0x2d ./Middlewares/Third_Party/FatFs/src/ff.o
 .ARM.attributes
                0x00000000000002e1       0x2d ./Middlewares/Third_Party/FatFs/src/ff_gen_drv.o
 .ARM.attributes
                0x000000000000030e       0x2d ./Middlewares/Third_Party/FatFs/src/option/ccsbcs.o
 .ARM.attributes
                0x000000000000033b       0x2d c:/st/stm32cubeide_1.9.0/stm32cubeide/plugins/com.st.stm32cube.ide.mcu.externaltools.gnu-tools-for-stm32.10.3-2021.10.win32_1.0.0.202111181127/tools/bin/../lib/gcc/arm-none-eabi/10.3.1/../../../../arm-none-eabi/lib/thumb/v7-m/nofp\libc_nano.a(lib_a-init.o)
 .ARM.attributes
                0x0000000000000368       0x2d c:/st/stm32cubeide_1.9.0/stm32cubeide/plugins/com.st.stm32cube.ide.mcu.externaltools.gnu-tools-for-stm32.10.3-2021.10.win32_1.0.0.202111181127/tools/bin/../lib/gcc/arm-none-eabi/10.3.1/../../../../arm-none-eabi/lib/thumb/v7-m/nofp\libc_nano.a(lib_a-memset.o)
 .ARM.attributes
                0x0000000000000395       0x1d c:/st/stm32cubeide_1.9.0/stm32cubeide/plugins/com.st.stm32cube.ide.mcu.externaltools.gnu-tools-for-stm32.10.3-2021.10.win32_1.0.0.202111181127/tools/bin/../lib/gcc/arm-none-eabi/10.3.1/thumb/v7-m/nofp/crtn.o
OUTPUT(SD1.elf elf32-littlearm)
LOAD linker stubs
LOAD c:/st/stm32cubeide_1.9.0/stm32cubeide/plugins/com.st.stm32cube.ide.mcu.externaltools.gnu-tools-for-stm32.10.3-2021.10.win32_1.0.0.202111181127/tools/bin/../lib/gcc/arm-none-eabi/10.3.1/../../../../arm-none-eabi/lib/thumb/v7-m/nofp\libc.a
LOAD c:/st/stm32cubeide_1.9.0/stm32cubeide/plugins/com.st.stm32cube.ide.mcu.externaltools.gnu-tools-for-stm32.10.3-2021.10.win32_1.0.0.202111181127/tools/bin/../lib/gcc/arm-none-eabi/10.3.1/../../../../arm-none-eabi/lib/thumb/v7-m/nofp\libm.a
LOAD c:/st/stm32cubeide_1.9.0/stm32cubeide/plugins/com.st.stm32cube.ide.mcu.externaltools.gnu-tools-for-stm32.10.3-2021.10.win32_1.0.0.202111181127/tools/bin/../lib/gcc/arm-none-eabi/10.3.1/thumb/v7-m/nofp\libgcc.a

.debug_info     0x0000000000000000     0x978f
 .debug_info    0x0000000000000000      0xc50 ./Core/Src/fatfs_sd.o
 .debug_info    0x0000000000000c50      0xe90 ./Core/Src/main.o
 .debug_info    0x0000000000001ae0      0x885 ./Core/Src/stm32f1xx_hal_msp.o
 .debug_info    0x0000000000002365      0x152 ./Core/Src/stm32f1xx_it.o
 .debug_info    0x00000000000024b7      0x23d ./Core/Src/system_stm32f1xx.o
 .debug_info    0x00000000000026f4       0x22 ./Core/Startup/startup_stm32f103c8tx.o
 .debug_info    0x0000000000002716      0x734 ./Drivers/STM32F1xx_HAL_Driver/Src/stm32f1xx_hal.o
 .debug_info    0x0000000000002e4a      0xb20 ./Drivers/STM32F1xx_HAL_Driver/Src/stm32f1xx_hal_cortex.o
 .debug_info    0x000000000000396a      0x615 ./Drivers/STM32F1xx_HAL_Driver/Src/stm32f1xx_hal_gpio.o
 .debug_info    0x0000000000003f7f      0x860 ./Drivers/STM32F1xx_HAL_Driver/Src/stm32f1xx_hal_rcc.o
 .debug_info    0x00000000000047df     0x1658 ./Drivers/STM32F1xx_HAL_Driver/Src/stm32f1xx_hal_spi.o
 .debug_info    0x0000000000005e37      0x52d ./FATFS/App/fatfs.o
 .debug_info    0x0000000000006364      0x3dc ./FATFS/Target/user_diskio.o
 .debug_info    0x0000000000006740      0x40d ./Middlewares/Third_Party/FatFs/src/diskio.o
 .debug_info    0x0000000000006b4d     0x2721 ./Middlewares/Third_Party/FatFs/src/ff.o
 .debug_info    0x000000000000926e      0x3a4 ./Middlewares/Third_Party/FatFs/src/ff_gen_drv.o
 .debug_info    0x0000000000009612      0x17d ./Middlewares/Third_Party/FatFs/src/option/ccsbcs.o

.debug_abbrev   0x0000000000000000     0x1ead
 .debug_abbrev  0x0000000000000000      0x2ec ./Core/Src/fatfs_sd.o
 .debug_abbrev  0x00000000000002ec      0x2f4 ./Core/Src/main.o
 .debug_abbrev  0x00000000000005e0      0x194 ./Core/Src/stm32f1xx_hal_msp.o
 .debug_abbrev  0x0000000000000774       0x96 ./Core/Src/stm32f1xx_it.o
 .debug_abbrev  0x000000000000080a      0x13b ./Core/Src/system_stm32f1xx.o
 .debug_abbrev  0x0000000000000945       0x12 ./Core/Startup/startup_stm32f103c8tx.o
 .debug_abbrev  0x0000000000000957      0x1fb ./Drivers/STM32F1xx_HAL_Driver/Src/stm32f1xx_hal.o
 .debug_abbrev  0x0000000000000b52      0x2ed ./Drivers/STM32F1xx_HAL_Driver/Src/stm32f1xx_hal_cortex.o
 .debug_abbrev  0x0000000000000e3f      0x1bb ./Drivers/STM32F1xx_HAL_Driver/Src/stm32f1xx_hal_gpio.o
 .debug_abbrev  0x0000000000000ffa      0x2a8 ./Drivers/STM32F1xx_HAL_Driver/Src/stm32f1xx_hal_rcc.o
 .debug_abbrev  0x00000000000012a2      0x26e ./Drivers/STM32F1xx_HAL_Driver/Src/stm32f1xx_hal_spi.o
 .debug_abbrev  0x0000000000001510      0x19a ./FATFS/App/fatfs.o
 .debug_abbrev  0x00000000000016aa      0x155 ./FATFS/Target/user_diskio.o
 .debug_abbrev  0x00000000000017ff      0x178 ./Middlewares/Third_Party/FatFs/src/diskio.o
 .debug_abbrev  0x0000000000001977      0x2cd ./Middlewares/Third_Party/FatFs/src/ff.o
 .debug_abbrev  0x0000000000001c44      0x196 ./Middlewares/Third_Party/FatFs/src/ff_gen_drv.o
 .debug_abbrev  0x0000000000001dda       0xd3 ./Middlewares/Third_Party/FatFs/src/option/ccsbcs.o

.debug_aranges  0x0000000000000000      0x988
 .debug_aranges
                0x0000000000000000       0xa8 ./Core/Src/fatfs_sd.o
 .debug_aranges
                0x00000000000000a8       0x40 ./Core/Src/main.o
 .debug_aranges
                0x00000000000000e8       0x30 ./Core/Src/stm32f1xx_hal_msp.o
 .debug_aranges
                0x0000000000000118       0x60 ./Core/Src/stm32f1xx_it.o
 .debug_aranges
                0x0000000000000178       0x28 ./Core/Src/system_stm32f1xx.o
 .debug_aranges
                0x00000000000001a0       0x28 ./Core/Startup/startup_stm32f103c8tx.o
 .debug_aranges
                0x00000000000001c8       0xe0 ./Drivers/STM32F1xx_HAL_Driver/Src/stm32f1xx_hal.o
 .debug_aranges
                0x00000000000002a8      0x100 ./Drivers/STM32F1xx_HAL_Driver/Src/stm32f1xx_hal_cortex.o
 .debug_aranges
                0x00000000000003a8       0x58 ./Drivers/STM32F1xx_HAL_Driver/Src/stm32f1xx_hal_gpio.o
 .debug_aranges
                0x0000000000000400       0x90 ./Drivers/STM32F1xx_HAL_Driver/Src/stm32f1xx_hal_rcc.o
 .debug_aranges
                0x0000000000000490      0x1d0 ./Drivers/STM32F1xx_HAL_Driver/Src/stm32f1xx_hal_spi.o
 .debug_aranges
                0x0000000000000660       0x28 ./FATFS/App/fatfs.o
 .debug_aranges
                0x0000000000000688       0x40 ./FATFS/Target/user_diskio.o
 .debug_aranges
                0x00000000000006c8       0x48 ./Middlewares/Third_Party/FatFs/src/diskio.o
 .debug_aranges
                0x0000000000000710      0x210 ./Middlewares/Third_Party/FatFs/src/ff.o
 .debug_aranges
                0x0000000000000920       0x40 ./Middlewares/Third_Party/FatFs/src/ff_gen_drv.o
 .debug_aranges
                0x0000000000000960       0x28 ./Middlewares/Third_Party/FatFs/src/option/ccsbcs.o

.debug_ranges   0x0000000000000000      0x880
 .debug_ranges  0x0000000000000000       0x98 ./Core/Src/fatfs_sd.o
 .debug_ranges  0x0000000000000098       0x30 ./Core/Src/main.o
 .debug_ranges  0x00000000000000c8       0x20 ./Core/Src/stm32f1xx_hal_msp.o
 .debug_ranges  0x00000000000000e8       0x50 ./Core/Src/stm32f1xx_it.o
 .debug_ranges  0x0000000000000138       0x18 ./Core/Src/system_stm32f1xx.o
 .debug_ranges  0x0000000000000150       0x20 ./Core/Startup/startup_stm32f103c8tx.o
 .debug_ranges  0x0000000000000170       0xd0 ./Drivers/STM32F1xx_HAL_Driver/Src/stm32f1xx_hal.o
 .debug_ranges  0x0000000000000240       0xf0 ./Drivers/STM32F1xx_HAL_Driver/Src/stm32f1xx_hal_cortex.o
 .debug_ranges  0x0000000000000330       0x48 ./Drivers/STM32F1xx_HAL_Driver/Src/stm32f1xx_hal_gpio.o
 .debug_ranges  0x0000000000000378       0x80 ./Drivers/STM32F1xx_HAL_Driver/Src/stm32f1xx_hal_rcc.o
 .debug_ranges  0x00000000000003f8      0x1c0 ./Drivers/STM32F1xx_HAL_Driver/Src/stm32f1xx_hal_spi.o
 .debug_ranges  0x00000000000005b8       0x18 ./FATFS/App/fatfs.o
 .debug_ranges  0x00000000000005d0       0x30 ./FATFS/Target/user_diskio.o
 .debug_ranges  0x0000000000000600       0x38 ./Middlewares/Third_Party/FatFs/src/diskio.o
 .debug_ranges  0x0000000000000638      0x200 ./Middlewares/Third_Party/FatFs/src/ff.o
 .debug_ranges  0x0000000000000838       0x30 ./Middlewares/Third_Party/FatFs/src/ff_gen_drv.o
 .debug_ranges  0x0000000000000868       0x18 ./Middlewares/Third_Party/FatFs/src/option/ccsbcs.o

.debug_macro    0x0000000000000000    0x179e5
 .debug_macro   0x0000000000000000      0x1c1 ./Core/Src/fatfs_sd.o
 .debug_macro   0x00000000000001c1      0xa6c ./Core/Src/fatfs_sd.o
 .debug_macro   0x0000000000000c2d      0x215 ./Core/Src/fatfs_sd.o
 .debug_macro   0x0000000000000e42       0x2e ./Core/Src/fatfs_sd.o
 .debug_macro   0x0000000000000e70       0x22 ./Core/Src/fatfs_sd.o
 .debug_macro   0x0000000000000e92       0x22 ./Core/Src/fatfs_sd.o
 .debug_macro   0x0000000000000eb4       0x8e ./Core/Src/fatfs_sd.o
 .debug_macro   0x0000000000000f42       0x51 ./Core/Src/fatfs_sd.o
 .debug_macro   0x0000000000000f93      0x103 ./Core/Src/fatfs_sd.o
 .debug_macro   0x0000000000001096       0x6a ./Core/Src/fatfs_sd.o
 .debug_macro   0x0000000000001100      0x1df ./Core/Src/fatfs_sd.o
 .debug_macro   0x00000000000012df       0x1c ./Core/Src/fatfs_sd.o
 .debug_macro   0x00000000000012fb       0x22 ./Core/Src/fatfs_sd.o
 .debug_macro   0x000000000000131d       0xbd ./Core/Src/fatfs_sd.o
 .debug_macro   0x00000000000013da      0xd23 ./Core/Src/fatfs_sd.o
 .debug_macro   0x00000000000020fd     0xe09e ./Core/Src/fatfs_sd.o
 .debug_macro   0x000000000001019b       0x6d ./Core/Src/fatfs_sd.o
 .debug_macro   0x0000000000010208     0x3468 ./Core/Src/fatfs_sd.o
 .debug_macro   0x0000000000013670      0x174 ./Core/Src/fatfs_sd.o
 .debug_macro   0x00000000000137e4       0x5c ./Core/Src/fatfs_sd.o
 .debug_macro   0x0000000000013840      0x5be ./Core/Src/fatfs_sd.o
 .debug_macro   0x0000000000013dfe      0x289 ./Core/Src/fatfs_sd.o
 .debug_macro   0x0000000000014087      0x1cb ./Core/Src/fatfs_sd.o
 .debug_macro   0x0000000000014252      0x114 ./Core/Src/fatfs_sd.o
 .debug_macro   0x0000000000014366      0x1b2 ./Core/Src/fatfs_sd.o
 .debug_macro   0x0000000000014518       0x27 ./Core/Src/fatfs_sd.o
 .debug_macro   0x000000000001453f      0x136 ./Core/Src/fatfs_sd.o
 .debug_macro   0x0000000000014675      0x1bc ./Core/Src/fatfs_sd.o
 .debug_macro   0x0000000000014831       0x34 ./Core/Src/fatfs_sd.o
 .debug_macro   0x0000000000014865       0x3c ./Core/Src/fatfs_sd.o
 .debug_macro   0x00000000000148a1       0x57 ./Core/Src/fatfs_sd.o
 .debug_macro   0x00000000000148f8       0x88 ./Core/Src/fatfs_sd.o
 .debug_macro   0x0000000000014980      0x241 ./Core/Src/fatfs_sd.o
 .debug_macro   0x0000000000014bc1      0x141 ./Core/Src/fatfs_sd.o
 .debug_macro   0x0000000000014d02      0x217 ./Core/Src/fatfs_sd.o
 .debug_macro   0x0000000000014f19       0x83 ./Core/Src/fatfs_sd.o
 .debug_macro   0x0000000000014f9c       0x16 ./Core/Src/fatfs_sd.o
 .debug_macro   0x0000000000014fb2       0x7c ./Core/Src/fatfs_sd.o
 .debug_macro   0x000000000001502e       0x9a ./Core/Src/fatfs_sd.o
 .debug_macro   0x00000000000150c8      0x2b3 ./Core/Src/main.o
 .debug_macro   0x000000000001537b       0xde ./Core/Src/main.o
 .debug_macro   0x0000000000015459       0xf5 ./Core/Src/main.o
 .debug_macro   0x000000000001554e       0x8e ./Core/Src/main.o
 .debug_macro   0x00000000000155dc       0x52 ./Core/Src/main.o
 .debug_macro   0x000000000001562e       0x18 ./Core/Src/main.o
 .debug_macro   0x0000000000015646       0x3c ./Core/Src/main.o
 .debug_macro   0x0000000000015682       0x34 ./Core/Src/main.o
 .debug_macro   0x00000000000156b6       0x16 ./Core/Src/main.o
 .debug_macro   0x00000000000156cc       0x43 ./Core/Src/main.o
 .debug_macro   0x000000000001570f       0x34 ./Core/Src/main.o
 .debug_macro   0x0000000000015743       0x10 ./Core/Src/main.o
 .debug_macro   0x0000000000015753       0x58 ./Core/Src/main.o
 .debug_macro   0x00000000000157ab       0x71 ./Core/Src/main.o
 .debug_macro   0x000000000001581c       0x1c ./Core/Src/main.o
 .debug_macro   0x0000000000015838      0x12a ./Core/Src/main.o
 .debug_macro   0x0000000000015962      0x341 ./Core/Src/main.o
 .debug_macro   0x0000000000015ca3       0x10 ./Core/Src/main.o
 .debug_macro   0x0000000000015cb3       0x35 ./Core/Src/main.o
 .debug_macro   0x0000000000015ce8       0x20 ./Core/Src/main.o
 .debug_macro   0x0000000000015d08      0x198 ./Core/Src/stm32f1xx_hal_msp.o
 .debug_macro   0x0000000000015ea0      0x1a2 ./Core/Src/stm32f1xx_it.o
 .debug_macro   0x0000000000016042      0x18e ./Core/Src/system_stm32f1xx.o
 .debug_macro   0x00000000000161d0      0x1b2 ./Drivers/STM32F1xx_HAL_Driver/Src/stm32f1xx_hal.o
 .debug_macro   0x0000000000016382      0x18e ./Drivers/STM32F1xx_HAL_Driver/Src/stm32f1xx_hal_cortex.o
 .debug_macro   0x0000000000016510      0x1f9 ./Drivers/STM32F1xx_HAL_Driver/Src/stm32f1xx_hal_gpio.o
 .debug_macro   0x0000000000016709      0x1a0 ./Drivers/STM32F1xx_HAL_Driver/Src/stm32f1xx_hal_rcc.o
 .debug_macro   0x00000000000168a9      0x196 ./Drivers/STM32F1xx_HAL_Driver/Src/stm32f1xx_hal_spi.o
 .debug_macro   0x0000000000016a3f      0x1eb ./FATFS/App/fatfs.o
 .debug_macro   0x0000000000016c2a       0xd8 ./FATFS/App/fatfs.o
 .debug_macro   0x0000000000016d02      0x2a0 ./FATFS/Target/user_diskio.o
 .debug_macro   0x0000000000016fa2       0x56 ./FATFS/Target/user_diskio.o
 .debug_macro   0x0000000000016ff8      0x1d8 ./Middlewares/Third_Party/FatFs/src/diskio.o
 .debug_macro   0x00000000000171d0      0x41f ./Middlewares/Third_Party/FatFs/src/ff.o
 .debug_macro   0x00000000000175ef       0x58 ./Middlewares/Third_Party/FatFs/src/ff.o
 .debug_macro   0x0000000000017647      0x1d8 ./Middlewares/Third_Party/FatFs/src/ff_gen_drv.o
 .debug_macro   0x000000000001781f      0x1c6 ./Middlewares/Third_Party/FatFs/src/option/ccsbcs.o

.debug_line     0x0000000000000000     0xcd33
 .debug_line    0x0000000000000000      0xd50 ./Core/Src/fatfs_sd.o
 .debug_line    0x0000000000000d50      0x95e ./Core/Src/main.o
 .debug_line    0x00000000000016ae      0x68f ./Core/Src/stm32f1xx_hal_msp.o
 .debug_line    0x0000000000001d3d      0x710 ./Core/Src/stm32f1xx_it.o
 .debug_line    0x000000000000244d      0x6ba ./Core/Src/system_stm32f1xx.o
 .debug_line    0x0000000000002b07       0x87 ./Core/Startup/startup_stm32f103c8tx.o
 .debug_line    0x0000000000002b8e      0x8e7 ./Drivers/STM32F1xx_HAL_Driver/Src/stm32f1xx_hal.o
 .debug_line    0x0000000000003475      0xacf ./Drivers/STM32F1xx_HAL_Driver/Src/stm32f1xx_hal_cortex.o
 .debug_line    0x0000000000003f44      0x97e ./Drivers/STM32F1xx_HAL_Driver/Src/stm32f1xx_hal_gpio.o
 .debug_line    0x00000000000048c2      0xcf5 ./Drivers/STM32F1xx_HAL_Driver/Src/stm32f1xx_hal_rcc.o
 .debug_line    0x00000000000055b7     0x1b6c ./Drivers/STM32F1xx_HAL_Driver/Src/stm32f1xx_hal_spi.o
 .debug_line    0x0000000000007123      0x6d7 ./FATFS/App/fatfs.o
 .debug_line    0x00000000000077fa      0x857 ./FATFS/Target/user_diskio.o
 .debug_line    0x0000000000008051      0x748 ./Middlewares/Third_Party/FatFs/src/diskio.o
 .debug_line    0x0000000000008799     0x36ec ./Middlewares/Third_Party/FatFs/src/ff.o
 .debug_line    0x000000000000be85      0x765 ./Middlewares/Third_Party/FatFs/src/ff_gen_drv.o
 .debug_line    0x000000000000c5ea      0x749 ./Middlewares/Third_Party/FatFs/src/option/ccsbcs.o

.debug_str      0x0000000000000000    0x82018
 .debug_str     0x0000000000000000    0x7c3c9 ./Core/Src/fatfs_sd.o
                                      0x7c788 (size before relaxing)
 .debug_str     0x000000000007c3c9     0x389a ./Core/Src/main.o
                                      0x7fce2 (size before relaxing)
 .debug_str     0x000000000007fc63       0x91 ./Core/Src/stm32f1xx_hal_msp.o
                                      0x7c335 (size before relaxing)
 .debug_str     0x000000000007fcf4       0xc9 ./Core/Src/stm32f1xx_it.o
                                      0x7bf11 (size before relaxing)
 .debug_str     0x000000000007fdbd       0x7e ./Core/Src/system_stm32f1xx.o
                                      0x7bf05 (size before relaxing)
 .debug_str     0x000000000007fe3b       0x36 ./Core/Startup/startup_stm32f103c8tx.o
                                         0x7a (size before relaxing)
 .debug_str     0x000000000007fe71      0x5fd ./Drivers/STM32F1xx_HAL_Driver/Src/stm32f1xx_hal.o
                                      0x7c638 (size before relaxing)
 .debug_str     0x000000000008046e      0x2bb ./Drivers/STM32F1xx_HAL_Driver/Src/stm32f1xx_hal_cortex.o
                                      0x7c584 (size before relaxing)
 .debug_str     0x0000000000080729      0x2e6 ./Drivers/STM32F1xx_HAL_Driver/Src/stm32f1xx_hal_gpio.o
                                      0x7c28b (size before relaxing)
 .debug_str     0x0000000000080a0f      0x229 ./Drivers/STM32F1xx_HAL_Driver/Src/stm32f1xx_hal_rcc.o
                                      0x7c334 (size before relaxing)
 .debug_str     0x0000000000080c38      0x543 ./Drivers/STM32F1xx_HAL_Driver/Src/stm32f1xx_hal_spi.o
                                      0x7c831 (size before relaxing)
 .debug_str     0x000000000008117b       0x74 ./FATFS/App/fatfs.o
                                      0x7c798 (size before relaxing)
 .debug_str     0x00000000000811ef       0x5a ./FATFS/Target/user_diskio.o
                                      0x7f518 (size before relaxing)
 .debug_str     0x0000000000081249       0x52 ./Middlewares/Third_Party/FatFs/src/diskio.o
                                      0x7c6be (size before relaxing)
 .debug_str     0x000000000008129b      0xc99 ./Middlewares/Third_Party/FatFs/src/ff.o
                                      0x7d57c (size before relaxing)
 .debug_str     0x0000000000081f34       0x91 ./Middlewares/Third_Party/FatFs/src/ff_gen_drv.o
                                      0x7c70f (size before relaxing)
 .debug_str     0x0000000000081fc5       0x53 ./Middlewares/Third_Party/FatFs/src/option/ccsbcs.o
                                      0x7c49d (size before relaxing)

.comment        0x0000000000000000       0x50
 .comment       0x0000000000000000       0x50 ./Core/Src/fatfs_sd.o
                                         0x51 (size before relaxing)
 .comment       0x0000000000000050       0x51 ./Core/Src/main.o
 .comment       0x0000000000000050       0x51 ./Core/Src/stm32f1xx_hal_msp.o
 .comment       0x0000000000000050       0x51 ./Core/Src/stm32f1xx_it.o
 .comment       0x0000000000000050       0x51 ./Core/Src/system_stm32f1xx.o
 .comment       0x0000000000000050       0x51 ./Drivers/STM32F1xx_HAL_Driver/Src/stm32f1xx_hal.o
 .comment       0x0000000000000050       0x51 ./Drivers/STM32F1xx_HAL_Driver/Src/stm32f1xx_hal_cortex.o
 .comment       0x0000000000000050       0x51 ./Drivers/STM32F1xx_HAL_Driver/Src/stm32f1xx_hal_gpio.o
 .comment       0x0000000000000050       0x51 ./Drivers/STM32F1xx_HAL_Driver/Src/stm32f1xx_hal_rcc.o
 .comment       0x0000000000000050       0x51 ./Drivers/STM32F1xx_HAL_Driver/Src/stm32f1xx_hal_spi.o
 .comment       0x0000000000000050       0x51 ./FATFS/App/fatfs.o
 .comment       0x0000000000000050       0x51 ./FATFS/Target/user_diskio.o
 .comment       0x0000000000000050       0x51 ./Middlewares/Third_Party/FatFs/src/diskio.o
 .comment       0x0000000000000050       0x51 ./Middlewares/Third_Party/FatFs/src/ff.o
 .comment       0x0000000000000050       0x51 ./Middlewares/Third_Party/FatFs/src/ff_gen_drv.o
 .comment       0x0000000000000050       0x51 ./Middlewares/Third_Party/FatFs/src/option/ccsbcs.o

.debug_frame    0x0000000000000000     0x2514
 .debug_frame   0x0000000000000000      0x28c ./Core/Src/fatfs_sd.o
 .debug_frame   0x000000000000028c       0xa8 ./Core/Src/main.o
 .debug_frame   0x0000000000000334       0x80 ./Core/Src/stm32f1xx_hal_msp.o
 .debug_frame   0x00000000000003b4      0x104 ./Core/Src/stm32f1xx_it.o
 .debug_frame   0x00000000000004b8       0x58 ./Core/Src/system_stm32f1xx.o
 .debug_frame   0x0000000000000510      0x334 ./Drivers/STM32F1xx_HAL_Driver/Src/stm32f1xx_hal.o
 .debug_frame   0x0000000000000844      0x428 ./Drivers/STM32F1xx_HAL_Driver/Src/stm32f1xx_hal_cortex.o
 .debug_frame   0x0000000000000c6c      0x14c ./Drivers/STM32F1xx_HAL_Driver/Src/stm32f1xx_hal_gpio.o
 .debug_frame   0x0000000000000db8      0x21c ./Drivers/STM32F1xx_HAL_Driver/Src/stm32f1xx_hal_rcc.o
 .debug_frame   0x0000000000000fd4      0x824 ./Drivers/STM32F1xx_HAL_Driver/Src/stm32f1xx_hal_spi.o
 .debug_frame   0x00000000000017f8       0x4c ./FATFS/App/fatfs.o
 .debug_frame   0x0000000000001844       0xc4 ./FATFS/Target/user_diskio.o
 .debug_frame   0x0000000000001908       0xec ./Middlewares/Third_Party/FatFs/src/diskio.o
 .debug_frame   0x00000000000019f4      0x9ac ./Middlewares/Third_Party/FatFs/src/ff.o
 .debug_frame   0x00000000000023a0       0xc8 ./Middlewares/Third_Party/FatFs/src/ff_gen_drv.o
 .debug_frame   0x0000000000002468       0x60 ./Middlewares/Third_Party/FatFs/src/option/ccsbcs.o
 .debug_frame   0x00000000000024c8       0x2c c:/st/stm32cubeide_1.9.0/stm32cubeide/plugins/com.st.stm32cube.ide.mcu.externaltools.gnu-tools-for-stm32.10.3-2021.10.win32_1.0.0.202111181127/tools/bin/../lib/gcc/arm-none-eabi/10.3.1/../../../../arm-none-eabi/lib/thumb/v7-m/nofp\libc_nano.a(lib_a-init.o)
 .debug_frame   0x00000000000024f4       0x20 c:/st/stm32cubeide_1.9.0/stm32cubeide/plugins/com.st.stm32cube.ide.mcu.externaltools.gnu-tools-for-stm32.10.3-2021.10.win32_1.0.0.202111181127/tools/bin/../lib/gcc/arm-none-eabi/10.3.1/../../../../arm-none-eabi/lib/thumb/v7-m/nofp\libc_nano.a(lib_a-memset.o)
