../Core/Src/main.c:94:6:SDCARD_Task	32	static
../Core/Src/main.c:142:5:main	64	static
../Core/Src/main.c:245:6:SystemClock_Config	88	static
../Core/Src/main.c:290:13:MX_ADC1_Init	24	static
../Core/Src/main.c:335:13:MX_I2C1_Init	8	static
../Core/Src/main.c:369:13:MX_SPI1_Init	8	static
../Core/Src/main.c:407:13:MX_TIM1_Init	32	static
../Core/Src/main.c:453:13:MX_TIM3_Init	32	static
../Core/Src/main.c:498:13:MX_USART1_UART_Init	8	static
../Core/Src/main.c:531:13:MX_GPIO_Init	40	static
../Core/Src/main.c:569:6:StartDefaultTask	16	static
../Core/Src/main.c:588:6:HAL_TIM_PeriodElapsedCallback	24	static,ignoring_inline_asm
../Core/Src/main.c:622:6:Error_Handler	4	static
