../Core/Src/stm32f1xx_it.c:61:6:SDTimer_Handler	4	static
../Core/Src/stm32f1xx_it.c:86:6:NMI_Handler	4	static
../Core/Src/stm32f1xx_it.c:99:6:HardFault_Handler	4	static
../Core/Src/stm32f1xx_it.c:114:6:MemManage_Handler	4	static
../Core/Src/stm32f1xx_it.c:129:6:BusFault_Handler	4	static
../Core/Src/stm32f1xx_it.c:144:6:UsageFault_Handler	4	static
../Core/Src/stm32f1xx_it.c:159:6:DebugMon_Handler	4	static
../Core/Src/stm32f1xx_it.c:179:6:TIM1_UP_IRQHandler	8	static
../Core/Src/stm32f1xx_it.c:193:6:TIM2_IRQHandler	8	static
