../Core/Src/libraries/OneWire.c:43:10:USART_ReceiveData	16	static
../Core/Src/libraries/OneWire.c:52:6:USART_SendData	16	static
../Core/Src/libraries/OneWire.c:65:6:usart_setup	16	static,ignoring_inline_asm
../Core/Src/libraries/OneWire.c:84:6:owInit	32	static
../Core/Src/libraries/OneWire.c:99:6:owReadHandler	24	static
../Core/Src/libraries/OneWire.c:118:12:owResetCmd	16	static
../Core/Src/libraries/OneWire.c:130:9:getUsartIndex	4	static
../Core/Src/libraries/OneWire.c:138:6:owSend	16	static
../Core/Src/libraries/OneWire.c:144:9:owReadSlot	16	static
../Core/Src/libraries/OneWire.c:148:10:owEchoRead	16	static
../Core/Src/libraries/OneWire.c:155:10:byteToBits	24	static
../Core/Src/libraries/OneWire.c:174:6:owSendByte	32	static
../Core/Src/libraries/OneWire.c:184:9:bitsToByte	24	static
../Core/Src/libraries/OneWire.c:198:9:owCRC	24	static
../Core/Src/libraries/OneWire.c:216:9:owCRC8	16	static
../Core/Src/libraries/OneWire.c:227:5:hasNextRom	40	static
../Core/Src/libraries/OneWire.c:275:5:owSearchCmd	24	static
../Core/Src/libraries/OneWire.c:287:6:owSkipRomCmd	16	static
../Core/Src/libraries/OneWire.c:292:6:owMatchRomCmd	24	static
../Core/Src/libraries/OneWire.c:300:6:owConvertTemperatureCmd	16	static
../Core/Src/libraries/OneWire.c:314:10:owReadScratchpadCmd	32	static
../Core/Src/libraries/OneWire.c:341:6:owWriteDS18B20Scratchpad	24	static
../Core/Src/libraries/OneWire.c:360:13:readTemperature	56	static
../Core/Src/libraries/OneWire.c:389:6:owCopyScratchpadCmd	16	static
../Core/Src/libraries/OneWire.c:394:6:owRecallE2Cmd	16	static
../Core/Src/libraries/OneWire.c:400:5:get_ROMid	56	static,ignoring_inline_asm
../Core/Src/libraries/OneWire.c:436:6:get_Temperature	16	static
