../Core/Src/main.c:102:5:main	56	static
../Core/Src/main.c:197:6:SystemClock_Config	88	static
../Core/Src/main.c:245:13:MX_I2C1_Init	8	static
../Core/Src/main.c:279:13:MX_RTC_Init	8	static
../Core/Src/main.c:337:13:MX_SPI1_Init	8	static
../Core/Src/main.c:375:13:MX_TIM1_Init	32	static
../Core/Src/main.c:421:13:MX_TIM3_Init	32	static
../Core/Src/main.c:466:13:MX_USART1_UART_Init	8	static
../Core/Src/main.c:499:13:MX_GPIO_Init	40	static
../Core/Src/main.c:557:6:StartDefaultTask	16	static
../Core/Src/main.c:576:6:HAL_TIM_PeriodElapsedCallback	16	static
../Core/Src/main.c:593:6:Error_Handler	4	static,ignoring_inline_asm
