../Core/Src/main.c:102:5:main	56	static
../Core/Src/main.c:198:6:SystemClock_Config	88	static
../Core/Src/main.c:246:13:MX_I2C1_Init	8	static
../Core/Src/main.c:280:13:MX_RTC_Init	16	static
../Core/Src/main.c:338:13:MX_SPI1_Init	8	static
../Core/Src/main.c:376:13:MX_TIM1_Init	32	static
../Core/Src/main.c:422:13:MX_TIM3_Init	32	static
../Core/Src/main.c:467:13:MX_USART1_UART_Init	8	static
../Core/Src/main.c:500:13:MX_GPIO_Init	40	static
../Core/Src/main.c:558:6:StartDefaultTask	16	static
../Core/Src/main.c:577:6:HAL_TIM_PeriodElapsedCallback	16	static
../Core/Src/main.c:594:6:Error_Handler	4	static,ignoring_inline_asm
