../Core/Src/stm32f1xx_it.c:58:6:SDTimer_Handler	4	static
../Core/Src/stm32f1xx_it.c:83:6:NMI_Handler	4	static
../Core/Src/stm32f1xx_it.c:98:6:HardFault_Handler	4	static
../Core/Src/stm32f1xx_it.c:113:6:MemManage_Handler	4	static
../Core/Src/stm32f1xx_it.c:128:6:BusFault_Handler	4	static
../Core/Src/stm32f1xx_it.c:143:6:UsageFault_Handler	4	static
../Core/Src/stm32f1xx_it.c:158:6:DebugMon_Handler	4	static
../Core/Src/stm32f1xx_it.c:178:6:TIM4_IRQHandler	8	static
../Core/Src/stm32f1xx_it.c:197:6:USART1_IRQHandler	8	static
