Archive member included to satisfy reference by file (symbol)

c:/st/stm32cubeide_1.10.1/stm32cubeide/plugins/com.st.stm32cube.ide.mcu.externaltools.gnu-tools-for-stm32.10.3-2021.10.win32_1.0.0.202111181127/tools/bin/../lib/gcc/arm-none-eabi/10.3.1/../../../../arm-none-eabi/lib/thumb/v7-m/nofp\libc_nano.a(lib_a-errno.o)
                              ./Core/Src/syscalls.o (__errno)
c:/st/stm32cubeide_1.10.1/stm32cubeide/plugins/com.st.stm32cube.ide.mcu.externaltools.gnu-tools-for-stm32.10.3-2021.10.win32_1.0.0.202111181127/tools/bin/../lib/gcc/arm-none-eabi/10.3.1/../../../../arm-none-eabi/lib/thumb/v7-m/nofp\libc_nano.a(lib_a-exit.o)
                              c:/st/stm32cubeide_1.10.1/stm32cubeide/plugins/com.st.stm32cube.ide.mcu.externaltools.gnu-tools-for-stm32.10.3-2021.10.win32_1.0.0.202111181127/tools/bin/../lib/gcc/arm-none-eabi/10.3.1/../../../../arm-none-eabi/lib/thumb/v7-m/nofp/crt0.o (exit)
c:/st/stm32cubeide_1.10.1/stm32cubeide/plugins/com.st.stm32cube.ide.mcu.externaltools.gnu-tools-for-stm32.10.3-2021.10.win32_1.0.0.202111181127/tools/bin/../lib/gcc/arm-none-eabi/10.3.1/../../../../arm-none-eabi/lib/thumb/v7-m/nofp\libc_nano.a(lib_a-findfp.o)
                              ./Middlewares/Third_Party/FreeRTOS/Source/tasks.o (__sf_fake_stderr)
c:/st/stm32cubeide_1.10.1/stm32cubeide/plugins/com.st.stm32cube.ide.mcu.externaltools.gnu-tools-for-stm32.10.3-2021.10.win32_1.0.0.202111181127/tools/bin/../lib/gcc/arm-none-eabi/10.3.1/../../../../arm-none-eabi/lib/thumb/v7-m/nofp\libc_nano.a(lib_a-fwalk.o)
                              c:/st/stm32cubeide_1.10.1/stm32cubeide/plugins/com.st.stm32cube.ide.mcu.externaltools.gnu-tools-for-stm32.10.3-2021.10.win32_1.0.0.202111181127/tools/bin/../lib/gcc/arm-none-eabi/10.3.1/../../../../arm-none-eabi/lib/thumb/v7-m/nofp\libc_nano.a(lib_a-findfp.o) (_fwalk)
c:/st/stm32cubeide_1.10.1/stm32cubeide/plugins/com.st.stm32cube.ide.mcu.externaltools.gnu-tools-for-stm32.10.3-2021.10.win32_1.0.0.202111181127/tools/bin/../lib/gcc/arm-none-eabi/10.3.1/../../../../arm-none-eabi/lib/thumb/v7-m/nofp\libc_nano.a(lib_a-impure.o)
                              c:/st/stm32cubeide_1.10.1/stm32cubeide/plugins/com.st.stm32cube.ide.mcu.externaltools.gnu-tools-for-stm32.10.3-2021.10.win32_1.0.0.202111181127/tools/bin/../lib/gcc/arm-none-eabi/10.3.1/../../../../arm-none-eabi/lib/thumb/v7-m/nofp\libc_nano.a(lib_a-exit.o) (_global_impure_ptr)
c:/st/stm32cubeide_1.10.1/stm32cubeide/plugins/com.st.stm32cube.ide.mcu.externaltools.gnu-tools-for-stm32.10.3-2021.10.win32_1.0.0.202111181127/tools/bin/../lib/gcc/arm-none-eabi/10.3.1/../../../../arm-none-eabi/lib/thumb/v7-m/nofp\libc_nano.a(lib_a-init.o)
                              c:/st/stm32cubeide_1.10.1/stm32cubeide/plugins/com.st.stm32cube.ide.mcu.externaltools.gnu-tools-for-stm32.10.3-2021.10.win32_1.0.0.202111181127/tools/bin/../lib/gcc/arm-none-eabi/10.3.1/../../../../arm-none-eabi/lib/thumb/v7-m/nofp/crt0.o (__libc_init_array)
c:/st/stm32cubeide_1.10.1/stm32cubeide/plugins/com.st.stm32cube.ide.mcu.externaltools.gnu-tools-for-stm32.10.3-2021.10.win32_1.0.0.202111181127/tools/bin/../lib/gcc/arm-none-eabi/10.3.1/../../../../arm-none-eabi/lib/thumb/v7-m/nofp\libc_nano.a(lib_a-lock.o)
                              c:/st/stm32cubeide_1.10.1/stm32cubeide/plugins/com.st.stm32cube.ide.mcu.externaltools.gnu-tools-for-stm32.10.3-2021.10.win32_1.0.0.202111181127/tools/bin/../lib/gcc/arm-none-eabi/10.3.1/../../../../arm-none-eabi/lib/thumb/v7-m/nofp\libc_nano.a(lib_a-findfp.o) (__retarget_lock_init_recursive)
c:/st/stm32cubeide_1.10.1/stm32cubeide/plugins/com.st.stm32cube.ide.mcu.externaltools.gnu-tools-for-stm32.10.3-2021.10.win32_1.0.0.202111181127/tools/bin/../lib/gcc/arm-none-eabi/10.3.1/../../../../arm-none-eabi/lib/thumb/v7-m/nofp\libc_nano.a(lib_a-memcpy-stub.o)
                              ./Middlewares/Third_Party/FreeRTOS/Source/CMSIS_RTOS_V2/cmsis_os2.o (memcpy)
c:/st/stm32cubeide_1.10.1/stm32cubeide/plugins/com.st.stm32cube.ide.mcu.externaltools.gnu-tools-for-stm32.10.3-2021.10.win32_1.0.0.202111181127/tools/bin/../lib/gcc/arm-none-eabi/10.3.1/../../../../arm-none-eabi/lib/thumb/v7-m/nofp\libc_nano.a(lib_a-memset.o)
                              c:/st/stm32cubeide_1.10.1/stm32cubeide/plugins/com.st.stm32cube.ide.mcu.externaltools.gnu-tools-for-stm32.10.3-2021.10.win32_1.0.0.202111181127/tools/bin/../lib/gcc/arm-none-eabi/10.3.1/../../../../arm-none-eabi/lib/thumb/v7-m/nofp/crt0.o (memset)
c:/st/stm32cubeide_1.10.1/stm32cubeide/plugins/com.st.stm32cube.ide.mcu.externaltools.gnu-tools-for-stm32.10.3-2021.10.win32_1.0.0.202111181127/tools/bin/../lib/gcc/arm-none-eabi/10.3.1/../../../../arm-none-eabi/lib/thumb/v7-m/nofp\libc_nano.a(lib_a-nano-mallocr.o)
[...]
Memory Configuration

Name             Origin             Length             Attributes
RAM              0x0000000020000000 0x0000000000005000 xrw
FLASH            0x0000000008000000 0x0000000000010000 xr
*default*        0x0000000000000000 0xffffffffffffffff

Linker script and memory map

LOAD c:/st/stm32cubeide_1.10.1/stm32cubeide/plugins/com.st.stm32cube.ide.mcu.externaltools.gnu-tools-for-stm32.10.3-2021.10.win32_1.0.0.202111181127/tools/bin/../lib/gcc/arm-none-eabi/10.3.1/thumb/v7-m/nofp/crti.o
LOAD c:/st/stm32cubeide_1.10.1/stm32cubeide/plugins/com.st.stm32cube.ide.mcu.externaltools.gnu-tools-for-stm32.10.3-2021.10.win32_1.0.0.202111181127/tools/bin/../lib/gcc/arm-none-eabi/10.3.1/thumb/v7-m/nofp/crtbegin.o
LOAD c:/st/stm32cubeide_1.10.1/stm32cubeide/plugins/com.st.stm32cube.ide.mcu.externaltools.gnu-tools-for-stm32.10.3-2021.10.win32_1.0.0.202111181127/tools/bin/../lib/gcc/arm-none-eabi/10.3.1/../../../../arm-none-eabi/lib/thumb/v7-m/nofp/crt0.o
LOAD ./Core/Src/OneWire.o
LOAD ./Core/Src/freertos.o
LOAD ./Core/Src/liquidcrystal_i2c.o
LOAD ./Core/Src/main.o
LOAD ./Core/Src/my_ftoa.o
LOAD ./Core/Src/stm32f1xx_hal_msp.o
LOAD ./Core/Src/stm32f1xx_hal_timebase_tim.o
LOAD ./Core/Src/stm32f1xx_it.o
LOAD ./Core/Src/syscalls.o
LOAD ./Core/Src/sysmem.o
LOAD ./Core/Src/system_stm32f1xx.o
LOAD ./Core/Src/proyecto/MdE.o
LOAD ./Core/Src/proyecto/funciones.o
LOAD ./Core/Startup/startup_stm32f103c8tx.o
LOAD ./Drivers/STM32F1xx_HAL_Driver/Src/stm32f1xx_hal.o
LOAD ./Drivers/STM32F1xx_HAL_Driver/Src/stm32f1xx_hal_cortex.o
LOAD ./Drivers/STM32F1xx_HAL_Driver/Src/stm32f1xx_hal_dma.o
LOAD ./Drivers/STM32F1xx_HAL_Driver/Src/stm32f1xx_hal_exti.o
LOAD ./Drivers/STM32F1xx_HAL_Driver/Src/stm32f1xx_hal_flash.o
LOAD ./Drivers/STM32F1xx_HAL_Driver/Src/stm32f1xx_hal_flash_ex.o
LOAD ./Drivers/STM32F1xx_HAL_Driver/Src/stm32f1xx_hal_gpio.o
LOAD ./Drivers/STM32F1xx_HAL_Driver/Src/stm32f1xx_hal_gpio_ex.o
LOAD ./Drivers/STM32F1xx_HAL_Driver/Src/stm32f1xx_hal_i2c.o
LOAD ./Drivers/STM32F1xx_HAL_Driver/Src/stm32f1xx_hal_pwr.o
LOAD ./Drivers/STM32F1xx_HAL_Driver/Src/stm32f1xx_hal_rcc.o
LOAD ./Drivers/STM32F1xx_HAL_Driver/Src/stm32f1xx_hal_rcc_ex.o
LOAD ./Drivers/STM32F1xx_HAL_Driver/Src/stm32f1xx_hal_rtc.o
LOAD ./Drivers/STM32F1xx_HAL_Driver/Src/stm32f1xx_hal_rtc_ex.o
LOAD ./Drivers/STM32F1xx_HAL_Driver/Src/stm32f1xx_hal_tim.o
LOAD ./Drivers/STM32F1xx_HAL_Driver/Src/stm32f1xx_hal_tim_ex.o
LOAD ./Drivers/STM32F1xx_HAL_Driver/Src/stm32f1xx_hal_uart.o
LOAD ./Middlewares/Third_Party/FreeRTOS/Source/CMSIS_RTOS_V2/cmsis_os2.o
LOAD ./Middlewares/Third_Party/FreeRTOS/Source/croutine.o
LOAD ./Middlewares/Third_Party/FreeRTOS/Source/event_groups.o
LOAD ./Middlewares/Third_Party/FreeRTOS/Source/list.o
LOAD ./Middlewares/Third_Party/FreeRTOS/Source/queue.o
LOAD ./Middlewares/Third_Party/FreeRTOS/Source/stream_buffer.o
LOAD ./Middlewares/Third_Party/FreeRTOS/Source/tasks.o
LOAD ./Middlewares/Third_Party/FreeRTOS/Source/timers.o
LOAD ./Middlewares/Third_Party/FreeRTOS/Source/portable/GCC/ARM_CM3/port.o
LOAD ./Middlewares/Third_Party/FreeRTOS/Source/portable/MemMang/heap_4.o
START GROUP
LOAD c:/st/stm32cubeide_1.10.1/stm32cubeide/plugins/com.st.stm32cube.ide.mcu.externaltools.gnu-tools-for-stm32.10.3-2021.10.win32_1.0.0.202111181127/tools/bin/../lib/gcc/arm-none-eabi/10.3.1/../../../../arm-none-eabi/lib/thumb/v7-m/nofp\libc_nano.a
LOAD c:/st/stm32cubeide_1.10.1/stm32cubeide/plugins/com.st.stm32cube.ide.mcu.externaltools.gnu-tools-for-stm32.10.3-2021.10.win32_1.0.0.202111181127/tools/bin/../lib/gcc/arm-none-eabi/10.3.1/../../../../arm-none-eabi/lib/thumb/v7-m/nofp\libm.a
END GROUP
START GROUP
LOAD c:/st/stm32cubeide_1.10.1/stm32cubeide/plugins/com.st.stm32cube.ide.mcu.externaltools.gnu-tools-for-stm32.10.3-2021.10.win32_1.0.0.202111181127/tools/bin/../lib/gcc/arm-none-eabi/10.3.1/thumb/v7-m/nofp\libgcc.a
LOAD c:/st/stm32cubeide_1.10.1/stm32cubeide/plugins/com.st.stm32cube.ide.mcu.externaltools.gnu-tools-for-stm32.10.3-2021.10.win32_1.0.0.202111181127/tools/bin/../lib/gcc/arm-none-eabi/10.3.1/../../../../arm-none-eabi/lib/thumb/v7-m/nofp\libc_nano.a
END GROUP
START GROUP
LOAD c:/st/stm32cubeide_1.10.1/stm32cubeide/plugins/com.st.stm32cube.ide.mcu.externaltools.gnu-tools-for-stm32.10.3-2021.10.win32_1.0.0.202111181127/tools/bin/../lib/gcc/arm-none-eabi/10.3.1/thumb/v7-m/nofp\libgcc.a
LOAD c:/st/stm32cubeide_1.10.1/stm32cubeide/plugins/com.st.stm32cube.ide.mcu.externaltools.gnu-tools-for-stm32.10.3-2021.10.win32_1.0.0.202111181127/tools/bin/../lib/gcc/arm-none-eabi/10.3.1/../../../../arm-none-eabi/lib/thumb/v7-m/nofp\libc_nano.a
LOAD c:/st/stm32cubeide_1.10.1/stm32cubeide/plugins/com.st.stm32cube.ide.mcu.externaltools.gnu-tools-for-stm32.10.3-2021.10.win32_1.0.0.202111181127/tools/bin/../lib/gcc/arm-none-eabi/10.3.1/../../../../arm-none-eabi/lib/thumb/v7-m/nofp\libnosys.a
END GROUP
START GROUP
LOAD c:/st/stm32cubeide_1.10.1/stm32cubeide/plugins/com.st.stm32cube.ide.mcu.externaltools.gnu-tools-for-stm32.10.3-2021.10.win32_1.0.0.202111181127/tools/bin/../lib/gcc/arm-none-eabi/10.3.1/thumb/v7-m/nofp\libgcc.a
LOAD c:/st/stm32cubeide_1.10.1/stm32cubeide/plugins/com.st.stm32cube.ide.mcu.externaltools.gnu-tools-for-stm32.10.3-2021.10.win32_1.0.0.202111181127/tools/bin/../lib/gcc/arm-none-eabi/10.3.1/../../../../arm-none-eabi/lib/thumb/v7-m/nofp\libc_nano.a
LOAD c:/st/stm32cubeide_1.10.1/stm32cubeide/plugins/com.st.stm32cube.ide.mcu.externaltools.gnu-tools-for-stm32.10.3-2021.10.win32_1.0.0.202111181127/tools/bin/../lib/gcc/arm-none-eabi/10.3.1/../../../../arm-none-eabi/lib/thumb/v7-m/nofp\libnosys.a
END GROUP
LOAD c:/st/stm32cubeide_1.10.1/stm32cubeide/plugins/com.st.stm32cube.ide.mcu.externaltools.gnu-tools-for-stm32.10.3-2021.10.win32_1.0.0.202111181127/tools/bin/../lib/gcc/arm-none-eabi/10.3.1/thumb/v7-m/nofp/crtend.o
LOAD c:/st/stm32cubeide_1.10.1/stm32cubeide/plugins/com.st.stm32cube.ide.mcu.externaltools.gnu-tools-for-stm32.10.3-2021.10.win32_1.0.0.202111181127/tools/bin/../lib/gcc/arm-none-eabi/10.3.1/thumb/v7-m/nofp/crtn.o
                0x0000000020005000                _estack = (ORIGIN (RAM) + LENGTH (RAM))
                0x0000000000000200                _Min_Heap_Size = 0x200
                0x0000000000000400                _Min_Stack_Size = 0x400

.isr_vector     0x0000000008000000      0x10c
                0x0000000008000000                . = ALIGN (0x4)
 *(.isr_vector)
 .isr_vector    0x0000000008000000      0x10c ./Core/Startup/startup_stm32f103c8tx.o
                0x0000000008000000                g_pfnVectors
                0x000000000800010c                . = ALIGN (0x4)

.text           0x0000000008000110     0x8eb0
                0x0000000008000110                . = ALIGN (0x4)
 *(.text)
 .text          0x0000000008000110       0x40 c:/st/stm32cubeide_1.10.1/stm32cubeide/plugins/com.st.stm32cube.ide.mcu.externaltools.gnu-tools-for-stm32.10.3-2021.10.win32_1.0.0.202111181127/tools/bin/../lib/gcc/arm-none-eabi/10.3.1/thumb/v7-m/nofp/crtbegin.o
 .text          0x0000000008000150       0x14 c:/st/stm32cubeide_1.10.1/stm32cubeide/plugins/com.st.stm32cube.ide.mcu.externaltools.gnu-tools-for-stm32.10.3-2021.10.win32_1.0.0.202111181127/tools/bin/../lib/gcc/arm-none-eabi/10.3.1/../../../../arm-none-eabi/lib/thumb/v7-m/nofp\libc_nano.a(lib_a-strcmp.o)
                0x0000000008000150                strcmp
 .text          0x0000000008000164      0x21c c:/st/stm32cubeide_1.10.1/stm32cubeide/plugins/com.st.stm32cube.ide.mcu.externaltools.gnu-tools-for-stm32.10.3-2021.10.win32_1.0.0.202111181127/tools/bin/../lib/gcc/arm-none-eabi/10.3.1/thumb/v7-m/nofp\libgcc.a(_arm_addsubsf3.o)
                0x0000000008000164                __aeabi_frsub
                0x000000000800016c                __subsf3
                0x000000000800016c                __aeabi_fsub
                0x0000000008000170                __aeabi_fadd
                0x0000000008000170                __addsf3
                0x00000000080002d0                __aeabi_ui2f
                0x00000000080002d0                __floatunsisf
                0x00000000080002d8                __aeabi_i2f
                0x00000000080002d8                __floatsisf
                0x00000000080002f4                __aeabi_ul2f
                0x00000000080002f4                __floatundisf
                0x0000000008000304                __aeabi_l2f
                0x0000000008000304                __floatdisf
 .text          0x0000000008000380      0x2a0 c:/st/stm32cubeide_1.10.1/stm32cubeide/plugins/com.st.stm32cube.ide.mcu.externaltools.gnu-tools-for-stm32.10.3-2021.10.win32_1.0.0.202111181127/tools/bin/../lib/gcc/arm-none-eabi/10.3.1/thumb/v7-m/nofp\libgcc.a(_arm_muldivsf3.o)
                0x0000000008000380                __mulsf3
                0x0000000008000380                __aeabi_fmul
                0x00000000080004e8                __aeabi_fdiv
                0x00000000080004e8                __divsf3
 .text          0x0000000008000620       0xec c:/st/stm32cubeide_1.10.1/stm32cubeide/plugins/com.st.stm32cube.ide.mcu.externaltools.gnu-tools-for-stm32.10.3-2021.10.win32_1.0.0.202111181127/tools/bin/../lib/gcc/arm-none-eabi/10.3.1/thumb/v7-m/nofp\libgcc.a(_arm_cmpsf2.o)
                0x0000000008000620                __gesf2
                0x0000000008000620                __gtsf2
                0x0000000008000628                __lesf2
                0x0000000008000628                __ltsf2
                0x0000000008000630                __nesf2
                0x0000000008000630                __eqsf2
                0x0000000008000630                __cmpsf2
                0x0000000008000690                __aeabi_cfrcmple
                0x0000000008000698                __aeabi_cfcmpeq
                0x0000000008000698                __aeabi_cfcmple
                0x00000000080006a8                __aeabi_fcmpeq
                0x00000000080006bc                __aeabi_fcmplt
                0x00000000080006d0                __aeabi_fcmple
                0x00000000080006e4                __aeabi_fcmpge
                0x00000000080006f8                __aeabi_fcmpgt
 *(.text*)
 .text.USART_ReceiveData
                0x000000000800070c       0x1e ./Core/Src/OneWire.o
                0x000000000800070c                USART_ReceiveData
 .text.USART_SendData
                0x000000000800072a       0x20 ./Core/Src/OneWire.o
                0x000000000800072a                USART_SendData
 *fill*         0x000000000800074a        0x2 
 .text.usart_setup
                0x000000000800074c       0x68 ./Core/Src/OneWire.o
                0x000000000800074c                usart_setup
 .text.owInit   0x00000000080007b4       0x72 ./Core/Src/OneWire.o
                0x00000000080007b4                owInit
 *fill*         0x0000000008000826        0x2 
 .text.owReadHandler
                0x0000000008000828       0x7c ./Core/Src/OneWire.o
                0x0000000008000828                owReadHandler
 .text.owResetCmd
                0x00000000080008a4       0x2e ./Core/Src/OneWire.o
                0x00000000080008a4                owResetCmd
 .text.getUsartIndex
                0x00000000080008d2        0xe ./Core/Src/OneWire.o
                0x00000000080008d2                getUsartIndex
 .text.owSend   0x00000000080008e0       0x5c ./Core/Src/OneWire.o
                0x00000000080008e0                owSend
 .text.owReadSlot
                0x000000000800093c       0x20 ./Core/Src/OneWire.o
                0x000000000800093c                owReadSlot
 .text.owEchoRead
                0x000000000800095c       0x50 ./Core/Src/OneWire.o
                0x000000000800095c                owEchoRead
 .text.byteToBits
                0x00000000080009ac       0x4e ./Core/Src/OneWire.o
                0x00000000080009ac                byteToBits
 .text.owSendByte
                0x00000000080009fa       0x46 ./Core/Src/OneWire.o
                0x00000000080009fa                owSendByte
 .text.owCRC    0x0000000008000a40       0x76 ./Core/Src/OneWire.o
                0x0000000008000a40                owCRC
 .text.owCRC8   0x0000000008000ab6       0x1a ./Core/Src/OneWire.o
                0x0000000008000ab6                owCRC8
 .text.hasNextRom
                0x0000000008000ad0      0x15e ./Core/Src/OneWire.o
                0x0000000008000ad0                hasNextRom
 .text.owSearchCmd
                0x0000000008000c2e       0x4c ./Core/Src/OneWire.o
                0x0000000008000c2e                owSearchCmd
 .text.owMatchRomCmd
                0x0000000008000c7a       0x3c ./Core/Src/OneWire.o
                0x0000000008000c7a                owMatchRomCmd
 .text.owConvertTemperatureCmd
                0x0000000008000cb6       0x1e ./Core/Src/OneWire.o
                0x0000000008000cb6                owConvertTemperatureCmd
 .text.owReadScratchpadCmd
                0x0000000008000cd4       0xd4 ./Core/Src/OneWire.o
                0x0000000008000cd4                owReadScratchpadCmd
 .text.readTemperature
                0x0000000008000da8       0xda ./Core/Src/OneWire.o
                0x0000000008000da8                readTemperature
 *fill*         0x0000000008000e82        0x2 
 .text.get_ROMid
                0x0000000008000e84      0x17c ./Core/Src/OneWire.o
                0x0000000008000e84                get_ROMid
 .text.get_Temperature
                0x0000000008001000      0x108 ./Core/Src/OneWire.o
                0x0000000008001000                get_Temperature
 .text.HD44780_Init
                0x0000000008001108      0x108 ./Core/Src/liquidcrystal_i2c.o
                0x0000000008001108                HD44780_Init
 .text.HD44780_Clear
                0x0000000008001210       0x16 ./Core/Src/liquidcrystal_i2c.o
                0x0000000008001210                HD44780_Clear
 .text.HD44780_Home
                0x0000000008001226       0x16 ./Core/Src/liquidcrystal_i2c.o
                0x0000000008001226                HD44780_Home
 .text.HD44780_SetCursor
                0x000000000800123c       0x64 ./Core/Src/liquidcrystal_i2c.o
                0x000000000800123c                HD44780_SetCursor
 .text.HD44780_Display
                0x00000000080012a0       0x2c ./Core/Src/liquidcrystal_i2c.o
                0x00000000080012a0                HD44780_Display
 .text.HD44780_NoCursor
                0x00000000080012cc       0x2c ./Core/Src/liquidcrystal_i2c.o
                0x00000000080012cc                HD44780_NoCursor
 .text.HD44780_Cursor
                0x00000000080012f8       0x2c ./Core/Src/liquidcrystal_i2c.o
                0x00000000080012f8                HD44780_Cursor
 .text.HD44780_NoBlink
                0x0000000008001324       0x2c ./Core/Src/liquidcrystal_i2c.o
                0x0000000008001324                HD44780_NoBlink
 .text.HD44780_Blink
                0x0000000008001350       0x2c ./Core/Src/liquidcrystal_i2c.o
                0x0000000008001350                HD44780_Blink
 .text.HD44780_CreateSpecialChar
                0x000000000800137c       0x52 ./Core/Src/liquidcrystal_i2c.o
                0x000000000800137c                HD44780_CreateSpecialChar
 .text.HD44780_PrintStr
                0x00000000080013ce       0x2a ./Core/Src/liquidcrystal_i2c.o
                0x00000000080013ce                HD44780_PrintStr
 .text.HD44780_SetBacklight
                0x00000000080013f8       0x22 ./Core/Src/liquidcrystal_i2c.o
                0x00000000080013f8                HD44780_SetBacklight
 *fill*         0x000000000800141a        0x2 
 .text.HD44780_NoBacklight
                0x000000000800141c       0x18 ./Core/Src/liquidcrystal_i2c.o
                0x000000000800141c                HD44780_NoBacklight
 .text.HD44780_Backlight
                0x0000000008001434       0x18 ./Core/Src/liquidcrystal_i2c.o
                0x0000000008001434                HD44780_Backlight
 .text.SendCommand
                0x000000000800144c       0x1c ./Core/Src/liquidcrystal_i2c.o
 .text.SendChar
                0x0000000008001468       0x1c ./Core/Src/liquidcrystal_i2c.o
 .text.Send     0x0000000008001484       0x42 ./Core/Src/liquidcrystal_i2c.o
 .text.Write4Bits
                0x00000000080014c6       0x22 ./Core/Src/liquidcrystal_i2c.o
 .text.ExpanderWrite
                0x00000000080014e8       0x38 ./Core/Src/liquidcrystal_i2c.o
 .text.PulseEnable
                0x0000000008001520       0x3a ./Core/Src/liquidcrystal_i2c.o
 *fill*         0x000000000800155a        0x2 
 .text.DelayInit
                0x000000000800155c       0x50 ./Core/Src/liquidcrystal_i2c.o
 .text.DelayUS  0x00000000080015ac       0x4c ./Core/Src/liquidcrystal_i2c.o
 .text.main     0x00000000080015f8      0x108 ./Core/Src/main.o
                0x00000000080015f8                main
 .text.SystemClock_Config
                0x0000000008001700       0xba ./Core/Src/main.o
                0x0000000008001700                SystemClock_Config
 *fill*         0x00000000080017ba        0x2 
 .text.MX_I2C1_Init
                0x00000000080017bc       0x5c ./Core/Src/main.o
 .text.MX_RTC_Init
                0x0000000008001818       0x40 ./Core/Src/main.o
 .text.MX_USART1_UART_Init
                0x0000000008001858       0x54 ./Core/Src/main.o
 .text.MX_GPIO_Init
                0x00000000080018ac       0xe4 ./Core/Src/main.o
 .text.StartDefaultTask
                0x0000000008001990       0x10 ./Core/Src/main.o
                0x0000000008001990                StartDefaultTask
 .text.HAL_TIM_PeriodElapsedCallback
                0x00000000080019a0       0x24 ./Core/Src/main.o
                0x00000000080019a0                HAL_TIM_PeriodElapsedCallback
 .text.Error_Handler
                0x00000000080019c4        0xa ./Core/Src/main.o
                0x00000000080019c4                Error_Handler
 *fill*         0x00000000080019ce        0x2 
 .text.HAL_MspInit
                0x00000000080019d0       0x70 ./Core/Src/stm32f1xx_hal_msp.o
                0x00000000080019d0                HAL_MspInit
 .text.HAL_I2C_MspInit
                0x0000000008001a40       0x7c ./Core/Src/stm32f1xx_hal_msp.o
                0x0000000008001a40                HAL_I2C_MspInit
 .text.HAL_RTC_MspInit
                0x0000000008001abc       0x48 ./Core/Src/stm32f1xx_hal_msp.o
                0x0000000008001abc                HAL_RTC_MspInit
 .text.HAL_UART_MspInit
                0x0000000008001b04       0x90 ./Core/Src/stm32f1xx_hal_msp.o
                0x0000000008001b04                HAL_UART_MspInit
 .text.HAL_InitTick
                0x0000000008001b94       0xb0 ./Core/Src/stm32f1xx_hal_timebase_tim.o
                0x0000000008001b94                HAL_InitTick
 .text.NMI_Handler
                0x0000000008001c44        0x6 ./Core/Src/stm32f1xx_it.o
                0x0000000008001c44                NMI_Handler
 .text.HardFault_Handler
                0x0000000008001c4a        0x6 ./Core/Src/stm32f1xx_it.o
                0x0000000008001c4a                HardFault_Handler
 .text.MemManage_Handler
                0x0000000008001c50        0x6 ./Core/Src/stm32f1xx_it.o
                0x0000000008001c50                MemManage_Handler
 .text.BusFault_Handler
                0x0000000008001c56        0x6 ./Core/Src/stm32f1xx_it.o
                0x0000000008001c56                BusFault_Handler
 .text.UsageFault_Handler
                0x0000000008001c5c        0x6 ./Core/Src/stm32f1xx_it.o
                0x0000000008001c5c                UsageFault_Handler
 .text.DebugMon_Handler
                0x0000000008001c62        0xc ./Core/Src/stm32f1xx_it.o
                0x0000000008001c62                DebugMon_Handler
 *fill*         0x0000000008001c6e        0x2 
 .text.TIM4_IRQHandler
                0x0000000008001c70       0x14 ./Core/Src/stm32f1xx_it.o
                0x0000000008001c70                TIM4_IRQHandler
 .text.USART1_IRQHandler
                0x0000000008001c84       0x18 ./Core/Src/stm32f1xx_it.o
                0x0000000008001c84                USART1_IRQHandler
 .text._sbrk    0x0000000008001c9c       0x6c ./Core/Src/sysmem.o
                0x0000000008001c9c                _sbrk
 .text.SystemInit
                0x0000000008001d08        0xc ./Core/Src/system_stm32f1xx.o
                0x0000000008001d08                SystemInit
 .text.Tarea_Lectura
                0x0000000008001d14       0x2a ./Core/Src/proyecto/MdE.o
                0x0000000008001d14                Tarea_Lectura
 *fill*         0x0000000008001d3e        0x2 
 .text.Error_Sensores
                0x0000000008001d40       0x94 ./Core/Src/proyecto/MdE.o
                0x0000000008001d40                Error_Sensores
 .text.Error_Anafe
                0x0000000008001dd4       0xbc ./Core/Src/proyecto/MdE.o
                0x0000000008001dd4                Error_Anafe
 .text.Tarea_Timer
                0x0000000008001e90       0x50 ./Core/Src/proyecto/MdE.o
                0x0000000008001e90                Tarea_Timer
 .text.MdE_Principal
                0x0000000008001ee0      0x3ec ./Core/Src/proyecto/MdE.o
                0x0000000008001ee0                MdE_Principal
 .text.print_Display
                0x00000000080022cc      0x2b8 ./Core/Src/proyecto/MdE.o
                0x00000000080022cc                print_Display
 .text.InitAll  0x0000000008002584       0x64 ./Core/Src/proyecto/funciones.o
                0x0000000008002584                InitAll
 .text.InitLCD  0x00000000080025e8       0x48 ./Core/Src/proyecto/funciones.o
                0x00000000080025e8                InitLCD
 .text.LecturaSD
                0x0000000008002630       0x18 ./Core/Src/proyecto/funciones.o
                0x0000000008002630                LecturaSD
 .text.getKey   0x0000000008002648       0x30 ./Core/Src/proyecto/funciones.o
                0x0000000008002648                getKey
 .text.BarridoTeclado
                0x0000000008002678       0x4c ./Core/Src/proyecto/funciones.o
                0x0000000008002678                BarridoTeclado
 .text.DriverTeclado
                0x00000000080026c4       0xc4 ./Core/Src/proyecto/funciones.o
                0x00000000080026c4                DriverTeclado
 .text.SetRelay
                0x0000000008002788       0x3c ./Core/Src/proyecto/funciones.o
                0x0000000008002788                SetRelay
 .text.SetLED   0x00000000080027c4       0x64 ./Core/Src/proyecto/funciones.o
                0x00000000080027c4                SetLED
 .text.Reset_Handler
                0x0000000008002828       0x48 ./Core/Startup/startup_stm32f103c8tx.o
                0x0000000008002828                Reset_Handler
 .text.Default_Handler
                0x0000000008002870        0x2 ./Core/Startup/startup_stm32f103c8tx.o
                0x0000000008002870                RTC_Alarm_IRQHandler
                0x0000000008002870                EXTI2_IRQHandler
                0x0000000008002870                TIM1_CC_IRQHandler
                0x0000000008002870                PVD_IRQHandler
                0x0000000008002870                EXTI3_IRQHandler
                0x0000000008002870                EXTI0_IRQHandler
                0x0000000008002870                I2C2_EV_IRQHandler
                0x0000000008002870                ADC1_2_IRQHandler
                0x0000000008002870                SPI1_IRQHandler
                0x0000000008002870                TAMPER_IRQHandler
                0x0000000008002870                DMA1_Channel4_IRQHandler
                0x0000000008002870                USART3_IRQHandler
                0x0000000008002870                RTC_IRQHandler
                0x0000000008002870                DMA1_Channel7_IRQHandler
                0x0000000008002870                CAN1_RX1_IRQHandler
                0x0000000008002870                I2C1_EV_IRQHandler
                0x0000000008002870                DMA1_Channel6_IRQHandler
                0x0000000008002870                TIM3_IRQHandler
                0x0000000008002870                RCC_IRQHandler
                0x0000000008002870                TIM1_TRG_COM_IRQHandler
                0x0000000008002870                DMA1_Channel1_IRQHandler
                0x0000000008002870                Default_Handler
                0x0000000008002870                EXTI15_10_IRQHandler
                0x0000000008002870                EXTI9_5_IRQHandler
                0x0000000008002870                SPI2_IRQHandler
                0x0000000008002870                DMA1_Channel5_IRQHandler
                0x0000000008002870                EXTI4_IRQHandler
                0x0000000008002870                USB_LP_CAN1_RX0_IRQHandler
                0x0000000008002870                USB_HP_CAN1_TX_IRQHandler
                0x0000000008002870                DMA1_Channel3_IRQHandler
                0x0000000008002870                TIM1_UP_IRQHandler
                0x0000000008002870                WWDG_IRQHandler
                0x0000000008002870                TIM2_IRQHandler
                0x0000000008002870                TIM1_BRK_IRQHandler
                0x0000000008002870                EXTI1_IRQHandler
                0x0000000008002870                USART2_IRQHandler
                0x0000000008002870                I2C2_ER_IRQHandler
                0x0000000008002870                DMA1_Channel2_IRQHandler
                0x0000000008002870                CAN1_SCE_IRQHandler
                0x0000000008002870                FLASH_IRQHandler
                0x0000000008002870                I2C1_ER_IRQHandler
                0x0000000008002870                USBWakeUp_IRQHandler
 *fill*         0x0000000008002872        0x2 
 .text.HAL_Init
                0x0000000008002874       0x2c ./Drivers/STM32F1xx_HAL_Driver/Src/stm32f1xx_hal.o
                0x0000000008002874                HAL_Init
 .text.HAL_IncTick
                0x00000000080028a0       0x24 ./Drivers/STM32F1xx_HAL_Driver/Src/stm32f1xx_hal.o
                0x00000000080028a0                HAL_IncTick
 .text.HAL_GetTick
                0x00000000080028c4       0x14 ./Drivers/STM32F1xx_HAL_Driver/Src/stm32f1xx_hal.o
                0x00000000080028c4                HAL_GetTick
 .text.HAL_Delay
                0x00000000080028d8       0x48 ./Drivers/STM32F1xx_HAL_Driver/Src/stm32f1xx_hal.o
                0x00000000080028d8                HAL_Delay
 .text.__NVIC_SetPriorityGrouping
                0x0000000008002920       0x48 ./Drivers/STM32F1xx_HAL_Driver/Src/stm32f1xx_hal_cortex.o
 .text.__NVIC_GetPriorityGrouping
                0x0000000008002968       0x1c ./Drivers/STM32F1xx_HAL_Driver/Src/stm32f1xx_hal_cortex.o
 .text.__NVIC_EnableIRQ
                0x0000000008002984       0x38 ./Drivers/STM32F1xx_HAL_Driver/Src/stm32f1xx_hal_cortex.o
 .text.__NVIC_SetPriority
                0x00000000080029bc       0x54 ./Drivers/STM32F1xx_HAL_Driver/Src/stm32f1xx_hal_cortex.o
 .text.NVIC_EncodePriority
                0x0000000008002a10       0x64 ./Drivers/STM32F1xx_HAL_Driver/Src/stm32f1xx_hal_cortex.o
 .text.HAL_NVIC_SetPriorityGrouping
                0x0000000008002a74       0x16 ./Drivers/STM32F1xx_HAL_Driver/Src/stm32f1xx_hal_cortex.o
                0x0000000008002a74                HAL_NVIC_SetPriorityGrouping
 .text.HAL_NVIC_SetPriority
                0x0000000008002a8a       0x38 ./Drivers/STM32F1xx_HAL_Driver/Src/stm32f1xx_hal_cortex.o
                0x0000000008002a8a                HAL_NVIC_SetPriority
 .text.HAL_NVIC_EnableIRQ
                0x0000000008002ac2       0x1c ./Drivers/STM32F1xx_HAL_Driver/Src/stm32f1xx_hal_cortex.o
                0x0000000008002ac2                HAL_NVIC_EnableIRQ
 .text.HAL_DMA_Abort
                0x0000000008002ade       0x74 ./Drivers/STM32F1xx_HAL_Driver/Src/stm32f1xx_hal_dma.o
                0x0000000008002ade                HAL_DMA_Abort
 *fill*         0x0000000008002b52        0x2 
 .text.HAL_DMA_Abort_IT
                0x0000000008002b54       0xec ./Drivers/STM32F1xx_HAL_Driver/Src/stm32f1xx_hal_dma.o
                0x0000000008002b54                HAL_DMA_Abort_IT
 .text.HAL_GPIO_Init
                0x0000000008002c40      0x308 ./Drivers/STM32F1xx_HAL_Driver/Src/stm32f1xx_hal_gpio.o
                0x0000000008002c40                HAL_GPIO_Init
 .text.HAL_GPIO_ReadPin
                0x0000000008002f48       0x2e ./Drivers/STM32F1xx_HAL_Driver/Src/stm32f1xx_hal_gpio.o
                0x0000000008002f48                HAL_GPIO_ReadPin
 .text.HAL_GPIO_WritePin
                0x0000000008002f76       0x30 ./Drivers/STM32F1xx_HAL_Driver/Src/stm32f1xx_hal_gpio.o
                0x0000000008002f76                HAL_GPIO_WritePin
 *fill*         0x0000000008002fa6        0x2 
 .text.HAL_I2C_Init
                0x0000000008002fa8      0x288 ./Drivers/STM32F1xx_HAL_Driver/Src/stm32f1xx_hal_i2c.o
                0x0000000008002fa8                HAL_I2C_Init
 .text.HAL_I2C_Master_Transmit
                0x0000000008003230      0x1fc ./Drivers/STM32F1xx_HAL_Driver/Src/stm32f1xx_hal_i2c.o
                0x0000000008003230                HAL_I2C_Master_Transmit
 .text.I2C_MasterRequestWrite
                0x000000000800342c      0x104 ./Drivers/STM32F1xx_HAL_Driver/Src/stm32f1xx_hal_i2c.o
 .text.I2C_WaitOnFlagUntilTimeout
                0x0000000008003530       0xae ./Drivers/STM32F1xx_HAL_Driver/Src/stm32f1xx_hal_i2c.o
 .text.I2C_WaitOnMasterAddressFlagUntilTimeout
                0x00000000080035de       0xfe ./Drivers/STM32F1xx_HAL_Driver/Src/stm32f1xx_hal_i2c.o
 .text.I2C_WaitOnTXEFlagUntilTimeout
                0x00000000080036dc       0x82 ./Drivers/STM32F1xx_HAL_Driver/Src/stm32f1xx_hal_i2c.o
 .text.I2C_WaitOnBTFFlagUntilTimeout
                0x000000000800375e       0x82 ./Drivers/STM32F1xx_HAL_Driver/Src/stm32f1xx_hal_i2c.o
 .text.I2C_IsAcknowledgeFailed
                0x00000000080037e0       0x5c ./Drivers/STM32F1xx_HAL_Driver/Src/stm32f1xx_hal_i2c.o
 .text.HAL_PWR_EnableBkUpAccess
                0x000000000800383c       0x18 ./Drivers/STM32F1xx_HAL_Driver/Src/stm32f1xx_hal_pwr.o
                0x000000000800383c                HAL_PWR_EnableBkUpAccess
 .text.HAL_RCC_OscConfig
                0x0000000008003854      0x504 ./Drivers/STM32F1xx_HAL_Driver/Src/stm32f1xx_hal_rcc.o
                0x0000000008003854                HAL_RCC_OscConfig
 .text.HAL_RCC_ClockConfig
                0x0000000008003d58      0x1d4 ./Drivers/STM32F1xx_HAL_Driver/Src/stm32f1xx_hal_rcc.o
                0x0000000008003d58                HAL_RCC_ClockConfig
 .text.HAL_RCC_GetSysClockFreq
                0x0000000008003f2c       0xbc ./Drivers/STM32F1xx_HAL_Driver/Src/stm32f1xx_hal_rcc.o
                0x0000000008003f2c                HAL_RCC_GetSysClockFreq
 .text.HAL_RCC_GetHCLKFreq
                0x0000000008003fe8       0x14 ./Drivers/STM32F1xx_HAL_Driver/Src/stm32f1xx_hal_rcc.o
                0x0000000008003fe8                HAL_RCC_GetHCLKFreq
 .text.HAL_RCC_GetPCLK1Freq
                0x0000000008003ffc       0x28 ./Drivers/STM32F1xx_HAL_Driver/Src/stm32f1xx_hal_rcc.o
                0x0000000008003ffc                HAL_RCC_GetPCLK1Freq
 .text.HAL_RCC_GetPCLK2Freq
                0x0000000008004024       0x28 ./Drivers/STM32F1xx_HAL_Driver/Src/stm32f1xx_hal_rcc.o
                0x0000000008004024                HAL_RCC_GetPCLK2Freq
 .text.HAL_RCC_GetClockConfig
                0x000000000800404c       0x60 ./Drivers/STM32F1xx_HAL_Driver/Src/stm32f1xx_hal_rcc.o
                0x000000000800404c                HAL_RCC_GetClockConfig
 .text.RCC_Delay
                0x00000000080040ac       0x3c ./Drivers/STM32F1xx_HAL_Driver/Src/stm32f1xx_hal_rcc.o
 .text.HAL_RCCEx_PeriphCLKConfig
                0x00000000080040e8      0x16c ./Drivers/STM32F1xx_HAL_Driver/Src/stm32f1xx_hal_rcc_ex.o
                0x00000000080040e8                HAL_RCCEx_PeriphCLKConfig
 .text.HAL_RCCEx_GetPeriphCLKFreq
                0x0000000008004254      0x180 ./Drivers/STM32F1xx_HAL_Driver/Src/stm32f1xx_hal_rcc_ex.o
                0x0000000008004254                HAL_RCCEx_GetPeriphCLKFreq
 .text.HAL_RTC_Init
                0x00000000080043d4      0x12c ./Drivers/STM32F1xx_HAL_Driver/Src/stm32f1xx_hal_rtc.o
                0x00000000080043d4                HAL_RTC_Init
 .text.HAL_RTC_GetTime
                0x0000000008004500      0x1b0 ./Drivers/STM32F1xx_HAL_Driver/Src/stm32f1xx_hal_rtc.o
                0x0000000008004500                HAL_RTC_GetTime
 .text.HAL_RTC_WaitForSynchro
                0x00000000080046b0       0x5a ./Drivers/STM32F1xx_HAL_Driver/Src/stm32f1xx_hal_rtc.o
                0x00000000080046b0                HAL_RTC_WaitForSynchro
 .text.RTC_ReadTimeCounter
                0x000000000800470a       0x60 ./Drivers/STM32F1xx_HAL_Driver/Src/stm32f1xx_hal_rtc.o
 .text.RTC_WriteTimeCounter
                0x000000000800476a       0x4e ./Drivers/STM32F1xx_HAL_Driver/Src/stm32f1xx_hal_rtc.o
 .text.RTC_ReadAlarmCounter
                0x00000000080047b8       0x32 ./Drivers/STM32F1xx_HAL_Driver/Src/stm32f1xx_hal_rtc.o
 .text.RTC_WriteAlarmCounter
                0x00000000080047ea       0x4e ./Drivers/STM32F1xx_HAL_Driver/Src/stm32f1xx_hal_rtc.o
 .text.RTC_EnterInitMode
                0x0000000008004838       0x50 ./Drivers/STM32F1xx_HAL_Driver/Src/stm32f1xx_hal_rtc.o
 .text.RTC_ExitInitMode
                0x0000000008004888       0x50 ./Drivers/STM32F1xx_HAL_Driver/Src/stm32f1xx_hal_rtc.o
 .text.RTC_ByteToBcd2
                0x00000000080048d8       0x3a ./Drivers/STM32F1xx_HAL_Driver/Src/stm32f1xx_hal_rtc.o
 .text.RTC_DateUpdate
                0x0000000008004912      0x152 ./Drivers/STM32F1xx_HAL_Driver/Src/stm32f1xx_hal_rtc.o
 .text.RTC_IsLeapYear
                0x0000000008004a64       0x64 ./Drivers/STM32F1xx_HAL_Driver/Src/stm32f1xx_hal_rtc.o
 .text.RTC_WeekDayNum
                0x0000000008004ac8       0xf0 ./Drivers/STM32F1xx_HAL_Driver/Src/stm32f1xx_hal_rtc.o
 .text.HAL_TIM_Base_Init
                0x0000000008004bb8       0x9e ./Drivers/STM32F1xx_HAL_Driver/Src/stm32f1xx_hal_tim.o
                0x0000000008004bb8                HAL_TIM_Base_Init
 .text.HAL_TIM_Base_MspInit
                0x0000000008004c56       0x12 ./Drivers/STM32F1xx_HAL_Driver/Src/stm32f1xx_hal_tim.o
                0x0000000008004c56                HAL_TIM_Base_MspInit
 .text.HAL_TIM_Base_Start_IT
                0x0000000008004c68       0xa4 ./Drivers/STM32F1xx_HAL_Driver/Src/stm32f1xx_hal_tim.o
                0x0000000008004c68                HAL_TIM_Base_Start_IT
 .text.HAL_TIM_IRQHandler
                0x0000000008004d0c      0x210 ./Drivers/STM32F1xx_HAL_Driver/Src/stm32f1xx_hal_tim.o
                0x0000000008004d0c                HAL_TIM_IRQHandler
 .text.HAL_TIM_OC_DelayElapsedCallback
                0x0000000008004f1c       0x12 ./Drivers/STM32F1xx_HAL_Driver/Src/stm32f1xx_hal_tim.o
                0x0000000008004f1c                HAL_TIM_OC_DelayElapsedCallback
 .text.HAL_TIM_IC_CaptureCallback
                0x0000000008004f2e       0x12 ./Drivers/STM32F1xx_HAL_Driver/Src/stm32f1xx_hal_tim.o
                0x0000000008004f2e                HAL_TIM_IC_CaptureCallback
 .text.HAL_TIM_PWM_PulseFinishedCallback
                0x0000000008004f40       0x12 ./Drivers/STM32F1xx_HAL_Driver/Src/stm32f1xx_hal_tim.o
                0x0000000008004f40                HAL_TIM_PWM_PulseFinishedCallback
 .text.HAL_TIM_TriggerCallback
                0x0000000008004f52       0x12 ./Drivers/STM32F1xx_HAL_Driver/Src/stm32f1xx_hal_tim.o
                0x0000000008004f52                HAL_TIM_TriggerCallback
 .text.TIM_Base_SetConfig
                0x0000000008004f64       0xc4 ./Drivers/STM32F1xx_HAL_Driver/Src/stm32f1xx_hal_tim.o
                0x0000000008004f64                TIM_Base_SetConfig
 .text.HAL_TIMEx_CommutCallback
                0x0000000008005028       0x12 ./Drivers/STM32F1xx_HAL_Driver/Src/stm32f1xx_hal_tim_ex.o
                0x0000000008005028                HAL_TIMEx_CommutCallback
 .text.HAL_TIMEx_BreakCallback
                0x000000000800503a       0x12 ./Drivers/STM32F1xx_HAL_Driver/Src/stm32f1xx_hal_tim_ex.o
                0x000000000800503a                HAL_TIMEx_BreakCallback
 .text.HAL_HalfDuplex_Init
                0x000000000800504c       0xaa ./Drivers/STM32F1xx_HAL_Driver/Src/stm32f1xx_hal_uart.o
                0x000000000800504c                HAL_HalfDuplex_Init
 *fill*         0x00000000080050f6        0x2 
 .text.HAL_UART_IRQHandler
                0x00000000080050f8      0x354 ./Drivers/STM32F1xx_HAL_Driver/Src/stm32f1xx_hal_uart.o
                0x00000000080050f8                HAL_UART_IRQHandler
 .text.HAL_UART_TxCpltCallback
                0x000000000800544c       0x12 ./Drivers/STM32F1xx_HAL_Driver/Src/stm32f1xx_hal_uart.o
                0x000000000800544c                HAL_UART_TxCpltCallback
 .text.HAL_UART_RxCpltCallback
                0x000000000800545e       0x12 ./Drivers/STM32F1xx_HAL_Driver/Src/stm32f1xx_hal_uart.o
                0x000000000800545e                HAL_UART_RxCpltCallback
 .text.HAL_UART_ErrorCallback
                0x0000000008005470       0x12 ./Drivers/STM32F1xx_HAL_Driver/Src/stm32f1xx_hal_uart.o
                0x0000000008005470                HAL_UART_ErrorCallback
 .text.HAL_UARTEx_RxEventCallback
                0x0000000008005482       0x16 ./Drivers/STM32F1xx_HAL_Driver/Src/stm32f1xx_hal_uart.o
                0x0000000008005482                HAL_UARTEx_RxEventCallback
 .text.UART_EndRxTransfer
                0x0000000008005498       0x58 ./Drivers/STM32F1xx_HAL_Driver/Src/stm32f1xx_hal_uart.o
 .text.UART_DMAAbortOnError
                0x00000000080054f0       0x28 ./Drivers/STM32F1xx_HAL_Driver/Src/stm32f1xx_hal_uart.o
 .text.UART_Transmit_IT
                0x0000000008005518       0x9e ./Drivers/STM32F1xx_HAL_Driver/Src/stm32f1xx_hal_uart.o
 .text.UART_EndTransmit_IT
                0x00000000080055b6       0x30 ./Drivers/STM32F1xx_HAL_Driver/Src/stm32f1xx_hal_uart.o
 .text.UART_Receive_IT
                0x00000000080055e6      0x152 ./Drivers/STM32F1xx_HAL_Driver/Src/stm32f1xx_hal_uart.o
 .text.UART_SetConfig
                0x0000000008005738      0x11c ./Drivers/STM32F1xx_HAL_Driver/Src/stm32f1xx_hal_uart.o
 .text.osKernelInitialize
                0x0000000008005854       0x64 ./Middlewares/Third_Party/FreeRTOS/Source/CMSIS_RTOS_V2/cmsis_os2.o
                0x0000000008005854                osKernelInitialize
 .text.osKernelStart
                0x00000000080058b8       0x68 ./Middlewares/Third_Party/FreeRTOS/Source/CMSIS_RTOS_V2/cmsis_os2.o
                0x00000000080058b8                osKernelStart
 .text.osThreadNew
                0x0000000008005920      0x154 ./Middlewares/Third_Party/FreeRTOS/Source/CMSIS_RTOS_V2/cmsis_os2.o
                0x0000000008005920                osThreadNew
 .text.osDelay  0x0000000008005a74       0x5c ./Middlewares/Third_Party/FreeRTOS/Source/CMSIS_RTOS_V2/cmsis_os2.o
                0x0000000008005a74                osDelay
 .text.vApplicationGetIdleTaskMemory
                0x0000000008005ad0       0x30 ./Middlewares/Third_Party/FreeRTOS/Source/CMSIS_RTOS_V2/cmsis_os2.o
                0x0000000008005ad0                vApplicationGetIdleTaskMemory
 .text.vApplicationGetTimerTaskMemory
                0x0000000008005b00       0x34 ./Middlewares/Third_Party/FreeRTOS/Source/CMSIS_RTOS_V2/cmsis_os2.o
                0x0000000008005b00                vApplicationGetTimerTaskMemory
 .text.vListInitialise
                0x0000000008005b34       0x3e ./Middlewares/Third_Party/FreeRTOS/Source/list.o
                0x0000000008005b34                vListInitialise
 .text.vListInitialiseItem
                0x0000000008005b72       0x18 ./Middlewares/Third_Party/FreeRTOS/Source/list.o
                0x0000000008005b72                vListInitialiseItem
 .text.vListInsertEnd
                0x0000000008005b8a       0x46 ./Middlewares/Third_Party/FreeRTOS/Source/list.o
                0x0000000008005b8a                vListInsertEnd
 .text.vListInsert
                0x0000000008005bd0       0x70 ./Middlewares/Third_Party/FreeRTOS/Source/list.o
                0x0000000008005bd0                vListInsert
 .text.uxListRemove
                0x0000000008005c40       0x52 ./Middlewares/Third_Party/FreeRTOS/Source/list.o
                0x0000000008005c40                uxListRemove
 *fill*         0x0000000008005c92        0x2 
 .text.xQueueGenericReset
                0x0000000008005c94       0xd0 ./Middlewares/Third_Party/FreeRTOS/Source/queue.o
                0x0000000008005c94                xQueueGenericReset
 .text.xQueueGenericCreateStatic
                0x0000000008005d64       0xee ./Middlewares/Third_Party/FreeRTOS/Source/queue.o
                0x0000000008005d64                xQueueGenericCreateStatic
 .text.prvInitialiseNewQueue
                0x0000000008005e52       0x46 ./Middlewares/Third_Party/FreeRTOS/Source/queue.o
 .text.xQueueGenericSend
                0x0000000008005e98      0x1fc ./Middlewares/Third_Party/FreeRTOS/Source/queue.o
                0x0000000008005e98                xQueueGenericSend
 .text.xQueueGenericSendFromISR
                0x0000000008006094      0x130 ./Middlewares/Third_Party/FreeRTOS/Source/queue.o
                0x0000000008006094                xQueueGenericSendFromISR
 .text.xQueueReceive
                0x00000000080061c4      0x1c0 ./Middlewares/Third_Party/FreeRTOS/Source/queue.o
                0x00000000080061c4                xQueueReceive
 .text.prvCopyDataToQueue
                0x0000000008006384       0xd4 ./Middlewares/Third_Party/FreeRTOS/Source/queue.o
 .text.prvCopyDataFromQueue
                0x0000000008006458       0x4c ./Middlewares/Third_Party/FreeRTOS/Source/queue.o
 .text.prvUnlockQueue
                0x00000000080064a4       0xa4 ./Middlewares/Third_Party/FreeRTOS/Source/queue.o
 .text.prvIsQueueEmpty
                0x0000000008006548       0x2c ./Middlewares/Third_Party/FreeRTOS/Source/queue.o
 .text.prvIsQueueFull
                0x0000000008006574       0x30 ./Middlewares/Third_Party/FreeRTOS/Source/queue.o
 .text.vQueueAddToRegistry
                0x00000000080065a4       0x50 ./Middlewares/Third_Party/FreeRTOS/Source/queue.o
                0x00000000080065a4                vQueueAddToRegistry
 .text.vQueueWaitForMessageRestricted
                0x00000000080065f4       0x68 ./Middlewares/Third_Party/FreeRTOS/Source/queue.o
                0x00000000080065f4                vQueueWaitForMessageRestricted
 .text.xTaskCreateStatic
                0x000000000800665c       0xb8 ./Middlewares/Third_Party/FreeRTOS/Source/tasks.o
                0x000000000800665c                xTaskCreateStatic
 .text.xTaskCreate
                0x0000000008006714       0x8a ./Middlewares/Third_Party/FreeRTOS/Source/tasks.o
                0x0000000008006714                xTaskCreate
 *fill*         0x000000000800679e        0x2 
 .text.prvInitialiseNewTask
                0x00000000080067a0      0x13c ./Middlewares/Third_Party/FreeRTOS/Source/tasks.o
 .text.prvAddNewTaskToReadyList
                0x00000000080068dc       0xe0 ./Middlewares/Third_Party/FreeRTOS/Source/tasks.o
 .text.vTaskDelayUntil
                0x00000000080069bc       0xfc ./Middlewares/Third_Party/FreeRTOS/Source/tasks.o
                0x00000000080069bc                vTaskDelayUntil
 .text.vTaskDelay
                0x0000000008006ab8       0x68 ./Middlewares/Third_Party/FreeRTOS/Source/tasks.o
                0x0000000008006ab8                vTaskDelay
 .text.vTaskSuspend
                0x0000000008006b20       0xec ./Middlewares/Third_Party/FreeRTOS/Source/tasks.o
                0x0000000008006b20                vTaskSuspend
 .text.prvTaskIsTaskSuspended
                0x0000000008006c0c       0x74 ./Middlewares/Third_Party/FreeRTOS/Source/tasks.o
 .text.vTaskResume
                0x0000000008006c80       0xbc ./Middlewares/Third_Party/FreeRTOS/Source/tasks.o
                0x0000000008006c80                vTaskResume
 .text.vTaskStartScheduler
                0x0000000008006d3c       0xe0 ./Middlewares/Third_Party/FreeRTOS/Source/tasks.o
                0x0000000008006d3c                vTaskStartScheduler
 .text.vTaskSuspendAll
                0x0000000008006e1c       0x1c ./Middlewares/Third_Party/FreeRTOS/Source/tasks.o
                0x0000000008006e1c                vTaskSuspendAll
 .text.xTaskResumeAll
                0x0000000008006e38      0x13c ./Middlewares/Third_Party/FreeRTOS/Source/tasks.o
                0x0000000008006e38                xTaskResumeAll
 .text.xTaskGetTickCount
                0x0000000008006f74       0x1c ./Middlewares/Third_Party/FreeRTOS/Source/tasks.o
                0x0000000008006f74                xTaskGetTickCount
 .text.xTaskIncrementTick
                0x0000000008006f90      0x17c ./Middlewares/Third_Party/FreeRTOS/Source/tasks.o
                0x0000000008006f90                xTaskIncrementTick
 .text.vTaskSwitchContext
                0x000000000800710c       0xc8 ./Middlewares/Third_Party/FreeRTOS/Source/tasks.o
                0x000000000800710c                vTaskSwitchContext
 .text.vTaskPlaceOnEventList
                0x00000000080071d4       0x48 ./Middlewares/Third_Party/FreeRTOS/Source/tasks.o
                0x00000000080071d4                vTaskPlaceOnEventList
 .text.vTaskPlaceOnEventListRestricted
                0x000000000800721c       0x58 ./Middlewares/Third_Party/FreeRTOS/Source/tasks.o
                0x000000000800721c                vTaskPlaceOnEventListRestricted
 .text.xTaskRemoveFromEventList
                0x0000000008007274       0xc8 ./Middlewares/Third_Party/FreeRTOS/Source/tasks.o
                0x0000000008007274                xTaskRemoveFromEventList
 .text.vTaskInternalSetTimeOutState
                0x000000000800733c       0x2c ./Middlewares/Third_Party/FreeRTOS/Source/tasks.o
                0x000000000800733c                vTaskInternalSetTimeOutState
 .text.xTaskCheckForTimeOut
                0x0000000008007368       0xc4 ./Middlewares/Third_Party/FreeRTOS/Source/tasks.o
                0x0000000008007368                xTaskCheckForTimeOut
 .text.vTaskMissedYield
                0x000000000800742c       0x18 ./Middlewares/Third_Party/FreeRTOS/Source/tasks.o
                0x000000000800742c                vTaskMissedYield
 .text.prvIdleTask
                0x0000000008007444       0x30 ./Middlewares/Third_Party/FreeRTOS/Source/tasks.o
 .text.prvInitialiseTaskLists
                0x0000000008007474       0x80 ./Middlewares/Third_Party/FreeRTOS/Source/tasks.o
 .text.prvCheckTasksWaitingTermination
                0x00000000080074f4       0x5c ./Middlewares/Third_Party/FreeRTOS/Source/tasks.o
 .text.prvDeleteTCB
                0x0000000008007550       0x68 ./Middlewares/Third_Party/FreeRTOS/Source/tasks.o
 .text.prvResetNextTaskUnblockTime
                0x00000000080075b8       0x48 ./Middlewares/Third_Party/FreeRTOS/Source/tasks.o
 .text.xTaskGetSchedulerState
                0x0000000008007600       0x3c ./Middlewares/Third_Party/FreeRTOS/Source/tasks.o
                0x0000000008007600                xTaskGetSchedulerState
 .text.xTaskPriorityDisinherit
                0x000000000800763c       0xdc ./Middlewares/Third_Party/FreeRTOS/Source/tasks.o
                0x000000000800763c                xTaskPriorityDisinherit
 .text.prvAddCurrentTaskToDelayedList
                0x0000000008007718       0xa8 ./Middlewares/Third_Party/FreeRTOS/Source/tasks.o
 .text.xTimerCreateTimerTask
                0x00000000080077c0       0x90 ./Middlewares/Third_Party/FreeRTOS/Source/timers.o
                0x00000000080077c0                xTimerCreateTimerTask
 .text.xTimerGenericCommand
                0x0000000008007850       0x9c ./Middlewares/Third_Party/FreeRTOS/Source/timers.o
                0x0000000008007850                xTimerGenericCommand
 .text.prvProcessExpiredTimer
                0x00000000080078ec       0x80 ./Middlewares/Third_Party/FreeRTOS/Source/timers.o
 .text.prvTimerTask
                0x000000000800796c       0x24 ./Middlewares/Third_Party/FreeRTOS/Source/timers.o
 .text.prvProcessTimerOrBlockTask
                0x0000000008007990       0x9c ./Middlewares/Third_Party/FreeRTOS/Source/timers.o
 .text.prvGetNextExpireTime
                0x0000000008007a2c       0x48 ./Middlewares/Third_Party/FreeRTOS/Source/timers.o
 .text.prvSampleTimeNow
                0x0000000008007a74       0x40 ./Middlewares/Third_Party/FreeRTOS/Source/timers.o
 .text.prvInsertTimerInActiveList
                0x0000000008007ab4       0x84 ./Middlewares/Third_Party/FreeRTOS/Source/timers.o
 .text.prvProcessReceivedCommands
                0x0000000008007b38      0x168 ./Middlewares/Third_Party/FreeRTOS/Source/timers.o
 .text.prvSwitchTimerLists
                0x0000000008007ca0       0xc4 ./Middlewares/Third_Party/FreeRTOS/Source/timers.o
 .text.prvCheckForValidListAndQueue
                0x0000000008007d64       0x80 ./Middlewares/Third_Party/FreeRTOS/Source/timers.o
 .text.pxPortInitialiseStack
                0x0000000008007de4       0x58 ./Middlewares/Third_Party/FreeRTOS/Source/portable/GCC/ARM_CM3/port.o
                0x0000000008007de4                pxPortInitialiseStack
 .text.prvTaskExitError
                0x0000000008007e3c       0x58 ./Middlewares/Third_Party/FreeRTOS/Source/portable/GCC/ARM_CM3/port.o
 *fill*         0x0000000008007e94        0xc 
 .text.SVC_Handler
                0x0000000008007ea0       0x28 ./Middlewares/Third_Party/FreeRTOS/Source/portable/GCC/ARM_CM3/port.o
                0x0000000008007ea0                SVC_Handler
 .text.prvPortStartFirstTask
                0x0000000008007ec8       0x20 ./Middlewares/Third_Party/FreeRTOS/Source/portable/GCC/ARM_CM3/port.o
 .text.xPortStartScheduler
                0x0000000008007ee8       0xe4 ./Middlewares/Third_Party/FreeRTOS/Source/portable/GCC/ARM_CM3/port.o
                0x0000000008007ee8                xPortStartScheduler
 .text.vPortEnterCritical
                0x0000000008007fcc       0x60 ./Middlewares/Third_Party/FreeRTOS/Source/portable/GCC/ARM_CM3/port.o
                0x0000000008007fcc                vPortEnterCritical
 .text.vPortExitCritical
                0x000000000800802c       0x50 ./Middlewares/Third_Party/FreeRTOS/Source/portable/GCC/ARM_CM3/port.o
                0x000000000800802c                vPortExitCritical
 *fill*         0x000000000800807c        0x4 
 .text.PendSV_Handler
                0x0000000008008080       0x48 ./Middlewares/Third_Party/FreeRTOS/Source/portable/GCC/ARM_CM3/port.o
                0x0000000008008080                PendSV_Handler
 .text.SysTick_Handler
                0x00000000080080c8       0x44 ./Middlewares/Third_Party/FreeRTOS/Source/portable/GCC/ARM_CM3/port.o
                0x00000000080080c8                SysTick_Handler
 .text.vPortSetupTimerInterrupt
                0x000000000800810c       0x44 ./Middlewares/Third_Party/FreeRTOS/Source/portable/GCC/ARM_CM3/port.o
                0x000000000800810c                vPortSetupTimerInterrupt
 .text.vPortValidateInterruptPriority
                0x0000000008008150       0x7c ./Middlewares/Third_Party/FreeRTOS/Source/portable/GCC/ARM_CM3/port.o
                0x0000000008008150                vPortValidateInterruptPriority
 .text.pvPortMalloc
                0x00000000080081cc      0x188 ./Middlewares/Third_Party/FreeRTOS/Source/portable/MemMang/heap_4.o
                0x00000000080081cc                pvPortMalloc
 .text.vPortFree
                0x0000000008008354       0xb4 ./Middlewares/Third_Party/FreeRTOS/Source/portable/MemMang/heap_4.o
                0x0000000008008354                vPortFree
 .text.prvHeapInit
                0x0000000008008408       0xc4 ./Middlewares/Third_Party/FreeRTOS/Source/portable/MemMang/heap_4.o
 .text.prvInsertBlockIntoFreeList
                0x00000000080084cc       0xb0 ./Middlewares/Third_Party/FreeRTOS/Source/portable/MemMang/heap_4.o
 .text.__errno  0x000000000800857c        0xc c:/st/stm32cubeide_1.10.1/stm32cubeide/plugins/com.st.stm32cube.ide.mcu.externaltools.gnu-tools-for-stm32.10.3-2021.10.win32_1.0.0.202111181127/tools/bin/../lib/gcc/arm-none-eabi/10.3.1/../../../../arm-none-eabi/lib/thumb/v7-m/nofp\libc_nano.a(lib_a-errno.o)
                0x000000000800857c                __errno
 .text.__libc_init_array
                0x0000000008008588       0x48 c:/st/stm32cubeide_1.10.1/stm32cubeide/plugins/com.st.stm32cube.ide.mcu.externaltools.gnu-tools-for-stm32.10.3-2021.10.win32_1.0.0.202111181127/tools/bin/../lib/gcc/arm-none-eabi/10.3.1/../../../../arm-none-eabi/lib/thumb/v7-m/nofp\libc_nano.a(lib_a-init.o)
                0x0000000008008588                __libc_init_array
 .text.__retarget_lock_acquire_recursive
                0x00000000080085d0        0x2 c:/st/stm32cubeide_1.10.1/stm32cubeide/plugins/com.st.stm32cube.ide.mcu.externaltools.gnu-tools-for-stm32.10.3-2021.10.win32_1.0.0.202111181127/tools/bin/../lib/gcc/arm-none-eabi/10.3.1/../../../../arm-none-eabi/lib/thumb/v7-m/nofp\libc_nano.a(lib_a-lock.o)
                0x00000000080085d0                __retarget_lock_acquire_recursive
 .text.__retarget_lock_release_recursive
                0x00000000080085d2        0x2 c:/st/stm32cubeide_1.10.1/stm32cubeide/plugins/com.st.stm32cube.ide.mcu.externaltools.gnu-tools-for-stm32.10.3-2021.10.win32_1.0.0.202111181127/tools/bin/../lib/gcc/arm-none-eabi/10.3.1/../../../../arm-none-eabi/lib/thumb/v7-m/nofp\libc_nano.a(lib_a-lock.o)
                0x00000000080085d2                __retarget_lock_release_recursive
 .text.memcpy   0x00000000080085d4       0x1c c:/st/stm32cubeide_1.10.1/stm32cubeide/plugins/com.st.stm32cube.ide.mcu.externaltools.gnu-tools-for-stm32.10.3-2021.10.win32_1.0.0.202111181127/tools/bin/../lib/gcc/arm-none-eabi/10.3.1/../../../../arm-none-eabi/lib/thumb/v7-m/nofp\libc_nano.a(lib_a-memcpy-stub.o)
                0x00000000080085d4                memcpy
 .text.memset   0x00000000080085f0       0x10 c:/st/stm32cubeide_1.10.1/stm32cubeide/plugins/com.st.stm32cube.ide.mcu.externaltools.gnu-tools-for-stm32.10.3-2021.10.win32_1.0.0.202111181127/tools/bin/../lib/gcc/arm-none-eabi/10.3.1/../../../../arm-none-eabi/lib/thumb/v7-m/nofp\libc_nano.a(lib_a-memset.o)
                0x00000000080085f0                memset
 .text.sbrk_aligned
                0x0000000008008600       0x40 c:/st/stm32cubeide_1.10.1/stm32cubeide/plugins/com.st.stm32cube.ide.mcu.externaltools.gnu-tools-for-stm32.10.3-2021.10.win32_1.0.0.202111181127/tools/bin/../lib/gcc/arm-none-eabi/10.3.1/../../../../arm-none-eabi/lib/thumb/v7-m/nofp\libc_nano.a(lib_a-nano-mallocr.o)
 .text._malloc_r
                0x0000000008008640       0xe8 c:/st/stm32cubeide_1.10.1/stm32cubeide/plugins/com.st.stm32cube.ide.mcu.externaltools.gnu-tools-for-stm32.10.3-2021.10.win32_1.0.0.202111181127/tools/bin/../lib/gcc/arm-none-eabi/10.3.1/../../../../arm-none-eabi/lib/thumb/v7-m/nofp\libc_nano.a(lib_a-nano-mallocr.o)
                0x0000000008008640                _malloc_r
 .text.cleanup_glue
                0x0000000008008728       0x1a c:/st/stm32cubeide_1.10.1/stm32cubeide/plugins/com.st.stm32cube.ide.mcu.externaltools.gnu-tools-for-stm32.10.3-2021.10.win32_1.0.0.202111181127/tools/bin/../lib/gcc/arm-none-eabi/10.3.1/../../../../arm-none-eabi/lib/thumb/v7-m/nofp\libc_nano.a(lib_a-reent.o)
                0x0000000008008728                cleanup_glue
 *fill*         0x0000000008008742        0x2 
 .text._reclaim_reent
                0x0000000008008744       0xb8 c:/st/stm32cubeide_1.10.1/stm32cubeide/plugins/com.st.stm32cube.ide.mcu.externaltools.gnu-tools-for-stm32.10.3-2021.10.win32_1.0.0.202111181127/tools/bin/../lib/gcc/arm-none-eabi/10.3.1/../../../../arm-none-eabi/lib/thumb/v7-m/nofp\libc_nano.a(lib_a-reent.o)
                0x0000000008008744                _reclaim_reent
 .text._sbrk_r  0x00000000080087fc       0x20 c:/st/stm32cubeide_1.10.1/stm32cubeide/plugins/com.st.stm32cube.ide.mcu.externaltools.gnu-tools-for-stm32.10.3-2021.10.win32_1.0.0.202111181127/tools/bin/../lib/gcc/arm-none-eabi/10.3.1/../../../../arm-none-eabi/lib/thumb/v7-m/nofp\libc_nano.a(lib_a-sbrkr.o)
                0x00000000080087fc                _sbrk_r
 .text.sprintf  0x000000000800881c       0x40 c:/st/stm32cubeide_1.10.1/stm32cubeide/plugins/com.st.stm32cube.ide.mcu.externaltools.gnu-tools-for-stm32.10.3-2021.10.win32_1.0.0.202111181127/tools/bin/../lib/gcc/arm-none-eabi/10.3.1/../../../../arm-none-eabi/lib/thumb/v7-m/nofp\libc_nano.a(lib_a-sprintf.o)
                0x000000000800881c                siprintf
                0x000000000800881c                sprintf
 .text.__malloc_lock
                0x000000000800885c        0xc c:/st/stm32cubeide_1.10.1/stm32cubeide/plugins/com.st.stm32cube.ide.mcu.externaltools.gnu-tools-for-stm32.10.3-2021.10.win32_1.0.0.202111181127/tools/bin/../lib/gcc/arm-none-eabi/10.3.1/../../../../arm-none-eabi/lib/thumb/v7-m/nofp\libc_nano.a(lib_a-mlock.o)
                0x000000000800885c                __malloc_lock
 .text.__malloc_unlock
                0x0000000008008868        0xc c:/st/stm32cubeide_1.10.1/stm32cubeide/plugins/com.st.stm32cube.ide.mcu.externaltools.gnu-tools-for-stm32.10.3-2021.10.win32_1.0.0.202111181127/tools/bin/../lib/gcc/arm-none-eabi/10.3.1/../../../../arm-none-eabi/lib/thumb/v7-m/nofp\libc_nano.a(lib_a-mlock.o)
                0x0000000008008868                __malloc_unlock
 .text._free_r  0x0000000008008874       0x90 c:/st/stm32cubeide_1.10.1/stm32cubeide/plugins/com.st.stm32cube.ide.mcu.externaltools.gnu-tools-for-stm32.10.3-2021.10.win32_1.0.0.202111181127/tools/bin/../lib/gcc/arm-none-eabi/10.3.1/../../../../arm-none-eabi/lib/thumb/v7-m/nofp\libc_nano.a(lib_a-nano-freer.o)
                0x0000000008008874                _free_r
 .text.__ssputs_r
                0x0000000008008904       0xb6 c:/st/stm32cubeide_1.10.1/stm32cubeide/plugins/com.st.stm32cube.ide.mcu.externaltools.gnu-tools-for-stm32.10.3-2021.10.win32_1.0.0.202111181127/tools/bin/../lib/gcc/arm-none-eabi/10.3.1/../../../../arm-none-eabi/lib/thumb/v7-m/nofp\libc_nano.a(lib_a-nano-svfprintf.o)
                0x0000000008008904                __ssputs_r
 *fill*         0x00000000080089ba        0x2 
 .text._svfprintf_r
                0x00000000080089bc      0x200 c:/st/stm32cubeide_1.10.1/stm32cubeide/plugins/com.st.stm32cube.ide.mcu.externaltools.gnu-tools-for-stm32.10.3-2021.10.win32_1.0.0.202111181127/tools/bin/../lib/gcc/arm-none-eabi/10.3.1/../../../../arm-none-eabi/lib/thumb/v7-m/nofp\libc_nano.a(lib_a-nano-svfprintf.o)
                0x00000000080089bc                _svfiprintf_r
                0x00000000080089bc                _svfprintf_r
 .text._printf_common
                0x0000000008008bbc       0xde c:/st/stm32cubeide_1.10.1/stm32cubeide/plugins/com.st.stm32cube.ide.mcu.externaltools.gnu-tools-for-stm32.10.3-2021.10.win32_1.0.0.202111181127/tools/bin/../lib/gcc/arm-none-eabi/10.3.1/../../../../arm-none-eabi/lib/thumb/v7-m/nofp\libc_nano.a(lib_a-nano-vfprintf_i.o)
                0x0000000008008bbc                _printf_common
 *fill*         0x0000000008008c9a        0x2 
 .text._printf_i
                0x0000000008008c9c      0x24c c:/st/stm32cubeide_1.10.1/stm32cubeide/plugins/com.st.stm32cube.ide.mcu.externaltools.gnu-tools-for-stm32.10.3-2021.10.win32_1.0.0.202111181127/tools/bin/../lib/gcc/arm-none-eabi/10.3.1/../../../../arm-none-eabi/lib/thumb/v7-m/nofp\libc_nano.a(lib_a-nano-vfprintf_i.o)
                0x0000000008008c9c                _printf_i
 .text.memchr   0x0000000008008ee8       0x1c c:/st/stm32cubeide_1.10.1/stm32cubeide/plugins/com.st.stm32cube.ide.mcu.externaltools.gnu-tools-for-stm32.10.3-2021.10.win32_1.0.0.202111181127/tools/bin/../lib/gcc/arm-none-eabi/10.3.1/../../../../arm-none-eabi/lib/thumb/v7-m/nofp\libc_nano.a(lib_a-memchr-stub.o)
                0x0000000008008ee8                memchr
 .text.memmove  0x0000000008008f04       0x34 c:/st/stm32cubeide_1.10.1/stm32cubeide/plugins/com.st.stm32cube.ide.mcu.externaltools.gnu-tools-for-stm32.10.3-2021.10.win32_1.0.0.202111181127/tools/bin/../lib/gcc/arm-none-eabi/10.3.1/../../../../arm-none-eabi/lib/thumb/v7-m/nofp\libc_nano.a(lib_a-memmove.o)
                0x0000000008008f04                memmove
 .text._realloc_r
                0x0000000008008f38       0x5e c:/st/stm32cubeide_1.10.1/stm32cubeide/plugins/com.st.stm32cube.ide.mcu.externaltools.gnu-tools-for-stm32.10.3-2021.10.win32_1.0.0.202111181127/tools/bin/../lib/gcc/arm-none-eabi/10.3.1/../../../../arm-none-eabi/lib/thumb/v7-m/nofp\libc_nano.a(lib_a-nano-reallocr.o)
                0x0000000008008f38                _realloc_r
 .text._malloc_usable_size_r
                0x0000000008008f96       0x10 c:/st/stm32cubeide_1.10.1/stm32cubeide/plugins/com.st.stm32cube.ide.mcu.externaltools.gnu-tools-for-stm32.10.3-2021.10.win32_1.0.0.202111181127/tools/bin/../lib/gcc/arm-none-eabi/10.3.1/../../../../arm-none-eabi/lib/thumb/v7-m/nofp\libc_nano.a(lib_a-nano-msizer.o)
                0x0000000008008f96                _malloc_usable_size_r
 *(.glue_7)
 .glue_7        0x0000000008008fa6        0x0 linker stubs
 *(.glue_7t)
 .glue_7t       0x0000000008008fa6        0x0 linker stubs
 *(.eh_frame)
 *fill*         0x0000000008008fa6        0x2 
 .eh_frame      0x0000000008008fa8        0x0 c:/st/stm32cubeide_1.10.1/stm32cubeide/plugins/com.st.stm32cube.ide.mcu.externaltools.gnu-tools-for-stm32.10.3-2021.10.win32_1.0.0.202111181127/tools/bin/../lib/gcc/arm-none-eabi/10.3.1/thumb/v7-m/nofp/crtbegin.o
 *(.init)
 .init          0x0000000008008fa8        0x4 c:/st/stm32cubeide_1.10.1/stm32cubeide/plugins/com.st.stm32cube.ide.mcu.externaltools.gnu-tools-for-stm32.10.3-2021.10.win32_1.0.0.202111181127/tools/bin/../lib/gcc/arm-none-eabi/10.3.1/thumb/v7-m/nofp/crti.o
                0x0000000008008fa8                _init
 .init          0x0000000008008fac        0x8 c:/st/stm32cubeide_1.10.1/stm32cubeide/plugins/com.st.stm32cube.ide.mcu.externaltools.gnu-tools-for-stm32.10.3-2021.10.win32_1.0.0.202111181127/tools/bin/../lib/gcc/arm-none-eabi/10.3.1/thumb/v7-m/nofp/crtn.o
 *(.fini)
 .fini          0x0000000008008fb4        0x4 c:/st/stm32cubeide_1.10.1/stm32cubeide/plugins/com.st.stm32cube.ide.mcu.externaltools.gnu-tools-for-stm32.10.3-2021.10.win32_1.0.0.202111181127/tools/bin/../lib/gcc/arm-none-eabi/10.3.1/thumb/v7-m/nofp/crti.o
                0x0000000008008fb4                _fini
 .fini          0x0000000008008fb8        0x8 c:/st/stm32cubeide_1.10.1/stm32cubeide/plugins/com.st.stm32cube.ide.mcu.externaltools.gnu-tools-for-stm32.10.3-2021.10.win32_1.0.0.202111181127/tools/bin/../lib/gcc/arm-none-eabi/10.3.1/thumb/v7-m/nofp/crtn.o
                0x0000000008008fc0                . = ALIGN (0x4)
                0x0000000008008fc0                _etext = .

.vfp11_veneer   0x0000000008008fc0        0x0
 .vfp11_veneer  0x0000000008008fc0        0x0 linker stubs

.v4_bx          0x0000000008008fc0        0x0
 .v4_bx         0x0000000008008fc0        0x0 linker stubs

.iplt           0x0000000008008fc0        0x0
 .iplt          0x0000000008008fc0        0x0 c:/st/stm32cubeide_1.10.1/stm32cubeide/plugins/com.st.stm32cube.ide.mcu.externaltools.gnu-tools-for-stm32.10.3-2021.10.win32_1.0.0.202111181127/tools/bin/../lib/gcc/arm-none-eabi/10.3.1/thumb/v7-m/nofp/crtbegin.o

.rodata         0x0000000008008fc0      0x2e8
                0x0000000008008fc0                . = ALIGN (0x4)
 *(.rodata)
 .rodata        0x0000000008008fc0       0x59 ./Core/Src/OneWire.o
 *fill*         0x0000000008009019        0x3 
 .rodata        0x000000000800901c       0x10 ./Core/Src/liquidcrystal_i2c.o
 .rodata        0x000000000800902c       0x5c ./Core/Src/main.o
 .rodata        0x0000000008009088       0xfa ./Core/Src/proyecto/MdE.o
 *fill*         0x0000000008009182        0x2 
 .rodata        0x0000000008009184       0x1b ./Core/Src/proyecto/funciones.o
 *fill*         0x000000000800919f        0x1 
 .rodata        0x00000000080091a0       0x10 ./Drivers/STM32F1xx_HAL_Driver/Src/stm32f1xx_hal_rcc.o
 .rodata        0x00000000080091b0       0x10 ./Drivers/STM32F1xx_HAL_Driver/Src/stm32f1xx_hal_rcc_ex.o
 .rodata        0x00000000080091c0        0x5 ./Middlewares/Third_Party/FreeRTOS/Source/tasks.o
 *fill*         0x00000000080091c5        0x3 
 .rodata        0x00000000080091c8        0xd ./Middlewares/Third_Party/FreeRTOS/Source/timers.o
 *(.rodata*)
 *fill*         0x00000000080091d5        0x3 
 .rodata.defaultTask_attributes
                0x00000000080091d8       0x24 ./Core/Src/main.o
                0x00000000080091d8                defaultTask_attributes
 .rodata.AHBPrescTable
                0x00000000080091fc       0x10 ./Core/Src/system_stm32f1xx.o
                0x00000000080091fc                AHBPrescTable
 .rodata.APBPrescTable
                0x000000000800920c        0x8 ./Core/Src/system_stm32f1xx.o
                0x000000000800920c                APBPrescTable
 .rodata.__sf_fake_stderr
                0x0000000008009214       0x20 c:/st/stm32cubeide_1.10.1/stm32cubeide/plugins/com.st.stm32cube.ide.mcu.externaltools.gnu-tools-for-stm32.10.3-2021.10.win32_1.0.0.202111181127/tools/bin/../lib/gcc/arm-none-eabi/10.3.1/../../../../arm-none-eabi/lib/thumb/v7-m/nofp\libc_nano.a(lib_a-findfp.o)
                0x0000000008009214                __sf_fake_stderr
 .rodata.__sf_fake_stdin
                0x0000000008009234       0x20 c:/st/stm32cubeide_1.10.1/stm32cubeide/plugins/com.st.stm32cube.ide.mcu.externaltools.gnu-tools-for-stm32.10.3-2021.10.win32_1.0.0.202111181127/tools/bin/../lib/gcc/arm-none-eabi/10.3.1/../../../../arm-none-eabi/lib/thumb/v7-m/nofp\libc_nano.a(lib_a-findfp.o)
                0x0000000008009234                __sf_fake_stdin
 .rodata.__sf_fake_stdout
                0x0000000008009254       0x20 c:/st/stm32cubeide_1.10.1/stm32cubeide/plugins/com.st.stm32cube.ide.mcu.externaltools.gnu-tools-for-stm32.10.3-2021.10.win32_1.0.0.202111181127/tools/bin/../lib/gcc/arm-none-eabi/10.3.1/../../../../arm-none-eabi/lib/thumb/v7-m/nofp\libc_nano.a(lib_a-findfp.o)
                0x0000000008009254                __sf_fake_stdout
 .rodata._svfprintf_r.str1.1
                0x0000000008009274       0x11 c:/st/stm32cubeide_1.10.1/stm32cubeide/plugins/com.st.stm32cube.ide.mcu.externaltools.gnu-tools-for-stm32.10.3-2021.10.win32_1.0.0.202111181127/tools/bin/../lib/gcc/arm-none-eabi/10.3.1/../../../../arm-none-eabi/lib/thumb/v7-m/nofp\libc_nano.a(lib_a-nano-svfprintf.o)
 .rodata._printf_i.str1.1
                0x0000000008009285       0x22 c:/st/stm32cubeide_1.10.1/stm32cubeide/plugins/com.st.stm32cube.ide.mcu.externaltools.gnu-tools-for-stm32.10.3-2021.10.win32_1.0.0.202111181127/tools/bin/../lib/gcc/arm-none-eabi/10.3.1/../../../../arm-none-eabi/lib/thumb/v7-m/nofp\libc_nano.a(lib_a-nano-vfprintf_i.o)
                0x00000000080092a8                . = ALIGN (0x4)
 *fill*         0x00000000080092a7        0x1 

.rel.dyn        0x00000000080092a8        0x0
 .rel.iplt      0x00000000080092a8        0x0 c:/st/stm32cubeide_1.10.1/stm32cubeide/plugins/com.st.stm32cube.ide.mcu.externaltools.gnu-tools-for-stm32.10.3-2021.10.win32_1.0.0.202111181127/tools/bin/../lib/gcc/arm-none-eabi/10.3.1/thumb/v7-m/nofp/crtbegin.o

.ARM.extab      0x00000000080092a8        0x0
                0x00000000080092a8                . = ALIGN (0x4)
 *(.ARM.extab* .gnu.linkonce.armextab.*)
                0x00000000080092a8                . = ALIGN (0x4)

.ARM            0x00000000080092a8        0x0
                0x00000000080092a8                . = ALIGN (0x4)
                0x00000000080092a8                __exidx_start = .
 *(.ARM.exidx*)
                0x00000000080092a8                __exidx_end = .
                0x00000000080092a8                . = ALIGN (0x4)

.preinit_array  0x00000000080092a8        0x0
                0x00000000080092a8                . = ALIGN (0x4)
                0x00000000080092a8                PROVIDE (__preinit_array_start = .)
 *(.preinit_array*)
                0x00000000080092a8                PROVIDE (__preinit_array_end = .)
                0x00000000080092a8                . = ALIGN (0x4)

.init_array     0x00000000080092a8        0x4
                0x00000000080092a8                . = ALIGN (0x4)
                0x00000000080092a8                PROVIDE (__init_array_start = .)
 *(SORT_BY_NAME(.init_array.*))
 *(.init_array*)
 .init_array    0x00000000080092a8        0x4 c:/st/stm32cubeide_1.10.1/stm32cubeide/plugins/com.st.stm32cube.ide.mcu.externaltools.gnu-tools-for-stm32.10.3-2021.10.win32_1.0.0.202111181127/tools/bin/../lib/gcc/arm-none-eabi/10.3.1/thumb/v7-m/nofp/crtbegin.o
                0x00000000080092ac                PROVIDE (__init_array_end = .)
                0x00000000080092ac                . = ALIGN (0x4)

.fini_array     0x00000000080092ac        0x4
                0x00000000080092ac                . = ALIGN (0x4)
                [!provide]                        PROVIDE (__fini_array_start = .)
 *(SORT_BY_NAME(.fini_array.*))
 *(.fini_array*)
 .fini_array    0x00000000080092ac        0x4 c:/st/stm32cubeide_1.10.1/stm32cubeide/plugins/com.st.stm32cube.ide.mcu.externaltools.gnu-tools-for-stm32.10.3-2021.10.win32_1.0.0.202111181127/tools/bin/../lib/gcc/arm-none-eabi/10.3.1/thumb/v7-m/nofp/crtbegin.o
                [!provide]                        PROVIDE (__fini_array_end = .)
                0x00000000080092b0                . = ALIGN (0x4)
                0x00000000080092b0                _sidata = LOADADDR (.data)

.data           0x0000000020000000       0x8c load address 0x00000000080092b0
                0x0000000020000000                . = ALIGN (0x4)
                0x0000000020000000                _sdata = .
 *(.data)
 *(.data*)
 .data.pDelay   0x0000000020000000        0x4 ./Core/Src/OneWire.o
                0x0000000020000000                pDelay
 .data.special1
                0x0000000020000004        0x8 ./Core/Src/liquidcrystal_i2c.o
                0x0000000020000004                special1
 .data.special2
                0x000000002000000c        0x8 ./Core/Src/liquidcrystal_i2c.o
                0x000000002000000c                special2
 .data.SystemCoreClock
                0x0000000020000014        0x4 ./Core/Src/system_stm32f1xx.o
                0x0000000020000014                SystemCoreClock
 .data.estado.2
                0x0000000020000018        0x1 ./Core/Src/proyecto/funciones.o
 *fill*         0x0000000020000019        0x3 
 .data.uwTickPrio
                0x000000002000001c        0x4 ./Drivers/STM32F1xx_HAL_Driver/Src/stm32f1xx_hal.o
                0x000000002000001c                uwTickPrio
 .data.uwTickFreq
                0x0000000020000020        0x1 ./Drivers/STM32F1xx_HAL_Driver/Src/stm32f1xx_hal.o
                0x0000000020000020                uwTickFreq
 *fill*         0x0000000020000021        0x3 
 .data.uxCriticalNesting
                0x0000000020000024        0x4 ./Middlewares/Third_Party/FreeRTOS/Source/portable/GCC/ARM_CM3/port.o
 .data._impure_ptr
                0x0000000020000028        0x4 c:/st/stm32cubeide_1.10.1/stm32cubeide/plugins/com.st.stm32cube.ide.mcu.externaltools.gnu-tools-for-stm32.10.3-2021.10.win32_1.0.0.202111181127/tools/bin/../lib/gcc/arm-none-eabi/10.3.1/../../../../arm-none-eabi/lib/thumb/v7-m/nofp\libc_nano.a(lib_a-impure.o)
                0x0000000020000028                _impure_ptr
 .data.impure_data
                0x000000002000002c       0x60 c:/st/stm32cubeide_1.10.1/stm32cubeide/plugins/com.st.stm32cube.ide.mcu.externaltools.gnu-tools-for-stm32.10.3-2021.10.win32_1.0.0.202111181127/tools/bin/../lib/gcc/arm-none-eabi/10.3.1/../../../../arm-none-eabi/lib/thumb/v7-m/nofp\libc_nano.a(lib_a-impure.o)
 *(.RamFunc)
 *(.RamFunc*)
                0x000000002000008c                . = ALIGN (0x4)
                0x000000002000008c                _edata = .

.igot.plt       0x000000002000008c        0x0 load address 0x000000000800933c
 .igot.plt      0x000000002000008c        0x0 c:/st/stm32cubeide_1.10.1/stm32cubeide/plugins/com.st.stm32cube.ide.mcu.externaltools.gnu-tools-for-stm32.10.3-2021.10.win32_1.0.0.202111181127/tools/bin/../lib/gcc/arm-none-eabi/10.3.1/thumb/v7-m/nofp/crtbegin.o
                0x000000002000008c                . = ALIGN (0x4)

.bss            0x000000002000008c     0x1bd4 load address 0x000000000800933c
                0x000000002000008c                _sbss = .
                0x000000002000008c                __bss_start__ = _sbss
 *(.bss)
 .bss           0x000000002000008c       0x1c c:/st/stm32cubeide_1.10.1/stm32cubeide/plugins/com.st.stm32cube.ide.mcu.externaltools.gnu-tools-for-stm32.10.3-2021.10.win32_1.0.0.202111181127/tools/bin/../lib/gcc/arm-none-eabi/10.3.1/thumb/v7-m/nofp/crtbegin.o
 *(.bss*)
 .bss.recvFlag  0x00000000200000a8        0x1 ./Core/Src/OneWire.o
                0x00000000200000a8                recvFlag
 *fill*         0x00000000200000a9        0x3 
 .bss.rc_buffer
                0x00000000200000ac        0xa ./Core/Src/OneWire.o
                0x00000000200000ac                rc_buffer
 *fill*         0x00000000200000b6        0x2 
 .bss.Temp      0x00000000200000b8        0x8 ./Core/Src/OneWire.o
                0x00000000200000b8                Temp
 .bss.devInfo   0x00000000200000c0       0x24 ./Core/Src/OneWire.o
                0x00000000200000c0                devInfo
 .bss.devices   0x00000000200000e4        0x1 ./Core/Src/OneWire.o
                0x00000000200000e4                devices
 *fill*         0x00000000200000e5        0x3 
 .bss.ow        0x00000000200000e8       0x1c ./Core/Src/OneWire.o
                0x00000000200000e8                ow
 .bss.i         0x0000000020000104        0x4 ./Core/Src/OneWire.o
                0x0000000020000104                i
 .bss.t         0x0000000020000108        0x2 ./Core/Src/OneWire.o
                0x0000000020000108                t
 *fill*         0x000000002000010a        0x2 
 .bss.crcOK     0x000000002000010c        0x4 ./Core/Src/OneWire.o
                0x000000002000010c                crcOK
 .bss.dpFunction
                0x0000000020000110        0x1 ./Core/Src/liquidcrystal_i2c.o
                0x0000000020000110                dpFunction
 .bss.dpControl
                0x0000000020000111        0x1 ./Core/Src/liquidcrystal_i2c.o
                0x0000000020000111                dpControl
 .bss.dpMode    0x0000000020000112        0x1 ./Core/Src/liquidcrystal_i2c.o
                0x0000000020000112                dpMode
 .bss.dpRows    0x0000000020000113        0x1 ./Core/Src/liquidcrystal_i2c.o
                0x0000000020000113                dpRows
 .bss.dpBacklight
                0x0000000020000114        0x1 ./Core/Src/liquidcrystal_i2c.o
                0x0000000020000114                dpBacklight
 *fill*         0x0000000020000115        0x3 
 .bss.hi2c1     0x0000000020000118       0x54 ./Core/Src/main.o
                0x0000000020000118                hi2c1
 .bss.hrtc      0x000000002000016c       0x14 ./Core/Src/main.o
                0x000000002000016c                hrtc
 .bss.huart1    0x0000000020000180       0x44 ./Core/Src/main.o
                0x0000000020000180                huart1
 .bss.defaultTaskHandle
                0x00000000200001c4        0x4 ./Core/Src/main.o
                0x00000000200001c4                defaultTaskHandle
 .bss.Handler_Lectura
                0x00000000200001c8        0x4 ./Core/Src/main.o
                0x00000000200001c8                Handler_Lectura
 .bss.Handler_Sensores
                0x00000000200001cc        0x4 ./Core/Src/main.o
                0x00000000200001cc                Handler_Sensores
 .bss.Handler_Anafe
                0x00000000200001d0        0x4 ./Core/Src/main.o
                0x00000000200001d0                Handler_Anafe
 .bss.Handler_Timer
                0x00000000200001d4        0x4 ./Core/Src/main.o
                0x00000000200001d4                Handler_Timer
 .bss.htim4     0x00000000200001d8       0x48 ./Core/Src/stm32f1xx_hal_timebase_tim.o
                0x00000000200001d8                htim4
 .bss.__sbrk_heap_end
                0x0000000020000220        0x4 ./Core/Src/sysmem.o
 .bss.cursor    0x0000000020000224        0x1 ./Core/Src/proyecto/MdE.o
                0x0000000020000224                cursor
 *fill*         0x0000000020000225        0x3 
 .bss.horaActual
                0x0000000020000228        0x3 ./Core/Src/proyecto/MdE.o
                0x0000000020000228                horaActual
 *fill*         0x000000002000022b        0x1 
 .bss.horaProgramada
                0x000000002000022c        0x3 ./Core/Src/proyecto/MdE.o
                0x000000002000022c                horaProgramada
 *fill*         0x000000002000022f        0x1 
 .bss.horaInicio
                0x0000000020000230        0x3 ./Core/Src/proyecto/MdE.o
                0x0000000020000230                horaInicio
 *fill*         0x0000000020000233        0x1 
 .bss.horaStr   0x0000000020000234        0x3 ./Core/Src/proyecto/MdE.o
                0x0000000020000234                horaStr
 *fill*         0x0000000020000237        0x1 
 .bss.minutoStr
                0x0000000020000238        0x3 ./Core/Src/proyecto/MdE.o
                0x0000000020000238                minutoStr
 .bss.bufferTeclado
                0x000000002000023b        0x1 ./Core/Src/proyecto/MdE.o
                0x000000002000023b                bufferTeclado
 .bss.estado_comp
                0x000000002000023c        0x1 ./Core/Src/proyecto/MdE.o
                0x000000002000023c                estado_comp
 .bss.estado_MdE.0
                0x000000002000023d        0x1 ./Core/Src/proyecto/MdE.o
 .bss.cafe_programado
                0x000000002000023e        0x1 ./Core/Src/proyecto/funciones.o
                0x000000002000023e                cafe_programado
 .bss.codigoActual.3
                0x000000002000023f        0x1 ./Core/Src/proyecto/funciones.o
 .bss.codigoAnterior.1
                0x0000000020000240        0x1 ./Core/Src/proyecto/funciones.o
 .bss.contTeclaEstable.0
                0x0000000020000241        0x1 ./Core/Src/proyecto/funciones.o
 *fill*         0x0000000020000242        0x2 
 .bss.uwTick    0x0000000020000244        0x4 ./Drivers/STM32F1xx_HAL_Driver/Src/stm32f1xx_hal.o
                0x0000000020000244                uwTick
 .bss.KernelState
                0x0000000020000248        0x4 ./Middlewares/Third_Party/FreeRTOS/Source/CMSIS_RTOS_V2/cmsis_os2.o
 .bss.Idle_TCB  0x000000002000024c       0xbc ./Middlewares/Third_Party/FreeRTOS/Source/CMSIS_RTOS_V2/cmsis_os2.o
 .bss.Idle_Stack
                0x0000000020000308      0x200 ./Middlewares/Third_Party/FreeRTOS/Source/CMSIS_RTOS_V2/cmsis_os2.o
 .bss.Timer_TCB
                0x0000000020000508       0xbc ./Middlewares/Third_Party/FreeRTOS/Source/CMSIS_RTOS_V2/cmsis_os2.o
 .bss.Timer_Stack
                0x00000000200005c4      0x400 ./Middlewares/Third_Party/FreeRTOS/Source/CMSIS_RTOS_V2/cmsis_os2.o
 .bss.xQueueRegistry
                0x00000000200009c4       0x40 ./Middlewares/Third_Party/FreeRTOS/Source/queue.o
                0x00000000200009c4                xQueueRegistry
 .bss.pxCurrentTCB
                0x0000000020000a04        0x4 ./Middlewares/Third_Party/FreeRTOS/Source/tasks.o
                0x0000000020000a04                pxCurrentTCB
 .bss.pxReadyTasksLists
                0x0000000020000a08      0x460 ./Middlewares/Third_Party/FreeRTOS/Source/tasks.o
 .bss.xDelayedTaskList1
                0x0000000020000e68       0x14 ./Middlewares/Third_Party/FreeRTOS/Source/tasks.o
 .bss.xDelayedTaskList2
                0x0000000020000e7c       0x14 ./Middlewares/Third_Party/FreeRTOS/Source/tasks.o
 .bss.pxDelayedTaskList
                0x0000000020000e90        0x4 ./Middlewares/Third_Party/FreeRTOS/Source/tasks.o
 .bss.pxOverflowDelayedTaskList
                0x0000000020000e94        0x4 ./Middlewares/Third_Party/FreeRTOS/Source/tasks.o
 .bss.xPendingReadyList
                0x0000000020000e98       0x14 ./Middlewares/Third_Party/FreeRTOS/Source/tasks.o
 .bss.xTasksWaitingTermination
                0x0000000020000eac       0x14 ./Middlewares/Third_Party/FreeRTOS/Source/tasks.o
 .bss.uxDeletedTasksWaitingCleanUp
                0x0000000020000ec0        0x4 ./Middlewares/Third_Party/FreeRTOS/Source/tasks.o
 .bss.xSuspendedTaskList
                0x0000000020000ec4       0x14 ./Middlewares/Third_Party/FreeRTOS/Source/tasks.o
 .bss.uxCurrentNumberOfTasks
                0x0000000020000ed8        0x4 ./Middlewares/Third_Party/FreeRTOS/Source/tasks.o
 .bss.xTickCount
                0x0000000020000edc        0x4 ./Middlewares/Third_Party/FreeRTOS/Source/tasks.o
 .bss.uxTopReadyPriority
                0x0000000020000ee0        0x4 ./Middlewares/Third_Party/FreeRTOS/Source/tasks.o
 .bss.xSchedulerRunning
                0x0000000020000ee4        0x4 ./Middlewares/Third_Party/FreeRTOS/Source/tasks.o
 .bss.uxPendedTicks
                0x0000000020000ee8        0x4 ./Middlewares/Third_Party/FreeRTOS/Source/tasks.o
 .bss.xYieldPending
                0x0000000020000eec        0x4 ./Middlewares/Third_Party/FreeRTOS/Source/tasks.o
 .bss.xNumOfOverflows
                0x0000000020000ef0        0x4 ./Middlewares/Third_Party/FreeRTOS/Source/tasks.o
 .bss.uxTaskNumber
                0x0000000020000ef4        0x4 ./Middlewares/Third_Party/FreeRTOS/Source/tasks.o
 .bss.xNextTaskUnblockTime
                0x0000000020000ef8        0x4 ./Middlewares/Third_Party/FreeRTOS/Source/tasks.o
 .bss.xIdleTaskHandle
                0x0000000020000efc        0x4 ./Middlewares/Third_Party/FreeRTOS/Source/tasks.o
 .bss.uxSchedulerSuspended
                0x0000000020000f00        0x4 ./Middlewares/Third_Party/FreeRTOS/Source/tasks.o
 .bss.xActiveTimerList1
                0x0000000020000f04       0x14 ./Middlewares/Third_Party/FreeRTOS/Source/timers.o
 .bss.xActiveTimerList2
                0x0000000020000f18       0x14 ./Middlewares/Third_Party/FreeRTOS/Source/timers.o
 .bss.pxCurrentTimerList
                0x0000000020000f2c        0x4 ./Middlewares/Third_Party/FreeRTOS/Source/timers.o
 .bss.pxOverflowTimerList
                0x0000000020000f30        0x4 ./Middlewares/Third_Party/FreeRTOS/Source/timers.o
 .bss.xTimerQueue
                0x0000000020000f34        0x4 ./Middlewares/Third_Party/FreeRTOS/Source/timers.o
 .bss.xTimerTaskHandle
                0x0000000020000f38        0x4 ./Middlewares/Third_Party/FreeRTOS/Source/timers.o
 .bss.xLastTime.2
                0x0000000020000f3c        0x4 ./Middlewares/Third_Party/FreeRTOS/Source/timers.o
 .bss.ucStaticTimerQueueStorage.1
                0x0000000020000f40       0xa0 ./Middlewares/Third_Party/FreeRTOS/Source/timers.o
 .bss.xStaticTimerQueue.0
                0x0000000020000fe0       0x50 ./Middlewares/Third_Party/FreeRTOS/Source/timers.o
 .bss.ucMaxSysCallPriority
                0x0000000020001030        0x1 ./Middlewares/Third_Party/FreeRTOS/Source/portable/GCC/ARM_CM3/port.o
 *fill*         0x0000000020001031        0x3 
 .bss.ulMaxPRIGROUPValue
                0x0000000020001034        0x4 ./Middlewares/Third_Party/FreeRTOS/Source/portable/GCC/ARM_CM3/port.o
 .bss.ucHeap    0x0000000020001038      0xc00 ./Middlewares/Third_Party/FreeRTOS/Source/portable/MemMang/heap_4.o
 .bss.xStart    0x0000000020001c38        0x8 ./Middlewares/Third_Party/FreeRTOS/Source/portable/MemMang/heap_4.o
 .bss.pxEnd     0x0000000020001c40        0x4 ./Middlewares/Third_Party/FreeRTOS/Source/portable/MemMang/heap_4.o
 .bss.xFreeBytesRemaining
                0x0000000020001c44        0x4 ./Middlewares/Third_Party/FreeRTOS/Source/portable/MemMang/heap_4.o
 .bss.xMinimumEverFreeBytesRemaining
                0x0000000020001c48        0x4 ./Middlewares/Third_Party/FreeRTOS/Source/portable/MemMang/heap_4.o
 .bss.xBlockAllocatedBit
                0x0000000020001c4c        0x4 ./Middlewares/Third_Party/FreeRTOS/Source/portable/MemMang/heap_4.o
 .bss.__lock___malloc_recursive_mutex
                0x0000000020001c50        0x1 c:/st/stm32cubeide_1.10.1/stm32cubeide/plugins/com.st.stm32cube.ide.mcu.externaltools.gnu-tools-for-stm32.10.3-2021.10.win32_1.0.0.202111181127/tools/bin/../lib/gcc/arm-none-eabi/10.3.1/../../../../arm-none-eabi/lib/thumb/v7-m/nofp\libc_nano.a(lib_a-lock.o)
                0x0000000020001c50                __lock___malloc_recursive_mutex
 *fill*         0x0000000020001c51        0x3 
 .bss.__malloc_free_list
                0x0000000020001c54        0x4 c:/st/stm32cubeide_1.10.1/stm32cubeide/plugins/com.st.stm32cube.ide.mcu.externaltools.gnu-tools-for-stm32.10.3-2021.10.win32_1.0.0.202111181127/tools/bin/../lib/gcc/arm-none-eabi/10.3.1/../../../../arm-none-eabi/lib/thumb/v7-m/nofp\libc_nano.a(lib_a-nano-mallocr.o)
                0x0000000020001c54                __malloc_free_list
 .bss.__malloc_sbrk_start
                0x0000000020001c58        0x4 c:/st/stm32cubeide_1.10.1/stm32cubeide/plugins/com.st.stm32cube.ide.mcu.externaltools.gnu-tools-for-stm32.10.3-2021.10.win32_1.0.0.202111181127/tools/bin/../lib/gcc/arm-none-eabi/10.3.1/../../../../arm-none-eabi/lib/thumb/v7-m/nofp\libc_nano.a(lib_a-nano-mallocr.o)
                0x0000000020001c58                __malloc_sbrk_start
 .bss.errno     0x0000000020001c5c        0x4 c:/st/stm32cubeide_1.10.1/stm32cubeide/plugins/com.st.stm32cube.ide.mcu.externaltools.gnu-tools-for-stm32.10.3-2021.10.win32_1.0.0.202111181127/tools/bin/../lib/gcc/arm-none-eabi/10.3.1/../../../../arm-none-eabi/lib/thumb/v7-m/nofp\libc_nano.a(lib_a-reent.o)
                0x0000000020001c5c                errno
 *(COMMON)
                0x0000000020001c60                . = ALIGN (0x4)
                0x0000000020001c60                _ebss = .
                0x0000000020001c60                __bss_end__ = _ebss

._user_heap_stack
                0x0000000020001c60      0x600 load address 0x000000000800933c
                0x0000000020001c60                . = ALIGN (0x8)
                [!provide]                        PROVIDE (end = .)
                0x0000000020001c60                PROVIDE (_end = .)
                0x0000000020001e60                . = (. + _Min_Heap_Size)
 *fill*         0x0000000020001c60      0x200 
                0x0000000020002260                . = (. + _Min_Stack_Size)
 *fill*         0x0000000020001e60      0x400 
                0x0000000020002260                . = ALIGN (0x8)

/DISCARD/
 libc.a(*)
 libm.a(*)
 libgcc.a(*)

.ARM.attributes
                0x0000000000000000       0x29
 *(.ARM.attributes)
 .ARM.attributes
                0x0000000000000000       0x1d c:/st/stm32cubeide_1.10.1/stm32cubeide/plugins/com.st.stm32cube.ide.mcu.externaltools.gnu-tools-for-stm32.10.3-2021.10.win32_1.0.0.202111181127/tools/bin/../lib/gcc/arm-none-eabi/10.3.1/thumb/v7-m/nofp/crti.o
 .ARM.attributes
                0x000000000000001d       0x2d c:/st/stm32cubeide_1.10.1/stm32cubeide/plugins/com.st.stm32cube.ide.mcu.externaltools.gnu-tools-for-stm32.10.3-2021.10.win32_1.0.0.202111181127/tools/bin/../lib/gcc/arm-none-eabi/10.3.1/thumb/v7-m/nofp/crtbegin.o
 .ARM.attributes
                0x000000000000004a       0x2d ./Core/Src/OneWire.o
 .ARM.attributes
                0x0000000000000077       0x2d ./Core/Src/liquidcrystal_i2c.o
 .ARM.attributes
                0x00000000000000a4       0x2d ./Core/Src/main.o
 .ARM.attributes
                0x00000000000000d1       0x2d ./Core/Src/stm32f1xx_hal_msp.o
 .ARM.attributes
                0x00000000000000fe       0x2d ./Core/Src/stm32f1xx_hal_timebase_tim.o
 .ARM.attributes
                0x000000000000012b       0x2d ./Core/Src/stm32f1xx_it.o
 .ARM.attributes
                0x0000000000000158       0x2d ./Core/Src/sysmem.o
 .ARM.attributes
                0x0000000000000185       0x2d ./Core/Src/system_stm32f1xx.o
 .ARM.attributes
                0x00000000000001b2       0x2d ./Core/Src/proyecto/MdE.o
 .ARM.attributes
                0x00000000000001df       0x2d ./Core/Src/proyecto/funciones.o
 .ARM.attributes
                0x000000000000020c       0x21 ./Core/Startup/startup_stm32f103c8tx.o
 .ARM.attributes
                0x000000000000022d       0x2d ./Drivers/STM32F1xx_HAL_Driver/Src/stm32f1xx_hal.o
 .ARM.attributes
                0x000000000000025a       0x2d ./Drivers/STM32F1xx_HAL_Driver/Src/stm32f1xx_hal_cortex.o
 .ARM.attributes
                0x0000000000000287       0x2d ./Drivers/STM32F1xx_HAL_Driver/Src/stm32f1xx_hal_dma.o
 .ARM.attributes
                0x00000000000002b4       0x2d ./Drivers/STM32F1xx_HAL_Driver/Src/stm32f1xx_hal_gpio.o
 .ARM.attributes
                0x00000000000002e1       0x2d ./Drivers/STM32F1xx_HAL_Driver/Src/stm32f1xx_hal_i2c.o
 .ARM.attributes
                0x000000000000030e       0x2d ./Drivers/STM32F1xx_HAL_Driver/Src/stm32f1xx_hal_pwr.o
 .ARM.attributes
                0x000000000000033b       0x2d ./Drivers/STM32F1xx_HAL_Driver/Src/stm32f1xx_hal_rcc.o
 .ARM.attributes
                0x0000000000000368       0x2d ./Drivers/STM32F1xx_HAL_Driver/Src/stm32f1xx_hal_rcc_ex.o
 .ARM.attributes
                0x0000000000000395       0x2d ./Drivers/STM32F1xx_HAL_Driver/Src/stm32f1xx_hal_rtc.o
 .ARM.attributes
                0x00000000000003c2       0x2d ./Drivers/STM32F1xx_HAL_Driver/Src/stm32f1xx_hal_tim.o
 .ARM.attributes
                0x00000000000003ef       0x2d ./Drivers/STM32F1xx_HAL_Driver/Src/stm32f1xx_hal_tim_ex.o
 .ARM.attributes
                0x000000000000041c       0x2d ./Drivers/STM32F1xx_HAL_Driver/Src/stm32f1xx_hal_uart.o
 .ARM.attributes
                0x0000000000000449       0x2d ./Middlewares/Third_Party/FreeRTOS/Source/CMSIS_RTOS_V2/cmsis_os2.o
 .ARM.attributes
                0x0000000000000476       0x2d ./Middlewares/Third_Party/FreeRTOS/Source/list.o
 .ARM.attributes
                0x00000000000004a3       0x2d ./Middlewares/Third_Party/FreeRTOS/Source/queue.o
 .ARM.attributes
                0x00000000000004d0       0x2d ./Middlewares/Third_Party/FreeRTOS/Source/tasks.o
 .ARM.attributes
                0x00000000000004fd       0x2d ./Middlewares/Third_Party/FreeRTOS/Source/timers.o
 .ARM.attributes
                0x000000000000052a       0x2d ./Middlewares/Third_Party/FreeRTOS/Source/portable/GCC/ARM_CM3/port.o
 .ARM.attributes
                0x0000000000000557       0x2d ./Middlewares/Third_Party/FreeRTOS/Source/portable/MemMang/heap_4.o
 .ARM.attributes
                0x0000000000000584       0x2d c:/st/stm32cubeide_1.10.1/stm32cubeide/plugins/com.st.stm32cube.ide.mcu.externaltools.gnu-tools-for-stm32.10.3-2021.10.win32_1.0.0.202111181127/tools/bin/../lib/gcc/arm-none-eabi/10.3.1/../../../../arm-none-eabi/lib/thumb/v7-m/nofp\libc_nano.a(lib_a-errno.o)
 .ARM.attributes
                0x00000000000005b1       0x2d c:/st/stm32cubeide_1.10.1/stm32cubeide/plugins/com.st.stm32cube.ide.mcu.externaltools.gnu-tools-for-stm32.10.3-2021.10.win32_1.0.0.202111181127/tools/bin/../lib/gcc/arm-none-eabi/10.3.1/../../../../arm-none-eabi/lib/thumb/v7-m/nofp\libc_nano.a(lib_a-findfp.o)
 .ARM.attributes
                0x00000000000005de       0x2d c:/st/stm32cubeide_1.10.1/stm32cubeide/plugins/com.st.stm32cube.ide.mcu.externaltools.gnu-tools-for-stm32.10.3-2021.10.win32_1.0.0.202111181127/tools/bin/../lib/gcc/arm-none-eabi/10.3.1/../../../../arm-none-eabi/lib/thumb/v7-m/nofp\libc_nano.a(lib_a-impure.o)
 .ARM.attributes
                0x000000000000060b       0x2d c:/st/stm32cubeide_1.10.1/stm32cubeide/plugins/com.st.stm32cube.ide.mcu.externaltools.gnu-tools-for-stm32.10.3-2021.10.win32_1.0.0.202111181127/tools/bin/../lib/gcc/arm-none-eabi/10.3.1/../../../../arm-none-eabi/lib/thumb/v7-m/nofp\libc_nano.a(lib_a-init.o)
 .ARM.attributes
                0x0000000000000638       0x2d c:/st/stm32cubeide_1.10.1/stm32cubeide/plugins/com.st.stm32cube.ide.mcu.externaltools.gnu-tools-for-stm32.10.3-2021.10.win32_1.0.0.202111181127/tools/bin/../lib/gcc/arm-none-eabi/10.3.1/../../../../arm-none-eabi/lib/thumb/v7-m/nofp\libc_nano.a(lib_a-lock.o)
 .ARM.attributes
                0x0000000000000665       0x2d c:/st/stm32cubeide_1.10.1/stm32cubeide/plugins/com.st.stm32cube.ide.mcu.externaltools.gnu-tools-for-stm32.10.3-2021.10.win32_1.0.0.202111181127/tools/bin/../lib/gcc/arm-none-eabi/10.3.1/../../../../arm-none-eabi/lib/thumb/v7-m/nofp\libc_nano.a(lib_a-memcpy-stub.o)
 .ARM.attributes
                0x0000000000000692       0x2d c:/st/stm32cubeide_1.10.1/stm32cubeide/plugins/com.st.stm32cube.ide.mcu.externaltools.gnu-tools-for-stm32.10.3-2021.10.win32_1.0.0.202111181127/tools/bin/../lib/gcc/arm-none-eabi/10.3.1/../../../../arm-none-eabi/lib/thumb/v7-m/nofp\libc_nano.a(lib_a-memset.o)
 .ARM.attributes
                0x00000000000006bf       0x2d c:/st/stm32cubeide_1.10.1/stm32cubeide/plugins/com.st.stm32cube.ide.mcu.externaltools.gnu-tools-for-stm32.10.3-2021.10.win32_1.0.0.202111181127/tools/bin/../lib/gcc/arm-none-eabi/10.3.1/../../../../arm-none-eabi/lib/thumb/v7-m/nofp\libc_nano.a(lib_a-nano-mallocr.o)
 .ARM.attributes
                0x00000000000006ec       0x2d c:/st/stm32cubeide_1.10.1/stm32cubeide/plugins/com.st.stm32cube.ide.mcu.externaltools.gnu-tools-for-stm32.10.3-2021.10.win32_1.0.0.202111181127/tools/bin/../lib/gcc/arm-none-eabi/10.3.1/../../../../arm-none-eabi/lib/thumb/v7-m/nofp\libc_nano.a(lib_a-reent.o)
 .ARM.attributes
                0x0000000000000719       0x2d c:/st/stm32cubeide_1.10.1/stm32cubeide/plugins/com.st.stm32cube.ide.mcu.externaltools.gnu-tools-for-stm32.10.3-2021.10.win32_1.0.0.202111181127/tools/bin/../lib/gcc/arm-none-eabi/10.3.1/../../../../arm-none-eabi/lib/thumb/v7-m/nofp\libc_nano.a(lib_a-sbrkr.o)
 .ARM.attributes
                0x0000000000000746       0x2d c:/st/stm32cubeide_1.10.1/stm32cubeide/plugins/com.st.stm32cube.ide.mcu.externaltools.gnu-tools-for-stm32.10.3-2021.10.win32_1.0.0.202111181127/tools/bin/../lib/gcc/arm-none-eabi/10.3.1/../../../../arm-none-eabi/lib/thumb/v7-m/nofp\libc_nano.a(lib_a-sprintf.o)
 .ARM.attributes
                0x0000000000000773       0x1b c:/st/stm32cubeide_1.10.1/stm32cubeide/plugins/com.st.stm32cube.ide.mcu.externaltools.gnu-tools-for-stm32.10.3-2021.10.win32_1.0.0.202111181127/tools/bin/../lib/gcc/arm-none-eabi/10.3.1/../../../../arm-none-eabi/lib/thumb/v7-m/nofp\libc_nano.a(lib_a-strcmp.o)
 .ARM.attributes
                0x000000000000078e       0x2d c:/st/stm32cubeide_1.10.1/stm32cubeide/plugins/com.st.stm32cube.ide.mcu.externaltools.gnu-tools-for-stm32.10.3-2021.10.win32_1.0.0.202111181127/tools/bin/../lib/gcc/arm-none-eabi/10.3.1/../../../../arm-none-eabi/lib/thumb/v7-m/nofp\libc_nano.a(lib_a-mlock.o)
 .ARM.attributes