../Core/Src/proyecto/funciones.c:36:6:InitAll	8	static
../Core/Src/proyecto/funciones.c:53:6:InitLCD	8	static
../Core/Src/proyecto/funciones.c:69:6:LecturaSD	32	static
../Core/Src/proyecto/funciones.c:168:6:escribir_SD	8	static
../Core/Src/proyecto/funciones.c:183:6:hora_SD	16	static
../Core/Src/proyecto/funciones.c:202:6:registro_SD	56	static
../Core/Src/proyecto/funciones.c:243:6:getKey	16	static
../Core/Src/proyecto/funciones.c:255:6:BarridoTeclado	8	static
../Core/Src/proyecto/funciones.c:264:6:DriverTeclado	16	static
../Core/Src/proyecto/funciones.c:317:6:SetRelay	16	static
../Core/Src/proyecto/funciones.c:325:6:SetBuzzer	16	static
../Core/Src/proyecto/funciones.c:333:6:SetLED	24	static
../Core/Src/proyecto/funciones.c:347:6:IniciarPreparacion	8	static
../Core/Src/proyecto/funciones.c:374:6:FinalizarPreparacion	8	static
