Archive member included to satisfy reference by file (symbol)

c:/st/stm32cubeide_1.9.0/stm32cubeide/plugins/com.st.stm32cube.ide.mcu.externaltools.gnu-tools-for-stm32.10.3-2021.10.win32_1.0.0.202111181127/tools/bin/../lib/gcc/arm-none-eabi/10.3.1/../../../../arm-none-eabi/lib/thumb/v7-m/nofp\libc_nano.a(lib_a-atoi.o)
                              ./Core/Src/proyecto/funciones.o (atoi)
c:/st/stm32cubeide_1.9.0/stm32cubeide/plugins/com.st.stm32cube.ide.mcu.externaltools.gnu-tools-for-stm32.10.3-2021.10.win32_1.0.0.202111181127/tools/bin/../lib/gcc/arm-none-eabi/10.3.1/../../../../arm-none-eabi/lib/thumb/v7-m/nofp\libc_nano.a(lib_a-errno.o)
                              ./Core/Src/syscalls.o (__errno)
c:/st/stm32cubeide_1.9.0/stm32cubeide/plugins/com.st.stm32cube.ide.mcu.externaltools.gnu-tools-for-stm32.10.3-2021.10.win32_1.0.0.202111181127/tools/bin/../lib/gcc/arm-none-eabi/10.3.1/../../../../arm-none-eabi/lib/thumb/v7-m/nofp\libc_nano.a(lib_a-exit.o)
                              c:/st/stm32cubeide_1.9.0/stm32cubeide/plugins/com.st.stm32cube.ide.mcu.externaltools.gnu-tools-for-stm32.10.3-2021.10.win32_1.0.0.202111181127/tools/bin/../lib/gcc/arm-none-eabi/10.3.1/../../../../arm-none-eabi/lib/thumb/v7-m/nofp/crt0.o (exit)
c:/st/stm32cubeide_1.9.0/stm32cubeide/plugins/com.st.stm32cube.ide.mcu.externaltools.gnu-tools-for-stm32.10.3-2021.10.win32_1.0.0.202111181127/tools/bin/../lib/gcc/arm-none-eabi/10.3.1/../../../../arm-none-eabi/lib/thumb/v7-m/nofp\libc_nano.a(lib_a-findfp.o)
                              ./Middlewares/Third_Party/FreeRTOS/Source/tasks.o (__sf_fake_stderr)
c:/st/stm32cubeide_1.9.0/stm32cubeide/plugins/com.st.stm32cube.ide.mcu.externaltools.gnu-tools-for-stm32.10.3-2021.10.win32_1.0.0.202111181127/tools/bin/../lib/gcc/arm-none-eabi/10.3.1/../../../../arm-none-eabi/lib/thumb/v7-m/nofp\libc_nano.a(lib_a-fwalk.o)
                              c:/st/stm32cubeide_1.9.0/stm32cubeide/plugins/com.st.stm32cube.ide.mcu.externaltools.gnu-tools-for-stm32.10.3-2021.10.win32_1.0.0.202111181127/tools/bin/../lib/gcc/arm-none-eabi/10.3.1/../../../../arm-none-eabi/lib/thumb/v7-m/nofp\libc_nano.a(lib_a-findfp.o) (_fwalk)
c:/st/stm32cubeide_1.9.0/stm32cubeide/plugins/com.st.stm32cube.ide.mcu.externaltools.gnu-tools-for-stm32.10.3-2021.10.win32_1.0.0.202111181127/tools/bin/../lib/gcc/arm-none-eabi/10.3.1/../../../../arm-none-eabi/lib/thumb/v7-m/nofp\libc_nano.a(lib_a-impure.o)
                              c:/st/stm32cubeide_1.9.0/stm32cubeide/plugins/com.st.stm32cube.ide.mcu.externaltools.gnu-tools-for-stm32.10.3-2021.10.win32_1.0.0.202111181127/tools/bin/../lib/gcc/arm-none-eabi/10.3.1/../../../../arm-none-eabi/lib/thumb/v7-m/nofp\libc_nano.a(lib_a-exit.o) (_global_impure_ptr)
c:/st/stm32cubeide_1.9.0/stm32cubeide/plugins/com.st.stm32cube.ide.mcu.externaltools.gnu-tools-for-stm32.10.3-2021.10.win32_1.0.0.202111181127/tools/bin/../lib/gcc/arm-none-eabi/10.3.1/../../../../arm-none-eabi/lib/thumb/v7-m/nofp\libc_nano.a(lib_a-init.o)
                              c:/st/stm32cubeide_1.9.0/stm32cubeide/plugins/com.st.stm32cube.ide.mcu.externaltools.gnu-tools-for-stm32.10.3-2021.10.win32_1.0.0.202111181127/tools/bin/../lib/gcc/arm-none-eabi/10.3.1/../../../../arm-none-eabi/lib/thumb/v7-m/nofp/crt0.o (__libc_init_array)
c:/st/stm32cubeide_1.9.0/stm32cubeide/plugins/com.st.stm32cube.ide.mcu.externaltools.gnu-tools-for-stm32.10.3-2021.10.win32_1.0.0.202111181127/tools/bin/../lib/gcc/arm-none-eabi/10.3.1/../../../../arm-none-eabi/lib/thumb/v7-m/nofp\libc_nano.a(lib_a-lock.o)
                              c:/st/stm32cubeide_1.9.0/stm32cubeide/plugins/com.st.stm32cube.ide.mcu.externaltools.gnu-tools-for-stm32.10.3-2021.10.win32_1.0.0.202111181127/tools/bin/../lib/gcc/arm-none-eabi/10.3.1/../../../../arm-none-eabi/lib/thumb/v7-m/nofp\libc_nano.a(lib_a-findfp.o) (__retarget_lock_init_recursive)
c:/st/stm32cubeide_1.9.0/stm32cubeide/plugins/com.st.stm32cube.ide.mcu.externaltools.gnu-tools-for-stm32.10.3-2021.10.win32_1.0.0.202111181127/tools/bin/../lib/gcc/arm-none-eabi/10.3.1/../../../../arm-none-eabi/lib/thumb/v7-m/nofp\libc_nano.a(lib_a-memcpy-stub.o)
                              ./Middlewares/Third_Party/FreeRTOS/Source/queue.o (memcpy)
c:/st/stm32cubeide_1.9.0/stm32cubeide/plugins/com.st.stm32cube.ide.mcu.externaltools.gnu-tools-for-stm32.10.3-2021.10.win32_1.0.0.202111181127/tools/bin/../lib/gcc/arm-none-eabi/10.3.1/../../../../arm-none-eabi/lib/thumb/v7-m/nofp\libc_nano.a(lib_a-memset.o)
                              c:/st/stm32cubeide_1.9.0/stm32cubeide/plugins/com.st.stm32cube.ide.mcu.externaltools.gnu-tools-for-stm32.10.3-2021.10.win32_1.0.0.202111181127/tools/bin/../lib/gcc/arm-none-eabi/10.3.1/../../../../arm-none-eabi/lib/thumb/v7-m/nofp/crt0.o (memset)
c:/st/stm32cubeide_1.9.0/stm32cubeide/plugins/com.st.stm32cube.ide.mcu.externaltools.gnu-tools-for-stm32.10.3-2021.10.win32_1.0.0.202111181127/tools/bin/../lib/gcc/arm-none-eabi/10.3.1/../../../../arm-none-eabi/lib/thumb/v7-m/nofp\libc_nano.a(lib_a-nano-mallocr.o)
[...]
Memory Configuration

Name             Origin             Length             Attributes
RAM              0x0000000020000000 0x0000000000005000 xrw
FLASH            0x0000000008000000 0x0000000000010000 xr
*default*        0x0000000000000000 0xffffffffffffffff

Linker script and memory map

LOAD c:/st/stm32cubeide_1.9.0/stm32cubeide/plugins/com.st.stm32cube.ide.mcu.externaltools.gnu-tools-for-stm32.10.3-2021.10.win32_1.0.0.202111181127/tools/bin/../lib/gcc/arm-none-eabi/10.3.1/thumb/v7-m/nofp/crti.o
LOAD c:/st/stm32cubeide_1.9.0/stm32cubeide/plugins/com.st.stm32cube.ide.mcu.externaltools.gnu-tools-for-stm32.10.3-2021.10.win32_1.0.0.202111181127/tools/bin/../lib/gcc/arm-none-eabi/10.3.1/thumb/v7-m/nofp/crtbegin.o
LOAD c:/st/stm32cubeide_1.9.0/stm32cubeide/plugins/com.st.stm32cube.ide.mcu.externaltools.gnu-tools-for-stm32.10.3-2021.10.win32_1.0.0.202111181127/tools/bin/../lib/gcc/arm-none-eabi/10.3.1/../../../../arm-none-eabi/lib/thumb/v7-m/nofp/crt0.o
LOAD ./Core/Src/File_Handling_RTOS.o
LOAD ./Core/Src/OneWire.o
LOAD ./Core/Src/fatfs_sd.o
LOAD ./Core/Src/freertos.o
LOAD ./Core/Src/liquidcrystal_i2c.o
LOAD ./Core/Src/main.o
LOAD ./Core/Src/my_ftoa.o
LOAD ./Core/Src/stm32f1xx_hal_msp.o
LOAD ./Core/Src/stm32f1xx_hal_timebase_tim.o
LOAD ./Core/Src/stm32f1xx_it.o
LOAD ./Core/Src/syscalls.o
LOAD ./Core/Src/sysmem.o
LOAD ./Core/Src/system_stm32f1xx.o
LOAD ./Core/Src/proyecto/MdE.o
LOAD ./Core/Src/proyecto/funciones.o
LOAD ./Core/Startup/startup_stm32f103c8tx.o
LOAD ./Drivers/STM32F1xx_HAL_Driver/Src/stm32f1xx_hal.o
LOAD ./Drivers/STM32F1xx_HAL_Driver/Src/stm32f1xx_hal_cortex.o
LOAD ./Drivers/STM32F1xx_HAL_Driver/Src/stm32f1xx_hal_dma.o
LOAD ./Drivers/STM32F1xx_HAL_Driver/Src/stm32f1xx_hal_exti.o
LOAD ./Drivers/STM32F1xx_HAL_Driver/Src/stm32f1xx_hal_flash.o
LOAD ./Drivers/STM32F1xx_HAL_Driver/Src/stm32f1xx_hal_flash_ex.o
LOAD ./Drivers/STM32F1xx_HAL_Driver/Src/stm32f1xx_hal_gpio.o
LOAD ./Drivers/STM32F1xx_HAL_Driver/Src/stm32f1xx_hal_gpio_ex.o
LOAD ./Drivers/STM32F1xx_HAL_Driver/Src/stm32f1xx_hal_i2c.o
LOAD ./Drivers/STM32F1xx_HAL_Driver/Src/stm32f1xx_hal_pwr.o
LOAD ./Drivers/STM32F1xx_HAL_Driver/Src/stm32f1xx_hal_rcc.o
LOAD ./Drivers/STM32F1xx_HAL_Driver/Src/stm32f1xx_hal_rcc_ex.o
LOAD ./Drivers/STM32F1xx_HAL_Driver/Src/stm32f1xx_hal_rtc.o
LOAD ./Drivers/STM32F1xx_HAL_Driver/Src/stm32f1xx_hal_rtc_ex.o
LOAD ./Drivers/STM32F1xx_HAL_Driver/Src/stm32f1xx_hal_spi.o
LOAD ./Drivers/STM32F1xx_HAL_Driver/Src/stm32f1xx_hal_tim.o
LOAD ./Drivers/STM32F1xx_HAL_Driver/Src/stm32f1xx_hal_tim_ex.o
LOAD ./Drivers/STM32F1xx_HAL_Driver/Src/stm32f1xx_hal_uart.o
LOAD ./FATFS/App/fatfs.o
LOAD ./FATFS/Target/user_diskio.o
LOAD ./Middlewares/Third_Party/FatFs/src/diskio.o
LOAD ./Middlewares/Third_Party/FatFs/src/ff.o
LOAD ./Middlewares/Third_Party/FatFs/src/ff_gen_drv.o
LOAD ./Middlewares/Third_Party/FatFs/src/option/syscall.o
LOAD ./Middlewares/Third_Party/FreeRTOS/Source/CMSIS_RTOS/cmsis_os.o
LOAD ./Middlewares/Third_Party/FreeRTOS/Source/croutine.o
LOAD ./Middlewares/Third_Party/FreeRTOS/Source/event_groups.o
LOAD ./Middlewares/Third_Party/FreeRTOS/Source/list.o
LOAD ./Middlewares/Third_Party/FreeRTOS/Source/queue.o
LOAD ./Middlewares/Third_Party/FreeRTOS/Source/stream_buffer.o
LOAD ./Middlewares/Third_Party/FreeRTOS/Source/tasks.o
LOAD ./Middlewares/Third_Party/FreeRTOS/Source/timers.o
LOAD ./Middlewares/Third_Party/FreeRTOS/Source/portable/GCC/ARM_CM3/port.o
LOAD ./Middlewares/Third_Party/FreeRTOS/Source/portable/MemMang/heap_4.o
START GROUP
LOAD c:/st/stm32cubeide_1.9.0/stm32cubeide/plugins/com.st.stm32cube.ide.mcu.externaltools.gnu-tools-for-stm32.10.3-2021.10.win32_1.0.0.202111181127/tools/bin/../lib/gcc/arm-none-eabi/10.3.1/../../../../arm-none-eabi/lib/thumb/v7-m/nofp\libc_nano.a
LOAD c:/st/stm32cubeide_1.9.0/stm32cubeide/plugins/com.st.stm32cube.ide.mcu.externaltools.gnu-tools-for-stm32.10.3-2021.10.win32_1.0.0.202111181127/tools/bin/../lib/gcc/arm-none-eabi/10.3.1/../../../../arm-none-eabi/lib/thumb/v7-m/nofp\libm.a
END GROUP
START GROUP
LOAD c:/st/stm32cubeide_1.9.0/stm32cubeide/plugins/com.st.stm32cube.ide.mcu.externaltools.gnu-tools-for-stm32.10.3-2021.10.win32_1.0.0.202111181127/tools/bin/../lib/gcc/arm-none-eabi/10.3.1/thumb/v7-m/nofp\libgcc.a
LOAD c:/st/stm32cubeide_1.9.0/stm32cubeide/plugins/com.st.stm32cube.ide.mcu.externaltools.gnu-tools-for-stm32.10.3-2021.10.win32_1.0.0.202111181127/tools/bin/../lib/gcc/arm-none-eabi/10.3.1/../../../../arm-none-eabi/lib/thumb/v7-m/nofp\libc_nano.a
END GROUP
START GROUP
LOAD c:/st/stm32cubeide_1.9.0/stm32cubeide/plugins/com.st.stm32cube.ide.mcu.externaltools.gnu-tools-for-stm32.10.3-2021.10.win32_1.0.0.202111181127/tools/bin/../lib/gcc/arm-none-eabi/10.3.1/thumb/v7-m/nofp\libgcc.a
LOAD c:/st/stm32cubeide_1.9.0/stm32cubeide/plugins/com.st.stm32cube.ide.mcu.externaltools.gnu-tools-for-stm32.10.3-2021.10.win32_1.0.0.202111181127/tools/bin/../lib/gcc/arm-none-eabi/10.3.1/../../../../arm-none-eabi/lib/thumb/v7-m/nofp\libc_nano.a
LOAD c:/st/stm32cubeide_1.9.0/stm32cubeide/plugins/com.st.stm32cube.ide.mcu.externaltools.gnu-tools-for-stm32.10.3-2021.10.win32_1.0.0.202111181127/tools/bin/../lib/gcc/arm-none-eabi/10.3.1/../../../../arm-none-eabi/lib/thumb/v7-m/nofp\libnosys.a
END GROUP
START GROUP
LOAD c:/st/stm32cubeide_1.9.0/stm32cubeide/plugins/com.st.stm32cube.ide.mcu.externaltools.gnu-tools-for-stm32.10.3-2021.10.win32_1.0.0.202111181127/tools/bin/../lib/gcc/arm-none-eabi/10.3.1/thumb/v7-m/nofp\libgcc.a
LOAD c:/st/stm32cubeide_1.9.0/stm32cubeide/plugins/com.st.stm32cube.ide.mcu.externaltools.gnu-tools-for-stm32.10.3-2021.10.win32_1.0.0.202111181127/tools/bin/../lib/gcc/arm-none-eabi/10.3.1/../../../../arm-none-eabi/lib/thumb/v7-m/nofp\libc_nano.a
LOAD c:/st/stm32cubeide_1.9.0/stm32cubeide/plugins/com.st.stm32cube.ide.mcu.externaltools.gnu-tools-for-stm32.10.3-2021.10.win32_1.0.0.202111181127/tools/bin/../lib/gcc/arm-none-eabi/10.3.1/../../../../arm-none-eabi/lib/thumb/v7-m/nofp\libnosys.a
END GROUP
LOAD c:/st/stm32cubeide_1.9.0/stm32cubeide/plugins/com.st.stm32cube.ide.mcu.externaltools.gnu-tools-for-stm32.10.3-2021.10.win32_1.0.0.202111181127/tools/bin/../lib/gcc/arm-none-eabi/10.3.1/thumb/v7-m/nofp/crtend.o
LOAD c:/st/stm32cubeide_1.9.0/stm32cubeide/plugins/com.st.stm32cube.ide.mcu.externaltools.gnu-tools-for-stm32.10.3-2021.10.win32_1.0.0.202111181127/tools/bin/../lib/gcc/arm-none-eabi/10.3.1/thumb/v7-m/nofp/crtn.o
                0x0000000020005000                _estack = (ORIGIN (RAM) + LENGTH (RAM))
                0x0000000000000200                _Min_Heap_Size = 0x200
                0x0000000000000400                _Min_Stack_Size = 0x400

.isr_vector     0x0000000008000000      0x10c
                0x0000000008000000                . = ALIGN (0x4)
 *(.isr_vector)
 .isr_vector    0x0000000008000000      0x10c ./Core/Startup/startup_stm32f103c8tx.o
                0x0000000008000000                g_pfnVectors
                0x000000000800010c                . = ALIGN (0x4)

.text           0x0000000008000110     0xe174
                0x0000000008000110                . = ALIGN (0x4)
 *(.text)
 .text          0x0000000008000110       0x40 c:/st/stm32cubeide_1.9.0/stm32cubeide/plugins/com.st.stm32cube.ide.mcu.externaltools.gnu-tools-for-stm32.10.3-2021.10.win32_1.0.0.202111181127/tools/bin/../lib/gcc/arm-none-eabi/10.3.1/thumb/v7-m/nofp/crtbegin.o
 .text          0x0000000008000150       0x14 c:/st/stm32cubeide_1.9.0/stm32cubeide/plugins/com.st.stm32cube.ide.mcu.externaltools.gnu-tools-for-stm32.10.3-2021.10.win32_1.0.0.202111181127/tools/bin/../lib/gcc/arm-none-eabi/10.3.1/../../../../arm-none-eabi/lib/thumb/v7-m/nofp\libc_nano.a(lib_a-strcmp.o)
                0x0000000008000150                strcmp
 .text          0x0000000008000164       0x10 c:/st/stm32cubeide_1.9.0/stm32cubeide/plugins/com.st.stm32cube.ide.mcu.externaltools.gnu-tools-for-stm32.10.3-2021.10.win32_1.0.0.202111181127/tools/bin/../lib/gcc/arm-none-eabi/10.3.1/../../../../arm-none-eabi/lib/thumb/v7-m/nofp\libc_nano.a(lib_a-strlen.o)
                0x0000000008000164                strlen
 .text          0x0000000008000174      0x21c c:/st/stm32cubeide_1.9.0/stm32cubeide/plugins/com.st.stm32cube.ide.mcu.externaltools.gnu-tools-for-stm32.10.3-2021.10.win32_1.0.0.202111181127/tools/bin/../lib/gcc/arm-none-eabi/10.3.1/thumb/v7-m/nofp\libgcc.a(_arm_addsubsf3.o)
                0x0000000008000174                __aeabi_frsub
                0x000000000800017c                __subsf3
                0x000000000800017c                __aeabi_fsub
                0x0000000008000180                __aeabi_fadd
                0x0000000008000180                __addsf3
                0x00000000080002e0                __aeabi_ui2f
                0x00000000080002e0                __floatunsisf
                0x00000000080002e8                __aeabi_i2f
                0x00000000080002e8                __floatsisf
                0x0000000008000304                __aeabi_ul2f
                0x0000000008000304                __floatundisf
                0x0000000008000314                __aeabi_l2f
                0x0000000008000314                __floatdisf
 .text          0x0000000008000390      0x2a0 c:/st/stm32cubeide_1.9.0/stm32cubeide/plugins/com.st.stm32cube.ide.mcu.externaltools.gnu-tools-for-stm32.10.3-2021.10.win32_1.0.0.202111181127/tools/bin/../lib/gcc/arm-none-eabi/10.3.1/thumb/v7-m/nofp\libgcc.a(_arm_muldivsf3.o)
                0x0000000008000390                __mulsf3
                0x0000000008000390                __aeabi_fmul
                0x00000000080004f8                __aeabi_fdiv
                0x00000000080004f8                __divsf3
 .text          0x0000000008000630       0xec c:/st/stm32cubeide_1.9.0/stm32cubeide/plugins/com.st.stm32cube.ide.mcu.externaltools.gnu-tools-for-stm32.10.3-2021.10.win32_1.0.0.202111181127/tools/bin/../lib/gcc/arm-none-eabi/10.3.1/thumb/v7-m/nofp\libgcc.a(_arm_cmpsf2.o)
                0x0000000008000630                __gesf2
                0x0000000008000630                __gtsf2
                0x0000000008000638                __lesf2
                0x0000000008000638                __ltsf2
                0x0000000008000640                __nesf2
                0x0000000008000640                __eqsf2
                0x0000000008000640                __cmpsf2
                0x00000000080006a0                __aeabi_cfrcmple
                0x00000000080006a8                __aeabi_cfcmpeq
                0x00000000080006a8                __aeabi_cfcmple
                0x00000000080006b8                __aeabi_fcmpeq
                0x00000000080006cc                __aeabi_fcmplt
                0x00000000080006e0                __aeabi_fcmple
                0x00000000080006f4                __aeabi_fcmpge
                0x0000000008000708                __aeabi_fcmpgt
 *(.text*)
 .text.Mount_SD
                0x000000000800071c       0x20 ./Core/Src/File_Handling_RTOS.o
                0x000000000800071c                Mount_SD
 .text.Unmount_SD
                0x000000000800073c       0x28 ./Core/Src/File_Handling_RTOS.o
                0x000000000800073c                Unmount_SD
 .text.Write_File
                0x0000000008000764       0x88 ./Core/Src/File_Handling_RTOS.o
                0x0000000008000764                Write_File
 .text.Read_File
                0x00000000080007ec      0x118 ./Core/Src/File_Handling_RTOS.o
                0x00000000080007ec                Read_File
 .text.USART_ReceiveData
                0x0000000008000904       0x1e ./Core/Src/OneWire.o
                0x0000000008000904                USART_ReceiveData
 .text.USART_SendData
                0x0000000008000922       0x20 ./Core/Src/OneWire.o
                0x0000000008000922                USART_SendData
 *fill*         0x0000000008000942        0x2 
 .text.usart_setup
                0x0000000008000944       0x68 ./Core/Src/OneWire.o
                0x0000000008000944                usart_setup
 .text.owInit   0x00000000080009ac       0x72 ./Core/Src/OneWire.o
                0x00000000080009ac                owInit
 *fill*         0x0000000008000a1e        0x2 
 .text.owReadHandler
                0x0000000008000a20       0x7c ./Core/Src/OneWire.o
                0x0000000008000a20                owReadHandler
 .text.owResetCmd
                0x0000000008000a9c       0x2e ./Core/Src/OneWire.o
                0x0000000008000a9c                owResetCmd
 .text.getUsartIndex
                0x0000000008000aca        0xe ./Core/Src/OneWire.o
                0x0000000008000aca                getUsartIndex
 .text.owSend   0x0000000008000ad8       0x5c ./Core/Src/OneWire.o
                0x0000000008000ad8                owSend
 .text.owReadSlot
                0x0000000008000b34       0x20 ./Core/Src/OneWire.o
                0x0000000008000b34                owReadSlot
 .text.owEchoRead
                0x0000000008000b54       0x50 ./Core/Src/OneWire.o
                0x0000000008000b54                owEchoRead
 .text.byteToBits
                0x0000000008000ba4       0x4e ./Core/Src/OneWire.o
                0x0000000008000ba4                byteToBits
 .text.owSendByte
                0x0000000008000bf2       0x46 ./Core/Src/OneWire.o
                0x0000000008000bf2                owSendByte
 .text.owCRC    0x0000000008000c38       0x76 ./Core/Src/OneWire.o
                0x0000000008000c38                owCRC
 .text.owCRC8   0x0000000008000cae       0x1a ./Core/Src/OneWire.o
                0x0000000008000cae                owCRC8
 .text.hasNextRom
                0x0000000008000cc8      0x15e ./Core/Src/OneWire.o
                0x0000000008000cc8                hasNextRom
 .text.owSearchCmd
                0x0000000008000e26       0x4c ./Core/Src/OneWire.o
                0x0000000008000e26                owSearchCmd
 .text.owMatchRomCmd
                0x0000000008000e72       0x3c ./Core/Src/OneWire.o
                0x0000000008000e72                owMatchRomCmd
 .text.owConvertTemperatureCmd
                0x0000000008000eae       0x1e ./Core/Src/OneWire.o
                0x0000000008000eae                owConvertTemperatureCmd
 .text.owReadScratchpadCmd
                0x0000000008000ecc       0xd4 ./Core/Src/OneWire.o
                0x0000000008000ecc                owReadScratchpadCmd
 .text.readTemperature
                0x0000000008000fa0       0xda ./Core/Src/OneWire.o
                0x0000000008000fa0                readTemperature
 *fill*         0x000000000800107a        0x2 
 .text.get_ROMid
                0x000000000800107c      0x17c ./Core/Src/OneWire.o
                0x000000000800107c                get_ROMid
 .text.get_Temperature
                0x00000000080011f8      0x108 ./Core/Src/OneWire.o
                0x00000000080011f8                get_Temperature
 .text.SELECT   0x0000000008001300       0x18 ./Core/Src/fatfs_sd.o
 .text.DESELECT
                0x0000000008001318       0x18 ./Core/Src/fatfs_sd.o
 .text.SPI_TxByte
                0x0000000008001330       0x34 ./Core/Src/fatfs_sd.o
 .text.SPI_RxByte
                0x0000000008001364       0x3c ./Core/Src/fatfs_sd.o
 .text.SPI_RxBytePtr
                0x00000000080013a0       0x1c ./Core/Src/fatfs_sd.o
 .text.SD_ReadyWait
                0x00000000080013bc       0x38 ./Core/Src/fatfs_sd.o
 .text.SD_PowerOn
                0x00000000080013f4       0x98 ./Core/Src/fatfs_sd.o
 .text.SD_PowerOff
                0x000000000800148c       0x18 ./Core/Src/fatfs_sd.o
 .text.SD_CheckPower
                0x00000000080014a4       0x14 ./Core/Src/fatfs_sd.o
 .text.SD_RxDataBlock
                0x00000000080014b8       0x6c ./Core/Src/fatfs_sd.o
 .text.SD_TxDataBlock
                0x0000000008001524       0xa8 ./Core/Src/fatfs_sd.o
 .text.SD_SendCmd
                0x00000000080015cc       0xa4 ./Core/Src/fatfs_sd.o
 .text.SD_disk_initialize
                0x0000000008001670      0x1d4 ./Core/Src/fatfs_sd.o
                0x0000000008001670                SD_disk_initialize
 .text.SD_disk_status
                0x0000000008001844       0x28 ./Core/Src/fatfs_sd.o
                0x0000000008001844                SD_disk_status
 .text.SD_disk_read
                0x000000000800186c       0xd4 ./Core/Src/fatfs_sd.o
                0x000000000800186c                SD_disk_read
 .text.SD_disk_write
                0x0000000008001940      0x108 ./Core/Src/fatfs_sd.o
                0x0000000008001940                SD_disk_write
 .text.SD_disk_ioctl
                0x0000000008001a48      0x264 ./Core/Src/fatfs_sd.o
                0x0000000008001a48                SD_disk_ioctl
 .text.vApplicationGetIdleTaskMemory
                0x0000000008001cac       0x30 ./Core/Src/freertos.o
                0x0000000008001cac                vApplicationGetIdleTaskMemory
 .text.HD44780_Init
                0x0000000008001cdc      0x108 ./Core/Src/liquidcrystal_i2c.o
                0x0000000008001cdc                HD44780_Init
 .text.HD44780_Clear
                0x0000000008001de4       0x16 ./Core/Src/liquidcrystal_i2c.o
                0x0000000008001de4                HD44780_Clear
 .text.HD44780_Home
                0x0000000008001dfa       0x16 ./Core/Src/liquidcrystal_i2c.o
                0x0000000008001dfa                HD44780_Home
 .text.HD44780_SetCursor
                0x0000000008001e10       0x64 ./Core/Src/liquidcrystal_i2c.o
                0x0000000008001e10                HD44780_SetCursor
 .text.HD44780_Display
                0x0000000008001e74       0x2c ./Core/Src/liquidcrystal_i2c.o
                0x0000000008001e74                HD44780_Display
 .text.HD44780_NoCursor
                0x0000000008001ea0       0x2c ./Core/Src/liquidcrystal_i2c.o
                0x0000000008001ea0                HD44780_NoCursor
 .text.HD44780_Cursor
                0x0000000008001ecc       0x2c ./Core/Src/liquidcrystal_i2c.o
                0x0000000008001ecc                HD44780_Cursor
 .text.HD44780_NoBlink
                0x0000000008001ef8       0x2c ./Core/Src/liquidcrystal_i2c.o
                0x0000000008001ef8                HD44780_NoBlink
 .text.HD44780_Blink
                0x0000000008001f24       0x2c ./Core/Src/liquidcrystal_i2c.o
                0x0000000008001f24                HD44780_Blink
 .text.HD44780_CreateSpecialChar
                0x0000000008001f50       0x52 ./Core/Src/liquidcrystal_i2c.o
                0x0000000008001f50                HD44780_CreateSpecialChar
 .text.HD44780_PrintStr
                0x0000000008001fa2       0x2a ./Core/Src/liquidcrystal_i2c.o
                0x0000000008001fa2                HD44780_PrintStr
 .text.HD44780_SetBacklight
                0x0000000008001fcc       0x22 ./Core/Src/liquidcrystal_i2c.o
                0x0000000008001fcc                HD44780_SetBacklight
 *fill*         0x0000000008001fee        0x2 
 .text.HD44780_NoBacklight
                0x0000000008001ff0       0x18 ./Core/Src/liquidcrystal_i2c.o
                0x0000000008001ff0                HD44780_NoBacklight
 .text.HD44780_Backlight
                0x0000000008002008       0x18 ./Core/Src/liquidcrystal_i2c.o
                0x0000000008002008                HD44780_Backlight
 .text.SendCommand
                0x0000000008002020       0x1c ./Core/Src/liquidcrystal_i2c.o
 .text.SendChar
                0x000000000800203c       0x1c ./Core/Src/liquidcrystal_i2c.o
 .text.Send     0x0000000008002058       0x42 ./Core/Src/liquidcrystal_i2c.o
 .text.Write4Bits
                0x000000000800209a       0x22 ./Core/Src/liquidcrystal_i2c.o
 .text.ExpanderWrite
                0x00000000080020bc       0x38 ./Core/Src/liquidcrystal_i2c.o
 .text.PulseEnable
                0x00000000080020f4       0x3a ./Core/Src/liquidcrystal_i2c.o
 *fill*         0x000000000800212e        0x2 
 .text.DelayInit
                0x0000000008002130       0x50 ./Core/Src/liquidcrystal_i2c.o
 .text.DelayUS  0x0000000008002180       0x4c ./Core/Src/liquidcrystal_i2c.o
 .text.main     0x00000000080021cc      0x188 ./Core/Src/main.o
                0x00000000080021cc                main
 .text.SystemClock_Config
                0x0000000008002354       0xba ./Core/Src/main.o
                0x0000000008002354                SystemClock_Config
 *fill*         0x000000000800240e        0x2 
 .text.MX_I2C1_Init
                0x0000000008002410       0x5c ./Core/Src/main.o
 .text.MX_RTC_Init
                0x000000000800246c       0x94 ./Core/Src/main.o
 .text.MX_SPI1_Init
                0x0000000008002500       0x6c ./Core/Src/main.o
 .text.MX_TIM1_Init
                0x000000000800256c       0xa0 ./Core/Src/main.o
 .text.MX_TIM3_Init
                0x000000000800260c       0x9c ./Core/Src/main.o
 .text.MX_USART1_UART_Init
                0x00000000080026a8       0x54 ./Core/Src/main.o
 .text.MX_GPIO_Init
                0x00000000080026fc      0x10c ./Core/Src/main.o
 .text.StartDefaultTask
                0x0000000008002808       0x10 ./Core/Src/main.o
                0x0000000008002808                StartDefaultTask
 .text.HAL_TIM_PeriodElapsedCallback
                0x0000000008002818       0x24 ./Core/Src/main.o
                0x0000000008002818                HAL_TIM_PeriodElapsedCallback
 .text.Error_Handler
                0x000000000800283c        0xa ./Core/Src/main.o
                0x000000000800283c                Error_Handler
 *fill*         0x0000000008002846        0x2 
 .text.HAL_MspInit
                0x0000000008002848       0x70 ./Core/Src/stm32f1xx_hal_msp.o
                0x0000000008002848                HAL_MspInit
 .text.HAL_I2C_MspInit
                0x00000000080028b8       0x7c ./Core/Src/stm32f1xx_hal_msp.o
                0x00000000080028b8                HAL_I2C_MspInit
 .text.HAL_RTC_MspInit
                0x0000000008002934       0x48 ./Core/Src/stm32f1xx_hal_msp.o
                0x0000000008002934                HAL_RTC_MspInit
 .text.HAL_SPI_MspInit
                0x000000000800297c       0x94 ./Core/Src/stm32f1xx_hal_msp.o
                0x000000000800297c                HAL_SPI_MspInit
 .text.HAL_TIM_Base_MspInit
                0x0000000008002a10       0x64 ./Core/Src/stm32f1xx_hal_msp.o
                0x0000000008002a10                HAL_TIM_Base_MspInit
 .text.HAL_UART_MspInit
                0x0000000008002a74       0x90 ./Core/Src/stm32f1xx_hal_msp.o
                0x0000000008002a74                HAL_UART_MspInit
 .text.HAL_InitTick
                0x0000000008002b04       0xfc ./Core/Src/stm32f1xx_hal_timebase_tim.o
                0x0000000008002b04                HAL_InitTick
 .text.SDTimer_Handler
                0x0000000008002c00       0x44 ./Core/Src/stm32f1xx_it.o
                0x0000000008002c00                SDTimer_Handler
 .text.NMI_Handler
                0x0000000008002c44        0x6 ./Core/Src/stm32f1xx_it.o
                0x0000000008002c44                NMI_Handler
 .text.HardFault_Handler
                0x0000000008002c4a        0x6 ./Core/Src/stm32f1xx_it.o
                0x0000000008002c4a                HardFault_Handler
 .text.MemManage_Handler
                0x0000000008002c50        0x6 ./Core/Src/stm32f1xx_it.o
                0x0000000008002c50                MemManage_Handler
 .text.BusFault_Handler
                0x0000000008002c56        0x6 ./Core/Src/stm32f1xx_it.o
                0x0000000008002c56                BusFault_Handler
 .text.UsageFault_Handler
                0x0000000008002c5c        0x6 ./Core/Src/stm32f1xx_it.o
                0x0000000008002c5c                UsageFault_Handler
 .text.DebugMon_Handler
                0x0000000008002c62        0xc ./Core/Src/stm32f1xx_it.o
                0x0000000008002c62                DebugMon_Handler
 *fill*         0x0000000008002c6e        0x2 
 .text.TIM4_IRQHandler
                0x0000000008002c70       0x38 ./Core/Src/stm32f1xx_it.o
                0x0000000008002c70                TIM4_IRQHandler
 .text.USART1_IRQHandler
                0x0000000008002ca8       0x18 ./Core/Src/stm32f1xx_it.o
                0x0000000008002ca8                USART1_IRQHandler
 .text._sbrk    0x0000000008002cc0       0x6c ./Core/Src/sysmem.o
                0x0000000008002cc0                _sbrk
 .text.SystemInit
                0x0000000008002d2c        0xc ./Core/Src/system_stm32f1xx.o
                0x0000000008002d2c                SystemInit
 .text.Tarea_Lectura
                0x0000000008002d38       0x50 ./Core/Src/proyecto/MdE.o
                0x0000000008002d38                Tarea_Lectura
 .text.Error_Sensores
                0x0000000008002d88       0xac ./Core/Src/proyecto/MdE.o
                0x0000000008002d88                Error_Sensores
 .text.Error_Anafe
                0x0000000008002e34       0xc4 ./Core/Src/proyecto/MdE.o
                0x0000000008002e34                Error_Anafe
 .text.Tarea_Timer
                0x0000000008002ef8       0x74 ./Core/Src/proyecto/MdE.o
                0x0000000008002ef8                Tarea_Timer
 .text.Tarea_Timer2
                0x0000000008002f6c       0xb0 ./Core/Src/proyecto/MdE.o
                0x0000000008002f6c                Tarea_Timer2
 .text.Tarea_BOTON_ON
                0x000000000800301c       0x24 ./Core/Src/proyecto/MdE.o
                0x000000000800301c                Tarea_BOTON_ON
 .text.MdE_Principal
                0x0000000008003040      0x3d4 ./Core/Src/proyecto/MdE.o
                0x0000000008003040                MdE_Principal
 .text.print_Display
                0x0000000008003414      0x310 ./Core/Src/proyecto/MdE.o
                0x0000000008003414                print_Display
 .text.Tarea_SD
                0x0000000008003724       0x28 ./Core/Src/proyecto/MdE.o
                0x0000000008003724                Tarea_SD
 .text.InitAll  0x000000000800374c       0x30 ./Core/Src/proyecto/funciones.o
                0x000000000800374c                InitAll
 .text.InitLCD  0x000000000800377c       0x48 ./Core/Src/proyecto/funciones.o
                0x000000000800377c                InitLCD
 .text.LecturaSD
                0x00000000080037c4      0x20c ./Core/Src/proyecto/funciones.o
                0x00000000080037c4                LecturaSD
 .text.escribir_SD
                0x00000000080039d0       0x48 ./Core/Src/proyecto/funciones.o
                0x00000000080039d0                escribir_SD
 .text.getKey   0x0000000008003a18       0x30 ./Core/Src/proyecto/funciones.o
                0x0000000008003a18                getKey
 .text.BarridoTeclado
                0x0000000008003a48       0x60 ./Core/Src/proyecto/funciones.o
                0x0000000008003a48                BarridoTeclado
 .text.DriverTeclado
                0x0000000008003aa8       0xc4 ./Core/Src/proyecto/funciones.o
                0x0000000008003aa8                DriverTeclado
 .text.SetRelay
                0x0000000008003b6c       0x3c ./Core/Src/proyecto/funciones.o
                0x0000000008003b6c                SetRelay
 .text.SetBuzzer
                0x0000000008003ba8       0x3c ./Core/Src/proyecto/funciones.o
                0x0000000008003ba8                SetBuzzer
 .text.SetLED   0x0000000008003be4       0x64 ./Core/Src/proyecto/funciones.o
                0x0000000008003be4                SetLED
 .text.IniciarPreparacion
                0x0000000008003c48       0xb8 ./Core/Src/proyecto/funciones.o
                0x0000000008003c48                IniciarPreparacion
 .text.FinalizarPreparacion
                0x0000000008003d00       0xcc ./Core/Src/proyecto/funciones.o
                0x0000000008003d00                FinalizarPreparacion
 .text.Reset_Handler
                0x0000000008003dcc       0x48 ./Core/Startup/startup_stm32f103c8tx.o
                0x0000000008003dcc                Reset_Handler
 .text.Default_Handler
                0x0000000008003e14        0x2 ./Core/Startup/startup_stm32f103c8tx.o
                0x0000000008003e14                RTC_Alarm_IRQHandler
                0x0000000008003e14                EXTI2_IRQHandler
                0x0000000008003e14                TIM1_CC_IRQHandler
                0x0000000008003e14                PVD_IRQHandler
                0x0000000008003e14                EXTI3_IRQHandler
                0x0000000008003e14                EXTI0_IRQHandler
                0x0000000008003e14                I2C2_EV_IRQHandler
                0x0000000008003e14                ADC1_2_IRQHandler
                0x0000000008003e14                SPI1_IRQHandler
                0x0000000008003e14                TAMPER_IRQHandler
                0x0000000008003e14                DMA1_Channel4_IRQHandler
                0x0000000008003e14                USART3_IRQHandler
                0x0000000008003e14                RTC_IRQHandler
                0x0000000008003e14                DMA1_Channel7_IRQHandler
                0x0000000008003e14                CAN1_RX1_IRQHandler
                0x0000000008003e14                I2C1_EV_IRQHandler
                0x0000000008003e14                DMA1_Channel6_IRQHandler
                0x0000000008003e14                TIM3_IRQHandler
                0x0000000008003e14                RCC_IRQHandler
                0x0000000008003e14                TIM1_TRG_COM_IRQHandler
                0x0000000008003e14                DMA1_Channel1_IRQHandler
                0x0000000008003e14                Default_Handler
                0x0000000008003e14                EXTI15_10_IRQHandler
                0x0000000008003e14                EXTI9_5_IRQHandler
                0x0000000008003e14                SPI2_IRQHandler
                0x0000000008003e14                DMA1_Channel5_IRQHandler
                0x0000000008003e14                EXTI4_IRQHandler
                0x0000000008003e14                USB_LP_CAN1_RX0_IRQHandler
                0x0000000008003e14                USB_HP_CAN1_TX_IRQHandler
                0x0000000008003e14                DMA1_Channel3_IRQHandler
                0x0000000008003e14                TIM1_UP_IRQHandler
                0x0000000008003e14                WWDG_IRQHandler
                0x0000000008003e14                TIM2_IRQHandler
                0x0000000008003e14                TIM1_BRK_IRQHandler
                0x0000000008003e14                EXTI1_IRQHandler
                0x0000000008003e14                USART2_IRQHandler
                0x0000000008003e14                I2C2_ER_IRQHandler
                0x0000000008003e14                DMA1_Channel2_IRQHandler
                0x0000000008003e14                CAN1_SCE_IRQHandler
                0x0000000008003e14                FLASH_IRQHandler
                0x0000000008003e14                I2C1_ER_IRQHandler
                0x0000000008003e14                USBWakeUp_IRQHandler
 *fill*         0x0000000008003e16        0x2 
 .text.HAL_Init
                0x0000000008003e18       0x2c ./Drivers/STM32F1xx_HAL_Driver/Src/stm32f1xx_hal.o
                0x0000000008003e18                HAL_Init
 .text.HAL_IncTick
                0x0000000008003e44       0x24 ./Drivers/STM32F1xx_HAL_Driver/Src/stm32f1xx_hal.o
                0x0000000008003e44                HAL_IncTick
 .text.HAL_GetTick
                0x0000000008003e68       0x14 ./Drivers/STM32F1xx_HAL_Driver/Src/stm32f1xx_hal.o
                0x0000000008003e68                HAL_GetTick
 .text.HAL_Delay
                0x0000000008003e7c       0x48 ./Drivers/STM32F1xx_HAL_Driver/Src/stm32f1xx_hal.o
                0x0000000008003e7c                HAL_Delay
 .text.__NVIC_SetPriorityGrouping
                0x0000000008003ec4       0x48 ./Drivers/STM32F1xx_HAL_Driver/Src/stm32f1xx_hal_cortex.o
 .text.__NVIC_GetPriorityGrouping
                0x0000000008003f0c       0x1c ./Drivers/STM32F1xx_HAL_Driver/Src/stm32f1xx_hal_cortex.o
 .text.__NVIC_EnableIRQ
                0x0000000008003f28       0x38 ./Drivers/STM32F1xx_HAL_Driver/Src/stm32f1xx_hal_cortex.o
 .text.__NVIC_SetPriority
                0x0000000008003f60       0x54 ./Drivers/STM32F1xx_HAL_Driver/Src/stm32f1xx_hal_cortex.o
 .text.NVIC_EncodePriority
                0x0000000008003fb4       0x64 ./Drivers/STM32F1xx_HAL_Driver/Src/stm32f1xx_hal_cortex.o
 .text.__NVIC_SystemReset
                0x0000000008004018       0x2c ./Drivers/STM32F1xx_HAL_Driver/Src/stm32f1xx_hal_cortex.o
 .text.HAL_NVIC_SetPriorityGrouping
                0x0000000008004044       0x16 ./Drivers/STM32F1xx_HAL_Driver/Src/stm32f1xx_hal_cortex.o
                0x0000000008004044                HAL_NVIC_SetPriorityGrouping
 .text.HAL_NVIC_SetPriority
                0x000000000800405a       0x38 ./Drivers/STM32F1xx_HAL_Driver/Src/stm32f1xx_hal_cortex.o
                0x000000000800405a                HAL_NVIC_SetPriority
 .text.HAL_NVIC_EnableIRQ
                0x0000000008004092       0x1c ./Drivers/STM32F1xx_HAL_Driver/Src/stm32f1xx_hal_cortex.o
                0x0000000008004092                HAL_NVIC_EnableIRQ
 .text.HAL_NVIC_SystemReset
                0x00000000080040ae        0x8 ./Drivers/STM32F1xx_HAL_Driver/Src/stm32f1xx_hal_cortex.o
                0x00000000080040ae                HAL_NVIC_SystemReset
 .text.HAL_DMA_Abort
                0x00000000080040b6       0x74 ./Drivers/STM32F1xx_HAL_Driver/Src/stm32f1xx_hal_dma.o
                0x00000000080040b6                HAL_DMA_Abort
 *fill*         0x000000000800412a        0x2 
 .text.HAL_DMA_Abort_IT
                0x000000000800412c       0xec ./Drivers/STM32F1xx_HAL_Driver/Src/stm32f1xx_hal_dma.o
                0x000000000800412c                HAL_DMA_Abort_IT
 .text.HAL_GPIO_Init
                0x0000000008004218      0x308 ./Drivers/STM32F1xx_HAL_Driver/Src/stm32f1xx_hal_gpio.o
                0x0000000008004218                HAL_GPIO_Init
 .text.HAL_GPIO_ReadPin
                0x0000000008004520       0x2e ./Drivers/STM32F1xx_HAL_Driver/Src/stm32f1xx_hal_gpio.o
                0x0000000008004520                HAL_GPIO_ReadPin
 .text.HAL_GPIO_WritePin
                0x000000000800454e       0x30 ./Drivers/STM32F1xx_HAL_Driver/Src/stm32f1xx_hal_gpio.o
                0x000000000800454e                HAL_GPIO_WritePin
 *fill*         0x000000000800457e        0x2 
 .text.HAL_I2C_Init
                0x0000000008004580      0x288 ./Drivers/STM32F1xx_HAL_Driver/Src/stm32f1xx_hal_i2c.o
                0x0000000008004580                HAL_I2C_Init
 .text.HAL_I2C_Master_Transmit
                0x0000000008004808      0x1fc ./Drivers/STM32F1xx_HAL_Driver/Src/stm32f1xx_hal_i2c.o
                0x0000000008004808                HAL_I2C_Master_Transmit
 .text.I2C_MasterRequestWrite
                0x0000000008004a04      0x104 ./Drivers/STM32F1xx_HAL_Driver/Src/stm32f1xx_hal_i2c.o
 .text.I2C_WaitOnFlagUntilTimeout
                0x0000000008004b08       0xae ./Drivers/STM32F1xx_HAL_Driver/Src/stm32f1xx_hal_i2c.o
 .text.I2C_WaitOnMasterAddressFlagUntilTimeout
                0x0000000008004bb6       0xfe ./Drivers/STM32F1xx_HAL_Driver/Src/stm32f1xx_hal_i2c.o
 .text.I2C_WaitOnTXEFlagUntilTimeout
                0x0000000008004cb4       0x82 ./Drivers/STM32F1xx_HAL_Driver/Src/stm32f1xx_hal_i2c.o
 .text.I2C_WaitOnBTFFlagUntilTimeout
                0x0000000008004d36       0x82 ./Drivers/STM32F1xx_HAL_Driver/Src/stm32f1xx_hal_i2c.o
 .text.I2C_IsAcknowledgeFailed
                0x0000000008004db8       0x5c ./Drivers/STM32F1xx_HAL_Driver/Src/stm32f1xx_hal_i2c.o
 .text.HAL_PWR_EnableBkUpAccess
                0x0000000008004e14       0x18 ./Drivers/STM32F1xx_HAL_Driver/Src/stm32f1xx_hal_pwr.o
                0x0000000008004e14                HAL_PWR_EnableBkUpAccess
 .text.HAL_RCC_OscConfig
                0x0000000008004e2c      0x504 ./Drivers/STM32F1xx_HAL_Driver/Src/stm32f1xx_hal_rcc.o
                0x0000000008004e2c                HAL_RCC_OscConfig
 .text.HAL_RCC_ClockConfig
                0x0000000008005330      0x1d4 ./Drivers/STM32F1xx_HAL_Driver/Src/stm32f1xx_hal_rcc.o
                0x0000000008005330                HAL_RCC_ClockConfig
 .text.HAL_RCC_GetSysClockFreq
                0x0000000008005504       0xbc ./Drivers/STM32F1xx_HAL_Driver/Src/stm32f1xx_hal_rcc.o
                0x0000000008005504                HAL_RCC_GetSysClockFreq
 .text.HAL_RCC_GetHCLKFreq
                0x00000000080055c0       0x14 ./Drivers/STM32F1xx_HAL_Driver/Src/stm32f1xx_hal_rcc.o
                0x00000000080055c0                HAL_RCC_GetHCLKFreq
 .text.HAL_RCC_GetPCLK1Freq
                0x00000000080055d4       0x28 ./Drivers/STM32F1xx_HAL_Driver/Src/stm32f1xx_hal_rcc.o
                0x00000000080055d4                HAL_RCC_GetPCLK1Freq
 .text.HAL_RCC_GetPCLK2Freq
                0x00000000080055fc       0x28 ./Drivers/STM32F1xx_HAL_Driver/Src/stm32f1xx_hal_rcc.o
                0x00000000080055fc                HAL_RCC_GetPCLK2Freq
 .text.HAL_RCC_GetClockConfig
                0x0000000008005624       0x60 ./Drivers/STM32F1xx_HAL_Driver/Src/stm32f1xx_hal_rcc.o
                0x0000000008005624                HAL_RCC_GetClockConfig
 .text.RCC_Delay
                0x0000000008005684       0x3c ./Drivers/STM32F1xx_HAL_Driver/Src/stm32f1xx_hal_rcc.o
 .text.HAL_RCCEx_PeriphCLKConfig
                0x00000000080056c0      0x16c ./Drivers/STM32F1xx_HAL_Driver/Src/stm32f1xx_hal_rcc_ex.o
                0x00000000080056c0                HAL_RCCEx_PeriphCLKConfig
 .text.HAL_RCCEx_GetPeriphCLKFreq
                0x000000000800582c      0x180 ./Drivers/STM32F1xx_HAL_Driver/Src/stm32f1xx_hal_rcc_ex.o
                0x000000000800582c                HAL_RCCEx_GetPeriphCLKFreq
 .text.HAL_RTC_Init
                0x00000000080059ac      0x12c ./Drivers/STM32F1xx_HAL_Driver/Src/stm32f1xx_hal_rtc.o
                0x00000000080059ac                HAL_RTC_Init
 .text.HAL_RTC_SetTime
                0x0000000008005ad8      0x12e ./Drivers/STM32F1xx_HAL_Driver/Src/stm32f1xx_hal_rtc.o
                0x0000000008005ad8                HAL_RTC_SetTime
 *fill*         0x0000000008005c06        0x2 
 .text.HAL_RTC_GetTime
                0x0000000008005c08      0x1b0 ./Drivers/STM32F1xx_HAL_Driver/Src/stm32f1xx_hal_rtc.o
                0x0000000008005c08                HAL_RTC_GetTime
 .text.HAL_RTC_SetDate
                0x0000000008005db8      0x16c ./Drivers/STM32F1xx_HAL_Driver/Src/stm32f1xx_hal_rtc.o
                0x0000000008005db8                HAL_RTC_SetDate
 .text.HAL_RTC_WaitForSynchro
                0x0000000008005f24       0x5a ./Drivers/STM32F1xx_HAL_Driver/Src/stm32f1xx_hal_rtc.o
                0x0000000008005f24                HAL_RTC_WaitForSynchro
 .text.RTC_ReadTimeCounter
                0x0000000008005f7e       0x60 ./Drivers/STM32F1xx_HAL_Driver/Src/stm32f1xx_hal_rtc.o
 .text.RTC_WriteTimeCounter
                0x0000000008005fde       0x4e ./Drivers/STM32F1xx_HAL_Driver/Src/stm32f1xx_hal_rtc.o
 .text.RTC_ReadAlarmCounter
                0x000000000800602c       0x32 ./Drivers/STM32F1xx_HAL_Driver/Src/stm32f1xx_hal_rtc.o
 .text.RTC_WriteAlarmCounter
                0x000000000800605e       0x4e ./Drivers/STM32F1xx_HAL_Driver/Src/stm32f1xx_hal_rtc.o
 .text.RTC_EnterInitMode
                0x00000000080060ac       0x50 ./Drivers/STM32F1xx_HAL_Driver/Src/stm32f1xx_hal_rtc.o
 .text.RTC_ExitInitMode
                0x00000000080060fc       0x50 ./Drivers/STM32F1xx_HAL_Driver/Src/stm32f1xx_hal_rtc.o
 .text.RTC_ByteToBcd2
                0x000000000800614c       0x3a ./Drivers/STM32F1xx_HAL_Driver/Src/stm32f1xx_hal_rtc.o
 .text.RTC_Bcd2ToByte
                0x0000000008006186       0x3a ./Drivers/STM32F1xx_HAL_Driver/Src/stm32f1xx_hal_rtc.o
 .text.RTC_DateUpdate
                0x00000000080061c0      0x152 ./Drivers/STM32F1xx_HAL_Driver/Src/stm32f1xx_hal_rtc.o
 *fill*         0x0000000008006312        0x2 
 .text.RTC_IsLeapYear
                0x0000000008006314       0x64 ./Drivers/STM32F1xx_HAL_Driver/Src/stm32f1xx_hal_rtc.o
 .text.RTC_WeekDayNum
                0x0000000008006378       0xf0 ./Drivers/STM32F1xx_HAL_Driver/Src/stm32f1xx_hal_rtc.o
 .text.HAL_SPI_Init
                0x0000000008006468      0x108 ./Drivers/STM32F1xx_HAL_Driver/Src/stm32f1xx_hal_spi.o
                0x0000000008006468                HAL_SPI_Init
 .text.HAL_SPI_Transmit
                0x0000000008006570      0x278 ./Drivers/STM32F1xx_HAL_Driver/Src/stm32f1xx_hal_spi.o
                0x0000000008006570                HAL_SPI_Transmit
 .text.HAL_SPI_TransmitReceive
                0x00000000080067e8      0x344 ./Drivers/STM32F1xx_HAL_Driver/Src/stm32f1xx_hal_spi.o
                0x00000000080067e8                HAL_SPI_TransmitReceive
 .text.HAL_SPI_GetState
                0x0000000008006b2c       0x1a ./Drivers/STM32F1xx_HAL_Driver/Src/stm32f1xx_hal_spi.o
                0x0000000008006b2c                HAL_SPI_GetState
 *fill*         0x0000000008006b46        0x2 
 .text.SPI_WaitFlagStateUntilTimeout
                0x0000000008006b48      0x110 ./Drivers/STM32F1xx_HAL_Driver/Src/stm32f1xx_hal_spi.o
 .text.SPI_EndRxTxTransaction
                0x0000000008006c58       0x3c ./Drivers/STM32F1xx_HAL_Driver/Src/stm32f1xx_hal_spi.o
 .text.HAL_TIM_Base_Init
                0x0000000008006c94       0x9e ./Drivers/STM32F1xx_HAL_Driver/Src/stm32f1xx_hal_tim.o
                0x0000000008006c94                HAL_TIM_Base_Init
 *fill*         0x0000000008006d32        0x2 
 .text.HAL_TIM_Base_Start_IT
                0x0000000008006d34       0xa4 ./Drivers/STM32F1xx_HAL_Driver/Src/stm32f1xx_hal_tim.o
                0x0000000008006d34                HAL_TIM_Base_Start_IT
 .text.HAL_TIM_IRQHandler
                0x0000000008006dd8      0x210 ./Drivers/STM32F1xx_HAL_Driver/Src/stm32f1xx_hal_tim.o
                0x0000000008006dd8                HAL_TIM_IRQHandler
 .text.HAL_TIM_ConfigClockSource
                0x0000000008006fe8      0x188 ./Drivers/STM32F1xx_HAL_Driver/Src/stm32f1xx_hal_tim.o
                0x0000000008006fe8                HAL_TIM_ConfigClockSource
 .text.HAL_TIM_OC_DelayElapsedCallback
                0x0000000008007170       0x12 ./Drivers/STM32F1xx_HAL_Driver/Src/stm32f1xx_hal_tim.o
                0x0000000008007170                HAL_TIM_OC_DelayElapsedCallback
 .text.HAL_TIM_IC_CaptureCallback
                0x0000000008007182       0x12 ./Drivers/STM32F1xx_HAL_Driver/Src/stm32f1xx_hal_tim.o
                0x0000000008007182                HAL_TIM_IC_CaptureCallback
 .text.HAL_TIM_PWM_PulseFinishedCallback
                0x0000000008007194       0x12 ./Drivers/STM32F1xx_HAL_Driver/Src/stm32f1xx_hal_tim.o
                0x0000000008007194                HAL_TIM_PWM_PulseFinishedCallback
 .text.HAL_TIM_TriggerCallback
                0x00000000080071a6       0x12 ./Drivers/STM32F1xx_HAL_Driver/Src/stm32f1xx_hal_tim.o
                0x00000000080071a6                HAL_TIM_TriggerCallback
 .text.TIM_Base_SetConfig
                0x00000000080071b8       0xc4 ./Drivers/STM32F1xx_HAL_Driver/Src/stm32f1xx_hal_tim.o
                0x00000000080071b8                TIM_Base_SetConfig
 .text.TIM_TI1_ConfigInputStage
                0x000000000800727c       0x5c ./Drivers/STM32F1xx_HAL_Driver/Src/stm32f1xx_hal_tim.o
 .text.TIM_TI2_ConfigInputStage
                0x00000000080072d8       0x5e ./Drivers/STM32F1xx_HAL_Driver/Src/stm32f1xx_hal_tim.o
 .text.TIM_ITRx_SetConfig
                0x0000000008007336       0x34 ./Drivers/STM32F1xx_HAL_Driver/Src/stm32f1xx_hal_tim.o
 .text.TIM_ETR_SetConfig
                0x000000000800736a       0x3e ./Drivers/STM32F1xx_HAL_Driver/Src/stm32f1xx_hal_tim.o
                0x000000000800736a                TIM_ETR_SetConfig
 .text.HAL_TIMEx_MasterConfigSynchronization
                0x00000000080073a8       0xbc ./Drivers/STM32F1xx_HAL_Driver/Src/stm32f1xx_hal_tim_ex.o
                0x00000000080073a8                HAL_TIMEx_MasterConfigSynchronization
 .text.HAL_TIMEx_CommutCallback
                0x0000000008007464       0x12 ./Drivers/STM32F1xx_HAL_Driver/Src/stm32f1xx_hal_tim_ex.o
                0x0000000008007464                HAL_TIMEx_CommutCallback
 .text.HAL_TIMEx_BreakCallback
                0x0000000008007476       0x12 ./Drivers/STM32F1xx_HAL_Driver/Src/stm32f1xx_hal_tim_ex.o
                0x0000000008007476                HAL_TIMEx_BreakCallback
 .text.HAL_HalfDuplex_Init
                0x0000000008007488       0xaa ./Drivers/STM32F1xx_HAL_Driver/Src/stm32f1xx_hal_uart.o
                0x0000000008007488                HAL_HalfDuplex_Init
 *fill*         0x0000000008007532        0x2 
 .text.HAL_UART_IRQHandler
                0x0000000008007534      0x354 ./Drivers/STM32F1xx_HAL_Driver/Src/stm32f1xx_hal_uart.o
                0x0000000008007534                HAL_UART_IRQHandler
 .text.HAL_UART_TxCpltCallback
                0x0000000008007888       0x12 ./Drivers/STM32F1xx_HAL_Driver/Src/stm32f1xx_hal_uart.o
                0x0000000008007888                HAL_UART_TxCpltCallback
 .text.HAL_UART_RxCpltCallback
                0x000000000800789a       0x12 ./Drivers/STM32F1xx_HAL_Driver/Src/stm32f1xx_hal_uart.o
                0x000000000800789a                HAL_UART_RxCpltCallback
 .text.HAL_UART_ErrorCallback
                0x00000000080078ac       0x12 ./Drivers/STM32F1xx_HAL_Driver/Src/stm32f1xx_hal_uart.o
                0x00000000080078ac                HAL_UART_ErrorCallback
 .text.HAL_UARTEx_RxEventCallback
                0x00000000080078be       0x16 ./Drivers/STM32F1xx_HAL_Driver/Src/stm32f1xx_hal_uart.o
                0x00000000080078be                HAL_UARTEx_RxEventCallback
 .text.UART_EndRxTransfer
                0x00000000080078d4       0x58 ./Drivers/STM32F1xx_HAL_Driver/Src/stm32f1xx_hal_uart.o
 .text.UART_DMAAbortOnError
                0x000000000800792c       0x28 ./Drivers/STM32F1xx_HAL_Driver/Src/stm32f1xx_hal_uart.o
 .text.UART_Transmit_IT
                0x0000000008007954       0x9e ./Drivers/STM32F1xx_HAL_Driver/Src/stm32f1xx_hal_uart.o
 .text.UART_EndTransmit_IT
                0x00000000080079f2       0x30 ./Drivers/STM32F1xx_HAL_Driver/Src/stm32f1xx_hal_uart.o
 .text.UART_Receive_IT
                0x0000000008007a22      0x152 ./Drivers/STM32F1xx_HAL_Driver/Src/stm32f1xx_hal_uart.o
 .text.UART_SetConfig
                0x0000000008007b74      0x11c ./Drivers/STM32F1xx_HAL_Driver/Src/stm32f1xx_hal_uart.o
 .text.MX_FATFS_Init
                0x0000000008007c90       0x24 ./FATFS/App/fatfs.o
                0x0000000008007c90                MX_FATFS_Init
 .text.get_fattime
                0x0000000008007cb4        0xe ./FATFS/App/fatfs.o
                0x0000000008007cb4                get_fattime
 .text.USER_initialize
                0x0000000008007cc2       0x1c ./FATFS/Target/user_diskio.o
                0x0000000008007cc2                USER_initialize
 .text.USER_status
                0x0000000008007cde       0x1c ./FATFS/Target/user_diskio.o
                0x0000000008007cde                USER_status
 .text.USER_read
                0x0000000008007cfa       0x26 ./FATFS/Target/user_diskio.o
                0x0000000008007cfa                USER_read
 .text.USER_write
                0x0000000008007d20       0x26 ./FATFS/Target/user_diskio.o
                0x0000000008007d20                USER_write
 .text.USER_ioctl
                0x0000000008007d46       0x26 ./FATFS/Target/user_diskio.o
                0x0000000008007d46                USER_ioctl
 .text.disk_status
                0x0000000008007d6c       0x34 ./Middlewares/Third_Party/FatFs/src/diskio.o
                0x0000000008007d6c                disk_status
 .text.disk_initialize
                0x0000000008007da0       0x4c ./Middlewares/Third_Party/FatFs/src/diskio.o
                0x0000000008007da0                disk_initialize
 .text.disk_read
                0x0000000008007dec       0x40 ./Middlewares/Third_Party/FatFs/src/diskio.o
                0x0000000008007dec                disk_read
 .text.disk_write
                0x0000000008007e2c       0x40 ./Middlewares/Third_Party/FatFs/src/diskio.o
                0x0000000008007e2c                disk_write
 .text.disk_ioctl
                0x0000000008007e6c       0x3c ./Middlewares/Third_Party/FatFs/src/diskio.o
                0x0000000008007e6c                disk_ioctl
 .text.mem_cpy  0x0000000008007ea8       0x3c ./Middlewares/Third_Party/FatFs/src/ff.o
 .text.mem_set  0x0000000008007ee4       0x34 ./Middlewares/Third_Party/FatFs/src/ff.o
 .text.mem_cmp  0x0000000008007f18       0x4c ./Middlewares/Third_Party/FatFs/src/ff.o
 .text.chk_chr  0x0000000008007f64       0x34 ./Middlewares/Third_Party/FatFs/src/ff.o
 .text.lock_fs  0x0000000008007f98       0x1e ./Middlewares/Third_Party/FatFs/src/ff.o
 .text.unlock_fs
                0x0000000008007fb6       0x3e ./Middlewares/Third_Party/FatFs/src/ff.o
 .text.chk_lock
                0x0000000008007ff4       0xd8 ./Middlewares/Third_Party/FatFs/src/ff.o
 .text.enq_lock
                0x00000000080080cc       0x48 ./Middlewares/Third_Party/FatFs/src/ff.o
 .text.inc_lock
                0x0000000008008114      0x16c ./Middlewares/Third_Party/FatFs/src/ff.o
 .text.dec_lock
                0x0000000008008280       0x88 ./Middlewares/Third_Party/FatFs/src/ff.o
 .text.clear_lock
                0x0000000008008308       0x54 ./Middlewares/Third_Party/FatFs/src/ff.o
 .text.sync_window
                0x000000000800835c       0x92 ./Middlewares/Third_Party/FatFs/src/ff.o
 .text.move_window
                0x00000000080083ee       0x5c ./Middlewares/Third_Party/FatFs/src/ff.o
 .text.sync_fs  0x000000000800844a      0x15a ./Middlewares/Third_Party/FatFs/src/ff.o
 .text.clust2sect
                0x00000000080085a4       0x42 ./Middlewares/Third_Party/FatFs/src/ff.o
                0x00000000080085a4                clust2sect
 .text.get_fat  0x00000000080085e6      0x174 ./Middlewares/Third_Party/FatFs/src/ff.o
                0x00000000080085e6                get_fat
 .text.put_fat  0x000000000800875a      0x21c ./Middlewares/Third_Party/FatFs/src/ff.o
                0x000000000800875a                put_fat
 .text.remove_chain
                0x0000000008008976       0xb4 ./Middlewares/Third_Party/FatFs/src/ff.o
 .text.create_chain
                0x0000000008008a2a      0x13a ./Middlewares/Third_Party/FatFs/src/ff.o
 .text.clmt_clust
                0x0000000008008b64       0x68 ./Middlewares/Third_Party/FatFs/src/ff.o
 .text.dir_sdi  0x0000000008008bcc      0x128 ./Middlewares/Third_Party/FatFs/src/ff.o
 .text.dir_next
                0x0000000008008cf4      0x1ee ./Middlewares/Third_Party/FatFs/src/ff.o
 .text.dir_alloc
                0x0000000008008ee2       0x94 ./Middlewares/Third_Party/FatFs/src/ff.o
 .text.ld_clust
                0x0000000008008f76       0x5a ./Middlewares/Third_Party/FatFs/src/ff.o
 .text.st_clust
                0x0000000008008fd0       0x4c ./Middlewares/Third_Party/FatFs/src/ff.o
 .text.dir_find
                0x000000000800901c       0x9e ./Middlewares/Third_Party/FatFs/src/ff.o
 .text.dir_register
                0x00000000080090ba       0x72 ./Middlewares/Third_Party/FatFs/src/ff.o
 .text.get_fileinfo
                0x000000000800912c       0xe0 ./Middlewares/Third_Party/FatFs/src/ff.o
 .text.create_name
                0x000000000800920c      0x180 ./Middlewares/Third_Party/FatFs/src/ff.o
 .text.follow_path
                0x000000000800938c       0xdc ./Middlewares/Third_Party/FatFs/src/ff.o
 .text.get_ldnumber
                0x0000000008009468       0x86 ./Middlewares/Third_Party/FatFs/src/ff.o
 *fill*         0x00000000080094ee        0x2 
 .text.check_fs
                0x00000000080094f0       0xd4 ./Middlewares/Third_Party/FatFs/src/ff.o
 .text.find_volume
                0x00000000080095c4      0x5a0 ./Middlewares/Third_Party/FatFs/src/ff.o
 .text.validate
                0x0000000008009b64       0x7c ./Middlewares/Third_Party/FatFs/src/ff.o
 .text.f_mount  0x0000000008009be0       0xd0 ./Middlewares/Third_Party/FatFs/src/ff.o
                0x0000000008009be0                f_mount
 .text.f_open   0x0000000008009cb0      0x50a ./Middlewares/Third_Party/FatFs/src/ff.o
                0x0000000008009cb0                f_open
 .text.f_read   0x000000000800a1ba      0x36a ./Middlewares/Third_Party/FatFs/src/ff.o
                0x000000000800a1ba                f_read
 .text.f_write  0x000000000800a524      0x3ee ./Middlewares/Third_Party/FatFs/src/ff.o
                0x000000000800a524                f_write
 .text.f_sync   0x000000000800a912      0x192 ./Middlewares/Third_Party/FatFs/src/ff.o
                0x000000000800a912                f_sync
 .text.f_close  0x000000000800aaa4       0x60 ./Middlewares/Third_Party/FatFs/src/ff.o
                0x000000000800aaa4                f_close
 .text.f_stat   0x000000000800ab04       0xd0 ./Middlewares/Third_Party/FatFs/src/ff.o
                0x000000000800ab04                f_stat
 .text.FATFS_LinkDriverEx
                0x000000000800abd4       0x94 ./Middlewares/Third_Party/FatFs/src/ff_gen_drv.o
                0x000000000800abd4                FATFS_LinkDriverEx
 .text.FATFS_LinkDriver
                0x000000000800ac68       0x1e ./Middlewares/Third_Party/FatFs/src/ff_gen_drv.o
                0x000000000800ac68                FATFS_LinkDriver
 .text.ff_cre_syncobj
                0x000000000800ac86       0x40 ./Middlewares/Third_Party/FatFs/src/option/syscall.o
                0x000000000800ac86                ff_cre_syncobj
 .text.ff_del_syncobj
                0x000000000800acc6       0x18 ./Middlewares/Third_Party/FatFs/src/option/syscall.o
                0x000000000800acc6                ff_del_syncobj
 .text.ff_req_grant
                0x000000000800acde       0x2a ./Middlewares/Third_Party/FatFs/src/option/syscall.o
                0x000000000800acde                ff_req_grant
 .text.ff_rel_grant
                0x000000000800ad08       0x16 ./Middlewares/Third_Party/FatFs/src/option/syscall.o
                0x000000000800ad08                ff_rel_grant
 .text.makeFreeRtosPriority
                0x000000000800ad1e       0x2e ./Middlewares/Third_Party/FreeRTOS/Source/CMSIS_RTOS/cmsis_os.o
 .text.inHandlerMode
                0x000000000800ad4c       0x22 ./Middlewares/Third_Party/FreeRTOS/Source/CMSIS_RTOS/cmsis_os.o
 .text.osKernelStart
                0x000000000800ad6e        0xe ./Middlewares/Third_Party/FreeRTOS/Source/CMSIS_RTOS/cmsis_os.o
                0x000000000800ad6e                osKernelStart
 .text.osThreadCreate
                0x000000000800ad7c       0x98 ./Middlewares/Third_Party/FreeRTOS/Source/CMSIS_RTOS/cmsis_os.o
                0x000000000800ad7c                osThreadCreate
 .text.osDelay  0x000000000800ae14       0x28 ./Middlewares/Third_Party/FreeRTOS/Source/CMSIS_RTOS/cmsis_os.o
                0x000000000800ae14                osDelay
 .text.osSemaphoreCreate
                0x000000000800ae3c       0x64 ./Middlewares/Third_Party/FreeRTOS/Source/CMSIS_RTOS/cmsis_os.o
                0x000000000800ae3c                osSemaphoreCreate
 .text.osSemaphoreWait
                0x000000000800aea0       0x9c ./Middlewares/Third_Party/FreeRTOS/Source/CMSIS_RTOS/cmsis_os.o
                0x000000000800aea0                osSemaphoreWait
 .text.osSemaphoreRelease
                0x000000000800af3c       0x6c ./Middlewares/Third_Party/FreeRTOS/Source/CMSIS_RTOS/cmsis_os.o
                0x000000000800af3c                osSemaphoreRelease
 .text.osSemaphoreDelete
                0x000000000800afa8       0x26 ./Middlewares/Third_Party/FreeRTOS/Source/CMSIS_RTOS/cmsis_os.o
                0x000000000800afa8                osSemaphoreDelete
 .text.vListInitialise
                0x000000000800afce       0x3e ./Middlewares/Third_Party/FreeRTOS/Source/list.o
                0x000000000800afce                vListInitialise
 .text.vListInitialiseItem
                0x000000000800b00c       0x18 ./Middlewares/Third_Party/FreeRTOS/Source/list.o
                0x000000000800b00c                vListInitialiseItem
 .text.vListInsertEnd
                0x000000000800b024       0x46 ./Middlewares/Third_Party/FreeRTOS/Source/list.o
                0x000000000800b024                vListInsertEnd
 .text.vListInsert
                0x000000000800b06a       0x70 ./Middlewares/Third_Party/FreeRTOS/Source/list.o
                0x000000000800b06a                vListInsert
 .text.uxListRemove
                0x000000000800b0da       0x52 ./Middlewares/Third_Party/FreeRTOS/Source/list.o
                0x000000000800b0da                uxListRemove
 .text.xQueueGenericReset
                0x000000000800b12c       0xd0 ./Middlewares/Third_Party/FreeRTOS/Source/queue.o
                0x000000000800b12c                xQueueGenericReset
 .text.xQueueGenericCreateStatic
                0x000000000800b1fc       0xee ./Middlewares/Third_Party/FreeRTOS/Source/queue.o
                0x000000000800b1fc                xQueueGenericCreateStatic
 .text.xQueueGenericCreate
                0x000000000800b2ea       0x7c ./Middlewares/Third_Party/FreeRTOS/Source/queue.o
                0x000000000800b2ea                xQueueGenericCreate
 .text.prvInitialiseNewQueue
                0x000000000800b366       0x3e ./Middlewares/Third_Party/FreeRTOS/Source/queue.o
 .text.xQueueGenericSend
                0x000000000800b3a4      0x1fc ./Middlewares/Third_Party/FreeRTOS/Source/queue.o
                0x000000000800b3a4                xQueueGenericSend
 .text.xQueueGiveFromISR
                0x000000000800b5a0      0x11a ./Middlewares/Third_Party/FreeRTOS/Source/queue.o
                0x000000000800b5a0                xQueueGiveFromISR
 *fill*         0x000000000800b6ba        0x2 
 .text.xQueueSemaphoreTake
                0x000000000800b6bc      0x218 ./Middlewares/Third_Party/FreeRTOS/Source/queue.o
                0x000000000800b6bc                xQueueSemaphoreTake
 .text.xQueueReceiveFromISR
                0x000000000800b8d4      0x100 ./Middlewares/Third_Party/FreeRTOS/Source/queue.o
                0x000000000800b8d4                xQueueReceiveFromISR
 .text.vQueueDelete
                0x000000000800b9d4       0x46 ./Middlewares/Third_Party/FreeRTOS/Source/queue.o
                0x000000000800b9d4                vQueueDelete
 .text.prvGetDisinheritPriorityAfterTimeout
                0x000000000800ba1a       0x2e ./Middlewares/Third_Party/FreeRTOS/Source/queue.o
 .text.prvCopyDataToQueue
                0x000000000800ba48       0xd4 ./Middlewares/Third_Party/FreeRTOS/Source/queue.o
 .text.prvCopyDataFromQueue
                0x000000000800bb1c       0x4c ./Middlewares/Third_Party/FreeRTOS/Source/queue.o
 .text.prvUnlockQueue
                0x000000000800bb68       0xa4 ./Middlewares/Third_Party/FreeRTOS/Source/queue.o
 .text.prvIsQueueEmpty
                0x000000000800bc0c       0x2c ./Middlewares/Third_Party/FreeRTOS/Source/queue.o
 .text.prvIsQueueFull
                0x000000000800bc38       0x30 ./Middlewares/Third_Party/FreeRTOS/Source/queue.o
 .text.vQueueUnregisterQueue
                0x000000000800bc68       0x54 ./Middlewares/Third_Party/FreeRTOS/Source/queue.o
                0x000000000800bc68                vQueueUnregisterQueue
 .text.xTaskCreateStatic
                0x000000000800bcbc       0xb8 ./Middlewares/Third_Party/FreeRTOS/Source/tasks.o
                0x000000000800bcbc                xTaskCreateStatic
 .text.xTaskCreate
                0x000000000800bd74       0x8a ./Middlewares/Third_Party/FreeRTOS/Source/tasks.o
                0x000000000800bd74                xTaskCreate
 *fill*         0x000000000800bdfe        0x2 
 .text.prvInitialiseNewTask
                0x000000000800be00      0x12c ./Middlewares/Third_Party/FreeRTOS/Source/tasks.o
 .text.prvAddNewTaskToReadyList
                0x000000000800bf2c       0xd4 ./Middlewares/Third_Party/FreeRTOS/Source/tasks.o
 .text.vTaskDelayUntil
                0x000000000800c000       0xfc ./Middlewares/Third_Party/FreeRTOS/Source/tasks.o
                0x000000000800c000                vTaskDelayUntil
 .text.vTaskDelay
                0x000000000800c0fc       0x68 ./Middlewares/Third_Party/FreeRTOS/Source/tasks.o
                0x000000000800c0fc                vTaskDelay
 .text.vTaskPrioritySet
                0x000000000800c164      0x15c ./Middlewares/Third_Party/FreeRTOS/Source/tasks.o
                0x000000000800c164                vTaskPrioritySet
 .text.vTaskStartScheduler
                0x000000000800c2c0       0xd4 ./Middlewares/Third_Party/FreeRTOS/Source/tasks.o
                0x000000000800c2c0                vTaskStartScheduler
 .text.vTaskSuspendAll
                0x000000000800c394       0x1c ./Middlewares/Third_Party/FreeRTOS/Source/tasks.o
                0x000000000800c394                vTaskSuspendAll
 .text.xTaskResumeAll
                0x000000000800c3b0      0x138 ./Middlewares/Third_Party/FreeRTOS/Source/tasks.o
                0x000000000800c3b0                xTaskResumeAll
 .text.xTaskGetTickCount
                0x000000000800c4e8       0x1c ./Middlewares/Third_Party/FreeRTOS/Source/tasks.o
                0x000000000800c4e8                xTaskGetTickCount
 .text.xTaskIncrementTick
                0x000000000800c504      0x17c ./Middlewares/Third_Party/FreeRTOS/Source/tasks.o
                0x000000000800c504                xTaskIncrementTick
 .text.vTaskSwitchContext
                0x000000000800c680       0xc4 ./Middlewares/Third_Party/FreeRTOS/Source/tasks.o
                0x000000000800c680                vTaskSwitchContext
 .text.vTaskPlaceOnEventList
                0x000000000800c744       0x48 ./Middlewares/Third_Party/FreeRTOS/Source/tasks.o
                0x000000000800c744                vTaskPlaceOnEventList
 .text.xTaskRemoveFromEventList
                0x000000000800c78c       0xc4 ./Middlewares/Third_Party/FreeRTOS/Source/tasks.o
                0x000000000800c78c                xTaskRemoveFromEventList
 .text.vTaskInternalSetTimeOutState
                0x000000000800c850       0x2c ./Middlewares/Third_Party/FreeRTOS/Source/tasks.o
                0x000000000800c850                vTaskInternalSetTimeOutState
 .text.xTaskCheckForTimeOut
                0x000000000800c87c       0xc4 ./Middlewares/Third_Party/FreeRTOS/Source/tasks.o
                0x000000000800c87c                xTaskCheckForTimeOut
 .text.vTaskMissedYield
                0x000000000800c940       0x18 ./Middlewares/Third_Party/FreeRTOS/Source/tasks.o
                0x000000000800c940                vTaskMissedYield
 .text.prvIdleTask
                0x000000000800c958       0x30 ./Middlewares/Third_Party/FreeRTOS/Source/tasks.o
 .text.prvInitialiseTaskLists
                0x000000000800c988       0x80 ./Middlewares/Third_Party/FreeRTOS/Source/tasks.o
 .text.prvCheckTasksWaitingTermination
                0x000000000800ca08       0x5c ./Middlewares/Third_Party/FreeRTOS/Source/tasks.o
 .text.prvDeleteTCB
                0x000000000800ca64       0x68 ./Middlewares/Third_Party/FreeRTOS/Source/tasks.o
 .text.prvResetNextTaskUnblockTime
                0x000000000800cacc       0x48 ./Middlewares/Third_Party/FreeRTOS/Source/tasks.o
 .text.xTaskGetSchedulerState
                0x000000000800cb14       0x3c ./Middlewares/Third_Party/FreeRTOS/Source/tasks.o
                0x000000000800cb14                xTaskGetSchedulerState
 .text.xTaskPriorityInherit
                0x000000000800cb50      0x10c ./Middlewares/Third_Party/FreeRTOS/Source/tasks.o
                0x000000000800cb50                xTaskPriorityInherit
 .text.xTaskPriorityDisinherit
                0x000000000800cc5c      0x10c ./Middlewares/Third_Party/FreeRTOS/Source/tasks.o
                0x000000000800cc5c                xTaskPriorityDisinherit
 .text.vTaskPriorityDisinheritAfterTimeout
                0x000000000800cd68      0x140 ./Middlewares/Third_Party/FreeRTOS/Source/tasks.o
                0x000000000800cd68                vTaskPriorityDisinheritAfterTimeout
 .text.pvTaskIncrementMutexHeldCount
                0x000000000800cea8       0x28 ./Middlewares/Third_Party/FreeRTOS/Source/tasks.o
                0x000000000800cea8                pvTaskIncrementMutexHeldCount
 .text.prvAddCurrentTaskToDelayedList
                0x000000000800ced0       0xcc ./Middlewares/Third_Party/FreeRTOS/Source/tasks.o
 .text.pxPortInitialiseStack
                0x000000000800cf9c       0x58 ./Middlewares/Third_Party/FreeRTOS/Source/portable/GCC/ARM_CM3/port.o
                0x000000000800cf9c                pxPortInitialiseStack
 .text.prvTaskExitError
                0x000000000800cff4       0x58 ./Middlewares/Third_Party/FreeRTOS/Source/portable/GCC/ARM_CM3/port.o
 *fill*         0x000000000800d04c        0x4 
 .text.SVC_Handler
                0x000000000800d050       0x28 ./Middlewares/Third_Party/FreeRTOS/Source/portable/GCC/ARM_CM3/port.o
                0x000000000800d050                SVC_Handler
 .text.prvPortStartFirstTask
                0x000000000800d078       0x20 ./Middlewares/Third_Party/FreeRTOS/Source/portable/GCC/ARM_CM3/port.o
 .text.xPortStartScheduler
                0x000000000800d098       0xe4 ./Middlewares/Third_Party/FreeRTOS/Source/portable/GCC/ARM_CM3/port.o
                0x000000000800d098                xPortStartScheduler
 .text.vPortEnterCritical
                0x000000000800d17c       0x60 ./Middlewares/Third_Party/FreeRTOS/Source/portable/GCC/ARM_CM3/port.o
                0x000000000800d17c                vPortEnterCritical
 .text.vPortExitCritical
                0x000000000800d1dc       0x50 ./Middlewares/Third_Party/FreeRTOS/Source/portable/GCC/ARM_CM3/port.o
                0x000000000800d1dc                vPortExitCritical
 *fill*         0x000000000800d22c        0x4 
 .text.PendSV_Handler
                0x000000000800d230       0x48 ./Middlewares/Third_Party/FreeRTOS/Source/portable/GCC/ARM_CM3/port.o
                0x000000000800d230                PendSV_Handler
 .text.SysTick_Handler
                0x000000000800d278       0x44 ./Middlewares/Third_Party/FreeRTOS/Source/portable/GCC/ARM_CM3/port.o
                0x000000000800d278                SysTick_Handler
 .text.vPortSetupTimerInterrupt
                0x000000000800d2bc       0x44 ./Middlewares/Third_Party/FreeRTOS/Source/portable/GCC/ARM_CM3/port.o
                0x000000000800d2bc                vPortSetupTimerInterrupt
 .text.vPortValidateInterruptPriority
                0x000000000800d300       0x7c ./Middlewares/Third_Party/FreeRTOS/Source/portable/GCC/ARM_CM3/port.o
                0x000000000800d300                vPortValidateInterruptPriority
 .text.pvPortMalloc
                0x000000000800d37c      0x188 ./Middlewares/Third_Party/FreeRTOS/Source/portable/MemMang/heap_4.o
                0x000000000800d37c                pvPortMalloc
 .text.vPortFree
                0x000000000800d504       0xb4 ./Middlewares/Third_Party/FreeRTOS/Source/portable/MemMang/heap_4.o
                0x000000000800d504                vPortFree
 .text.prvHeapInit
                0x000000000800d5b8       0xc4 ./Middlewares/Third_Party/FreeRTOS/Source/portable/MemMang/heap_4.o
 .text.prvInsertBlockIntoFreeList
                0x000000000800d67c       0xb0 ./Middlewares/Third_Party/FreeRTOS/Source/portable/MemMang/heap_4.o
 .text.atoi     0x000000000800d72c        0x8 c:/st/stm32cubeide_1.9.0/stm32cubeide/plugins/com.st.stm32cube.ide.mcu.externaltools.gnu-tools-for-stm32.10.3-2021.10.win32_1.0.0.202111181127/tools/bin/../lib/gcc/arm-none-eabi/10.3.1/../../../../arm-none-eabi/lib/thumb/v7-m/nofp\libc_nano.a(lib_a-atoi.o)
                0x000000000800d72c                atoi
 .text.__errno  0x000000000800d734        0xc c:/st/stm32cubeide_1.9.0/stm32cubeide/plugins/com.st.stm32cube.ide.mcu.externaltools.gnu-tools-for-stm32.10.3-2021.10.win32_1.0.0.202111181127/tools/bin/../lib/gcc/arm-none-eabi/10.3.1/../../../../arm-none-eabi/lib/thumb/v7-m/nofp\libc_nano.a(lib_a-errno.o)
                0x000000000800d734                __errno
 .text.__libc_init_array
                0x000000000800d740       0x48 c:/st/stm32cubeide_1.9.0/stm32cubeide/plugins/com.st.stm32cube.ide.mcu.externaltools.gnu-tools-for-stm32.10.3-2021.10.win32_1.0.0.202111181127/tools/bin/../lib/gcc/arm-none-eabi/10.3.1/../../../../arm-none-eabi/lib/thumb/v7-m/nofp\libc_nano.a(lib_a-init.o)
                0x000000000800d740                __libc_init_array
 .text.__retarget_lock_acquire_recursive
                0x000000000800d788        0x2 c:/st/stm32cubeide_1.9.0/stm32cubeide/plugins/com.st.stm32cube.ide.mcu.externaltools.gnu-tools-for-stm32.10.3-2021.10.win32_1.0.0.202111181127/tools/bin/../lib/gcc/arm-none-eabi/10.3.1/../../../../arm-none-eabi/lib/thumb/v7-m/nofp\libc_nano.a(lib_a-lock.o)
                0x000000000800d788                __retarget_lock_acquire_recursive
 .text.__retarget_lock_release_recursive
                0x000000000800d78a        0x2 c:/st/stm32cubeide_1.9.0/stm32cubeide/plugins/com.st.stm32cube.ide.mcu.externaltools.gnu-tools-for-stm32.10.3-2021.10.win32_1.0.0.202111181127/tools/bin/../lib/gcc/arm-none-eabi/10.3.1/../../../../arm-none-eabi/lib/thumb/v7-m/nofp\libc_nano.a(lib_a-lock.o)
                0x000000000800d78a                __retarget_lock_release_recursive
 .text.memcpy   0x000000000800d78c       0x1c c:/st/stm32cubeide_1.9.0/stm32cubeide/plugins/com.st.stm32cube.ide.mcu.externaltools.gnu-tools-for-stm32.10.3-2021.10.win32_1.0.0.202111181127/tools/bin/../lib/gcc/arm-none-eabi/10.3.1/../../../../arm-none-eabi/lib/thumb/v7-m/nofp\libc_nano.a(lib_a-memcpy-stub.o)
                0x000000000800d78c                memcpy
 .text.memset   0x000000000800d7a8       0x10 c:/st/stm32cubeide_1.9.0/stm32cubeide/plugins/com.st.stm32cube.ide.mcu.externaltools.gnu-tools-for-stm32.10.3-2021.10.win32_1.0.0.202111181127/tools/bin/../lib/gcc/arm-none-eabi/10.3.1/../../../../arm-none-eabi/lib/thumb/v7-m/nofp\libc_nano.a(lib_a-memset.o)
                0x000000000800d7a8                memset
 .text.sbrk_aligned
                0x000000000800d7b8       0x40 c:/st/stm32cubeide_1.9.0/stm32cubeide/plugins/com.st.stm32cube.ide.mcu.externaltools.gnu-tools-for-stm32.10.3-2021.10.win32_1.0.0.202111181127/tools/bin/../lib/gcc/arm-none-eabi/10.3.1/../../../../arm-none-eabi/lib/thumb/v7-m/nofp\libc_nano.a(lib_a-nano-mallocr.o)
 .text._malloc_r
                0x000000000800d7f8       0xe8 c:/st/stm32cubeide_1.9.0/stm32cubeide/plugins/com.st.stm32cube.ide.mcu.externaltools.gnu-tools-for-stm32.10.3-2021.10.win32_1.0.0.202111181127/tools/bin/../lib/gcc/arm-none-eabi/10.3.1/../../../../arm-none-eabi/lib/thumb/v7-m/nofp\libc_nano.a(lib_a-nano-mallocr.o)
                0x000000000800d7f8                _malloc_r
 .text.cleanup_glue
                0x000000000800d8e0       0x1a c:/st/stm32cubeide_1.9.0/stm32cubeide/plugins/com.st.stm32cube.ide.mcu.externaltools.gnu-tools-for-stm32.10.3-2021.10.win32_1.0.0.202111181127/tools/bin/../lib/gcc/arm-none-eabi/10.3.1/../../../../arm-none-eabi/lib/thumb/v7-m/nofp\libc_nano.a(lib_a-reent.o)
                0x000000000800d8e0                cleanup_glue
 *fill*         0x000000000800d8fa        0x2 
 .text._reclaim_reent
                0x000000000800d8fc       0xb8 c:/st/stm32cubeide_1.9.0/stm32cubeide/plugins/com.st.stm32cube.ide.mcu.externaltools.gnu-tools-for-stm32.10.3-2021.10.win32_1.0.0.202111181127/tools/bin/../lib/gcc/arm-none-eabi/10.3.1/../../../../arm-none-eabi/lib/thumb/v7-m/nofp\libc_nano.a(lib_a-reent.o)
                0x000000000800d8fc                _reclaim_reent
 .text._sbrk_r  0x000000000800d9b4       0x20 c:/st/stm32cubeide_1.9.0/stm32cubeide/plugins/com.st.stm32cube.ide.mcu.externaltools.gnu-tools-for-stm32.10.3-2021.10.win32_1.0.0.202111181127/tools/bin/../lib/gcc/arm-none-eabi/10.3.1/../../../../arm-none-eabi/lib/thumb/v7-m/nofp\libc_nano.a(lib_a-sbrkr.o)
                0x000000000800d9b4                _sbrk_r
 .text.sprintf  0x000000000800d9d4       0x40 c:/st/stm32cubeide_1.9.0/stm32cubeide/plugins/com.st.stm32cube.ide.mcu.externaltools.gnu-tools-for-stm32.10.3-2021.10.win32_1.0.0.202111181127/tools/bin/../lib/gcc/arm-none-eabi/10.3.1/../../../../arm-none-eabi/lib/thumb/v7-m/nofp\libc_nano.a(lib_a-sprintf.o)
                0x000000000800d9d4                siprintf
                0x000000000800d9d4                sprintf
 .text._strtol_l.constprop.0
                0x000000000800da14       0xf8 c:/st/stm32cubeide_1.9.0/stm32cubeide/plugins/com.st.stm32cube.ide.mcu.externaltools.gnu-tools-for-stm32.10.3-2021.10.win32_1.0.0.202111181127/tools/bin/../lib/gcc/arm-none-eabi/10.3.1/../../../../arm-none-eabi/lib/thumb/v7-m/nofp\libc_nano.a(lib_a-strtol.o)
 .text.strtol   0x000000000800db0c       0x14 c:/st/stm32cubeide_1.9.0/stm32cubeide/plugins/com.st.stm32cube.ide.mcu.externaltools.gnu-tools-for-stm32.10.3-2021.10.win32_1.0.0.202111181127/tools/bin/../lib/gcc/arm-none-eabi/10.3.1/../../../../arm-none-eabi/lib/thumb/v7-m/nofp\libc_nano.a(lib_a-strtol.o)
                0x000000000800db0c                strtol
 .text.__malloc_lock
                0x000000000800db20        0xc c:/st/stm32cubeide_1.9.0/stm32cubeide/plugins/com.st.stm32cube.ide.mcu.externaltools.gnu-tools-for-stm32.10.3-2021.10.win32_1.0.0.202111181127/tools/bin/../lib/gcc/arm-none-eabi/10.3.1/../../../../arm-none-eabi/lib/thumb/v7-m/nofp\libc_nano.a(lib_a-mlock.o)
                0x000000000800db20                __malloc_lock
 .text.__malloc_unlock
                0x000000000800db2c        0xc c:/st/stm32cubeide_1.9.0/stm32cubeide/plugins/com.st.stm32cube.ide.mcu.externaltools.gnu-tools-for-stm32.10.3-2021.10.win32_1.0.0.202111181127/tools/bin/../lib/gcc/arm-none-eabi/10.3.1/../../../../arm-none-eabi/lib/thumb/v7-m/nofp\libc_nano.a(lib_a-mlock.o)
                0x000000000800db2c                __malloc_unlock
 .text._free_r  0x000000000800db38       0x90 c:/st/stm32cubeide_1.9.0/stm32cubeide/plugins/com.st.stm32cube.ide.mcu.externaltools.gnu-tools-for-stm32.10.3-2021.10.win32_1.0.0.202111181127/tools/bin/../lib/gcc/arm-none-eabi/10.3.1/../../../../arm-none-eabi/lib/thumb/v7-m/nofp\libc_nano.a(lib_a-nano-freer.o)
                0x000000000800db38                _free_r
 .text.__ssputs_r
                0x000000000800dbc8       0xb6 c:/st/stm32cubeide_1.9.0/stm32cubeide/plugins/com.st.stm32cube.ide.mcu.externaltools.gnu-tools-for-stm32.10.3-2021.10.win32_1.0.0.202111181127/tools/bin/../lib/gcc/arm-none-eabi/10.3.1/../../../../arm-none-eabi/lib/thumb/v7-m/nofp\libc_nano.a(lib_a-nano-svfprintf.o)
                0x000000000800dbc8                __ssputs_r
 *fill*         0x000000000800dc7e        0x2 
 .text._svfprintf_r
                0x000000000800dc80      0x200 c:/st/stm32cubeide_1.9.0/stm32cubeide/plugins/com.st.stm32cube.ide.mcu.externaltools.gnu-tools-for-stm32.10.3-2021.10.win32_1.0.0.202111181127/tools/bin/../lib/gcc/arm-none-eabi/10.3.1/../../../../arm-none-eabi/lib/thumb/v7-m/nofp\libc_nano.a(lib_a-nano-svfprintf.o)
                0x000000000800dc80                _svfiprintf_r
                0x000000000800dc80                _svfprintf_r
 .text._printf_common
                0x000000000800de80       0xde c:/st/stm32cubeide_1.9.0/stm32cubeide/plugins/com.st.stm32cube.ide.mcu.externaltools.gnu-tools-for-stm32.10.3-2021.10.win32_1.0.0.202111181127/tools/bin/../lib/gcc/arm-none-eabi/10.3.1/../../../../arm-none-eabi/lib/thumb/v7-m/nofp\libc_nano.a(lib_a-nano-vfprintf_i.o)
                0x000000000800de80                _printf_common
 *fill*         0x000000000800df5e        0x2 
 .text._printf_i
                0x000000000800df60      0x24c c:/st/stm32cubeide_1.9.0/stm32cubeide/plugins/com.st.stm32cube.ide.mcu.externaltools.gnu-tools-for-stm32.10.3-2021.10.win32_1.0.0.202111181127/tools/bin/../lib/gcc/arm-none-eabi/10.3.1/../../../../arm-none-eabi/lib/thumb/v7-m/nofp\libc_nano.a(lib_a-nano-vfprintf_i.o)
                0x000000000800df60                _printf_i
 .text.memchr   0x000000000800e1ac       0x1c c:/st/stm32cubeide_1.9.0/stm32cubeide/plugins/com.st.stm32cube.ide.mcu.externaltools.gnu-tools-for-stm32.10.3-2021.10.win32_1.0.0.202111181127/tools/bin/../lib/gcc/arm-none-eabi/10.3.1/../../../../arm-none-eabi/lib/thumb/v7-m/nofp\libc_nano.a(lib_a-memchr-stub.o)
                0x000000000800e1ac                memchr
 .text.memmove  0x000000000800e1c8       0x34 c:/st/stm32cubeide_1.9.0/stm32cubeide/plugins/com.st.stm32cube.ide.mcu.externaltools.gnu-tools-for-stm32.10.3-2021.10.win32_1.0.0.202111181127/tools/bin/../lib/gcc/arm-none-eabi/10.3.1/../../../../arm-none-eabi/lib/thumb/v7-m/nofp\libc_nano.a(lib_a-memmove.o)
                0x000000000800e1c8                memmove
 .text._realloc_r
                0x000000000800e1fc       0x5e c:/st/stm32cubeide_1.9.0/stm32cubeide/plugins/com.st.stm32cube.ide.mcu.externaltools.gnu-tools-for-stm32.10.3-2021.10.win32_1.0.0.202111181127/tools/bin/../lib/gcc/arm-none-eabi/10.3.1/../../../../arm-none-eabi/lib/thumb/v7-m/nofp\libc_nano.a(lib_a-nano-reallocr.o)
                0x000000000800e1fc                _realloc_r
 .text._malloc_usable_size_r
                0x000000000800e25a       0x10 c:/st/stm32cubeide_1.9.0/stm32cubeide/plugins/com.st.stm32cube.ide.mcu.externaltools.gnu-tools-for-stm32.10.3-2021.10.win32_1.0.0.202111181127/tools/bin/../lib/gcc/arm-none-eabi/10.3.1/../../../../arm-none-eabi/lib/thumb/v7-m/nofp\libc_nano.a(lib_a-nano-msizer.o)
                0x000000000800e25a                _malloc_usable_size_r
 *(.glue_7)
 .glue_7        0x000000000800e26a        0x0 linker stubs
 *(.glue_7t)
 .glue_7t       0x000000000800e26a        0x0 linker stubs
 *(.eh_frame)
 *fill*         0x000000000800e26a        0x2 
 .eh_frame      0x000000000800e26c        0x0 c:/st/stm32cubeide_1.9.0/stm32cubeide/plugins/com.st.stm32cube.ide.mcu.externaltools.gnu-tools-for-stm32.10.3-2021.10.win32_1.0.0.202111181127/tools/bin/../lib/gcc/arm-none-eabi/10.3.1/thumb/v7-m/nofp/crtbegin.o
 *(.init)
 .init          0x000000000800e26c        0x4 c:/st/stm32cubeide_1.9.0/stm32cubeide/plugins/com.st.stm32cube.ide.mcu.externaltools.gnu-tools-for-stm32.10.3-2021.10.win32_1.0.0.202111181127/tools/bin/../lib/gcc/arm-none-eabi/10.3.1/thumb/v7-m/nofp/crti.o
                0x000000000800e26c                _init
 .init          0x000000000800e270        0x8 c:/st/stm32cubeide_1.9.0/stm32cubeide/plugins/com.st.stm32cube.ide.mcu.externaltools.gnu-tools-for-stm32.10.3-2021.10.win32_1.0.0.202111181127/tools/bin/../lib/gcc/arm-none-eabi/10.3.1/thumb/v7-m/nofp/crtn.o
 *(.fini)
 .fini          0x000000000800e278        0x4 c:/st/stm32cubeide_1.9.0/stm32cubeide/plugins/com.st.stm32cube.ide.mcu.externaltools.gnu-tools-for-stm32.10.3-2021.10.win32_1.0.0.202111181127/tools/bin/../lib/gcc/arm-none-eabi/10.3.1/thumb/v7-m/nofp/crti.o
                0x000000000800e278                _fini
 .fini          0x000000000800e27c        0x8 c:/st/stm32cubeide_1.9.0/stm32cubeide/plugins/com.st.stm32cube.ide.mcu.externaltools.gnu-tools-for-stm32.10.3-2021.10.win32_1.0.0.202111181127/tools/bin/../lib/gcc/arm-none-eabi/10.3.1/thumb/v7-m/nofp/crtn.o
                0x000000000800e284                . = ALIGN (0x4)
                0x000000000800e284                _etext = .

.vfp11_veneer   0x000000000800e284        0x0
 .vfp11_veneer  0x000000000800e284        0x0 linker stubs

.v4_bx          0x000000000800e284        0x0
 .v4_bx         0x000000000800e284        0x0 linker stubs

.iplt           0x000000000800e284        0x0
 .iplt          0x000000000800e284        0x0 c:/st/stm32cubeide_1.9.0/stm32cubeide/plugins/com.st.stm32cube.ide.mcu.externaltools.gnu-tools-for-stm32.10.3-2021.10.win32_1.0.0.202111181127/tools/bin/../lib/gcc/arm-none-eabi/10.3.1/thumb/v7-m/nofp/crtbegin.o

.rodata         0x000000000800e284      0x6d8
                0x000000000800e284                . = ALIGN (0x4)
 *(.rodata)
 .rodata        0x000000000800e284      0x212 ./Core/Src/File_Handling_RTOS.o
 *fill*         0x000000000800e496        0x2 
 .rodata        0x000000000800e498       0x59 ./Core/Src/OneWire.o
 *fill*         0x000000000800e4f1        0x3 
 .rodata        0x000000000800e4f4       0x10 ./Core/Src/liquidcrystal_i2c.o
 .rodata        0x000000000800e504       0xa0 ./Core/Src/main.o
 .rodata        0x000000000800e5a4       0xea ./Core/Src/proyecto/MdE.o
 *fill*         0x000000000800e68e        0x2 
 .rodata        0x000000000800e690       0x33 ./Core/Src/proyecto/funciones.o
 *fill*         0x000000000800e6c3        0x1 
 .rodata        0x000000000800e6c4       0x10 ./Drivers/STM32F1xx_HAL_Driver/Src/stm32f1xx_hal_rcc.o
 .rodata        0x000000000800e6d4       0x10 ./Drivers/STM32F1xx_HAL_Driver/Src/stm32f1xx_hal_rcc_ex.o
 .rodata        0x000000000800e6e4       0x44 ./Middlewares/Third_Party/FatFs/src/ff.o
 .rodata        0x000000000800e728        0x5 ./Middlewares/Third_Party/FreeRTOS/Source/tasks.o
 *(.rodata*)
 *fill*         0x000000000800e72d        0x3 
 .rodata.AHBPrescTable
                0x000000000800e730       0x10 ./Core/Src/system_stm32f1xx.o
                0x000000000800e730                AHBPrescTable
 .rodata.APBPrescTable
                0x000000000800e740        0x8 ./Core/Src/system_stm32f1xx.o
                0x000000000800e740                APBPrescTable
 .rodata.ExCvt  0x000000000800e748       0x80 ./Middlewares/Third_Party/FatFs/src/ff.o
 .rodata.__sf_fake_stderr
                0x000000000800e7c8       0x20 c:/st/stm32cubeide_1.9.0/stm32cubeide/plugins/com.st.stm32cube.ide.mcu.externaltools.gnu-tools-for-stm32.10.3-2021.10.win32_1.0.0.202111181127/tools/bin/../lib/gcc/arm-none-eabi/10.3.1/../../../../arm-none-eabi/lib/thumb/v7-m/nofp\libc_nano.a(lib_a-findfp.o)
                0x000000000800e7c8                __sf_fake_stderr
 .rodata.__sf_fake_stdin
                0x000000000800e7e8       0x20 c:/st/stm32cubeide_1.9.0/stm32cubeide/plugins/com.st.stm32cube.ide.mcu.externaltools.gnu-tools-for-stm32.10.3-2021.10.win32_1.0.0.202111181127/tools/bin/../lib/gcc/arm-none-eabi/10.3.1/../../../../arm-none-eabi/lib/thumb/v7-m/nofp\libc_nano.a(lib_a-findfp.o)
                0x000000000800e7e8                __sf_fake_stdin
 .rodata.__sf_fake_stdout
                0x000000000800e808       0x20 c:/st/stm32cubeide_1.9.0/stm32cubeide/plugins/com.st.stm32cube.ide.mcu.externaltools.gnu-tools-for-stm32.10.3-2021.10.win32_1.0.0.202111181127/tools/bin/../lib/gcc/arm-none-eabi/10.3.1/../../../../arm-none-eabi/lib/thumb/v7-m/nofp\libc_nano.a(lib_a-findfp.o)
                0x000000000800e808                __sf_fake_stdout
 .rodata._ctype_
                0x000000000800e828      0x101 c:/st/stm32cubeide_1.9.0/stm32cubeide/plugins/com.st.stm32cube.ide.mcu.externaltools.gnu-tools-for-stm32.10.3-2021.10.win32_1.0.0.202111181127/tools/bin/../lib/gcc/arm-none-eabi/10.3.1/../../../../arm-none-eabi/lib/thumb/v7-m/nofp\libc_nano.a(lib_a-ctype_.o)
                0x000000000800e828                _ctype_
 .rodata._svfprintf_r.str1.1
                0x000000000800e929       0x11 c:/st/stm32cubeide_1.9.0/stm32cubeide/plugins/com.st.stm32cube.ide.mcu.externaltools.gnu-tools-for-stm32.10.3-2021.10.win32_1.0.0.202111181127/tools/bin/../lib/gcc/arm-none-eabi/10.3.1/../../../../arm-none-eabi/lib/thumb/v7-m/nofp\libc_nano.a(lib_a-nano-svfprintf.o)
 .rodata._printf_i.str1.1
                0x000000000800e93a       0x22 c:/st/stm32cubeide_1.9.0/stm32cubeide/plugins/com.st.stm32cube.ide.mcu.externaltools.gnu-tools-for-stm32.10.3-2021.10.win32_1.0.0.202111181127/tools/bin/../lib/gcc/arm-none-eabi/10.3.1/../../../../arm-none-eabi/lib/thumb/v7-m/nofp\libc_nano.a(lib_a-nano-vfprintf_i.o)
                0x000000000800e95c                . = ALIGN (0x4)

.rel.dyn        0x000000000800e95c        0x0
 .rel.iplt      0x000000000800e95c        0x0 c:/st/stm32cubeide_1.9.0/stm32cubeide/plugins/com.st.stm32cube.ide.mcu.externaltools.gnu-tools-for-stm32.10.3-2021.10.win32_1.0.0.202111181127/tools/bin/../lib/gcc/arm-none-eabi/10.3.1/thumb/v7-m/nofp/crtbegin.o

.ARM.extab      0x000000000800e95c        0x0
                0x000000000800e95c                . = ALIGN (0x4)
 *(.ARM.extab* .gnu.linkonce.armextab.*)
                0x000000000800e95c                . = ALIGN (0x4)

.ARM            0x000000000800e95c        0x0
                0x000000000800e95c                . = ALIGN (0x4)
                0x000000000800e95c                __exidx_start = .
 *(.ARM.exidx*)
                0x000000000800e95c                __exidx_end = .
                0x000000000800e95c                . = ALIGN (0x4)

.preinit_array  0x000000000800e95c        0x0
                0x000000000800e95c                . = ALIGN (0x4)
                0x000000000800e95c                PROVIDE (__preinit_array_start = .)
 *(.preinit_array*)
                0x000000000800e95c                PROVIDE (__preinit_array_end = .)
                0x000000000800e95c                . = ALIGN (0x4)

.init_array     0x000000000800e95c        0x4
                0x000000000800e95c                . = ALIGN (0x4)
                0x000000000800e95c                PROVIDE (__init_array_start = .)
 *(SORT_BY_NAME(.init_array.*))
 *(.init_array*)
 .init_array    0x000000000800e95c        0x4 c:/st/stm32cubeide_1.9.0/stm32cubeide/plugins/com.st.stm32cube.ide.mcu.externaltools.gnu-tools-for-stm32.10.3-2021.10.win32_1.0.0.202111181127/tools/bin/../lib/gcc/arm-none-eabi/10.3.1/thumb/v7-m/nofp/crtbegin.o
                0x000000000800e960                PROVIDE (__init_array_end = .)
                0x000000000800e960                . = ALIGN (0x4)

.fini_array     0x000000000800e960        0x4
                0x000000000800e960                . = ALIGN (0x4)
                [!provide]                        PROVIDE (__fini_array_start = .)
 *(SORT_BY_NAME(.fini_array.*))
 *(.fini_array*)
 .fini_array    0x000000000800e960        0x4 c:/st/stm32cubeide_1.9.0/stm32cubeide/plugins/com.st.stm32cube.ide.mcu.externaltools.gnu-tools-for-stm32.10.3-2021.10.win32_1.0.0.202111181127/tools/bin/../lib/gcc/arm-none-eabi/10.3.1/thumb/v7-m/nofp/crtbegin.o
                [!provide]                        PROVIDE (__fini_array_end = .)
                0x000000000800e964                . = ALIGN (0x4)
                0x000000000800e964                _sidata = LOADADDR (.data)

.data           0x0000000020000000       0xac load address 0x000000000800e964
                0x0000000020000000                . = ALIGN (0x4)
                0x0000000020000000                _sdata = .
 *(.data)
 *(.data*)
 .data.pDelay   0x0000000020000000        0x4 ./Core/Src/OneWire.o
                0x0000000020000000                pDelay
 .data.Stat     0x0000000020000004        0x1 ./Core/Src/fatfs_sd.o
 *fill*         0x0000000020000005        0x3 
 .data.special1
                0x0000000020000008        0x8 ./Core/Src/liquidcrystal_i2c.o
                0x0000000020000008                special1
 .data.special2
                0x0000000020000010        0x8 ./Core/Src/liquidcrystal_i2c.o
                0x0000000020000010                special2
 .data.SystemCoreClock
                0x0000000020000018        0x4 ./Core/Src/system_stm32f1xx.o
                0x0000000020000018                SystemCoreClock
 .data.tiempoRestante
                0x000000002000001c        0x1 ./Core/Src/proyecto/MdE.o
                0x000000002000001c                tiempoRestante
 *fill*         0x000000002000001d        0x3 
 .data.tiempoHervor
                0x0000000020000020        0x4 ./Core/Src/proyecto/MdE.o
                0x0000000020000020                tiempoHervor
 .data.estado.2
                0x0000000020000024        0x1 ./Core/Src/proyecto/funciones.o
 *fill*         0x0000000020000025        0x3 
 .data.uwTickPrio
                0x0000000020000028        0x4 ./Drivers/STM32F1xx_HAL_Driver/Src/stm32f1xx_hal.o
                0x0000000020000028                uwTickPrio
 .data.uwTickFreq
                0x000000002000002c        0x1 ./Drivers/STM32F1xx_HAL_Driver/Src/stm32f1xx_hal.o
                0x000000002000002c                uwTickFreq
 *fill*         0x000000002000002d        0x3 
 .data.USER_Driver
                0x0000000020000030       0x14 ./FATFS/Target/user_diskio.o
                0x0000000020000030                USER_Driver
 .data.uxCriticalNesting
                0x0000000020000044        0x4 ./Middlewares/Third_Party/FreeRTOS/Source/portable/GCC/ARM_CM3/port.o
 .data._impure_ptr
                0x0000000020000048        0x4 c:/st/stm32cubeide_1.9.0/stm32cubeide/plugins/com.st.stm32cube.ide.mcu.externaltools.gnu-tools-for-stm32.10.3-2021.10.win32_1.0.0.202111181127/tools/bin/../lib/gcc/arm-none-eabi/10.3.1/../../../../arm-none-eabi/lib/thumb/v7-m/nofp\libc_nano.a(lib_a-impure.o)
                0x0000000020000048                _impure_ptr
 .data.impure_data
                0x000000002000004c       0x60 c:/st/stm32cubeide_1.9.0/stm32cubeide/plugins/com.st.stm32cube.ide.mcu.externaltools.gnu-tools-for-stm32.10.3-2021.10.win32_1.0.0.202111181127/tools/bin/../lib/gcc/arm-none-eabi/10.3.1/../../../../arm-none-eabi/lib/thumb/v7-m/nofp\libc_nano.a(lib_a-impure.o)
 *(.RamFunc)
 *(.RamFunc*)
                0x00000000200000ac                . = ALIGN (0x4)
                0x00000000200000ac                _edata = .

.igot.plt       0x00000000200000ac        0x0 load address 0x000000000800ea10
 .igot.plt      0x00000000200000ac        0x0 c:/st/stm32cubeide_1.9.0/stm32cubeide/plugins/com.st.stm32cube.ide.mcu.externaltools.gnu-tools-for-stm32.10.3-2021.10.win32_1.0.0.202111181127/tools/bin/../lib/gcc/arm-none-eabi/10.3.1/thumb/v7-m/nofp/crtbegin.o
                0x00000000200000ac                . = ALIGN (0x4)

.bss            0x00000000200000ac     0x2f98 load address 0x000000000800ea10
                0x00000000200000ac                _sbss = .
                0x00000000200000ac                __bss_start__ = _sbss
 *(.bss)
 .bss           0x00000000200000ac       0x1c c:/st/stm32cubeide_1.9.0/stm32cubeide/plugins/com.st.stm32cube.ide.mcu.externaltools.gnu-tools-for-stm32.10.3-2021.10.win32_1.0.0.202111181127/tools/bin/../lib/gcc/arm-none-eabi/10.3.1/thumb/v7-m/nofp/crtbegin.o
 *(.bss*)
 .bss.fs        0x00000000200000c8      0x234 ./Core/Src/File_Handling_RTOS.o
                0x00000000200000c8                fs
 .bss.fil       0x00000000200002fc      0x22c ./Core/Src/File_Handling_RTOS.o
                0x00000000200002fc                fil
 .bss.fno       0x0000000020000528       0x18 ./Core/Src/File_Handling_RTOS.o
                0x0000000020000528                fno
 .bss.fresult   0x0000000020000540        0x1 ./Core/Src/File_Handling_RTOS.o
                0x0000000020000540                fresult
 *fill*         0x0000000020000541        0x3 
 .bss.br        0x0000000020000544        0x4 ./Core/Src/File_Handling_RTOS.o
                0x0000000020000544                br
 .bss.bw        0x0000000020000548        0x4 ./Core/Src/File_Handling_RTOS.o
                0x0000000020000548                bw
 .bss.recvFlag  0x000000002000054c        0x1 ./Core/Src/OneWire.o
                0x000000002000054c                recvFlag
 *fill*         0x000000002000054d        0x3 
 .bss.rc_buffer
                0x0000000020000550        0xa ./Core/Src/OneWire.o
                0x0000000020000550                rc_buffer
 *fill*         0x000000002000055a        0x2 
 .bss.Temp      0x000000002000055c        0x8 ./Core/Src/OneWire.o
                0x000000002000055c                Temp
 .bss.devInfo   0x0000000020000564       0x24 ./Core/Src/OneWire.o
                0x0000000020000564                devInfo
 .bss.devices   0x0000000020000588        0x1 ./Core/Src/OneWire.o
                0x0000000020000588                devices
 *fill*         0x0000000020000589        0x3 
 .bss.ow        0x000000002000058c       0x1c ./Core/Src/OneWire.o
                0x000000002000058c                ow
 .bss.i         0x00000000200005a8        0x4 ./Core/Src/OneWire.o
                0x00000000200005a8                i
 .bss.t         0x00000000200005ac        0x2 ./Core/Src/OneWire.o
                0x00000000200005ac                t
 *fill*         0x00000000200005ae        0x2 
 .bss.crcOK     0x00000000200005b0        0x4 ./Core/Src/OneWire.o
                0x00000000200005b0                crcOK
 .bss.CardType  0x00000000200005b4        0x1 ./Core/Src/fatfs_sd.o
 .bss.PowerFlag
                0x00000000200005b5        0x1 ./Core/Src/fatfs_sd.o
 *fill*         0x00000000200005b6        0x2 
 .bss.xIdleTaskTCBBuffer
                0x00000000200005b8       0xb4 ./Core/Src/freertos.o
 .bss.xIdleStack
                0x000000002000066c      0x200 ./Core/Src/freertos.o
 .bss.dpFunction
                0x000000002000086c        0x1 ./Core/Src/liquidcrystal_i2c.o
                0x000000002000086c                dpFunction
 .bss.dpControl
                0x000000002000086d        0x1 ./Core/Src/liquidcrystal_i2c.o
                0x000000002000086d                dpControl
 .bss.dpMode    0x000000002000086e        0x1 ./Core/Src/liquidcrystal_i2c.o
                0x000000002000086e                dpMode
 .bss.dpRows    0x000000002000086f        0x1 ./Core/Src/liquidcrystal_i2c.o
                0x000000002000086f                dpRows
 .bss.dpBacklight
                0x0000000020000870        0x1 ./Core/Src/liquidcrystal_i2c.o
                0x0000000020000870                dpBacklight
 *fill*         0x0000000020000871        0x3 
 .bss.hi2c1     0x0000000020000874       0x54 ./Core/Src/main.o
                0x0000000020000874                hi2c1
 .bss.hrtc      0x00000000200008c8       0x14 ./Core/Src/main.o
                0x00000000200008c8                hrtc
 .bss.hspi1     0x00000000200008dc       0x58 ./Core/Src/main.o
                0x00000000200008dc                hspi1
 .bss.htim1     0x0000000020000934       0x48 ./Core/Src/main.o
                0x0000000020000934                htim1
 .bss.htim3     0x000000002000097c       0x48 ./Core/Src/main.o
                0x000000002000097c                htim3
 .bss.huart1    0x00000000200009c4       0x44 ./Core/Src/main.o
                0x00000000200009c4                huart1
 .bss.defaultTaskHandle
                0x0000000020000a08        0x4 ./Core/Src/main.o
                0x0000000020000a08                defaultTaskHandle
 .bss.Handler_Lectura
                0x0000000020000a0c        0x4 ./Core/Src/main.o
                0x0000000020000a0c                Handler_Lectura
 .bss.Handler_Sensores
                0x0000000020000a10        0x4 ./Core/Src/main.o
                0x0000000020000a10                Handler_Sensores
 .bss.Handler_Anafe
                0x0000000020000a14        0x4 ./Core/Src/main.o
                0x0000000020000a14                Handler_Anafe
 .bss.Handler_Timer
                0x0000000020000a18        0x4 ./Core/Src/main.o
                0x0000000020000a18                Handler_Timer
 .bss.Handler_Timer2